Archive member included to satisfy reference by file (symbol)

e:/toolchains/gcc-arm-none-eabi-10.3-2021.10/bin/../lib/gcc/arm-none-eabi/10.3.1/thumb/v6-m/nofp\libgcc.a(_thumb1_case_sqi.o)
                              CMakeFiles/Firmware.elf.dir/Drivers/STM32F0xx_HAL_Driver/Src/stm32f0xx_hal_uart.c.obj (__gnu_thumb1_case_sqi)
e:/toolchains/gcc-arm-none-eabi-10.3-2021.10/bin/../lib/gcc/arm-none-eabi/10.3.1/thumb/v6-m/nofp\libgcc.a(_thumb1_case_uqi.o)
                              CMakeFiles/Firmware.elf.dir/Drivers/STM32F0xx_HAL_Driver/Src/stm32f0xx_hal_dma.c.obj (__gnu_thumb1_case_uqi)
e:/toolchains/gcc-arm-none-eabi-10.3-2021.10/bin/../lib/gcc/arm-none-eabi/10.3.1/thumb/v6-m/nofp\libgcc.a(_udivsi3.o)
                              CMakeFiles/Firmware.elf.dir/Drivers/STM32F0xx_HAL_Driver/Src/stm32f0xx_hal.c.obj (__aeabi_uidiv)
e:/toolchains/gcc-arm-none-eabi-10.3-2021.10/bin/../lib/gcc/arm-none-eabi/10.3.1/thumb/v6-m/nofp\libgcc.a(_divsi3.o)
                              CMakeFiles/Firmware.elf.dir/Drivers/STM32F0xx_HAL_Driver/Src/stm32f0xx_hal.c.obj (__aeabi_idiv)
e:/toolchains/gcc-arm-none-eabi-10.3-2021.10/bin/../lib/gcc/arm-none-eabi/10.3.1/thumb/v6-m/nofp\libgcc.a(_dvmd_tls.o)
                              e:/toolchains/gcc-arm-none-eabi-10.3-2021.10/bin/../lib/gcc/arm-none-eabi/10.3.1/thumb/v6-m/nofp\libgcc.a(_udivsi3.o) (__aeabi_idiv0)
e:/toolchains/gcc-arm-none-eabi-10.3-2021.10/bin/../lib/gcc/arm-none-eabi/10.3.1/thumb/v6-m/nofp\libgcc.a(_lshrdi3.o)
                              CMakeFiles/Firmware.elf.dir/Drivers/STM32F0xx_HAL_Driver/Src/stm32f0xx_hal_flash.c.obj (__aeabi_llsr)
e:/toolchains/gcc-arm-none-eabi-10.3-2021.10/bin/../lib/gcc/arm-none-eabi/10.3.1/thumb/v6-m/nofp\libgcc.a(_arm_cmpsf2.o)
                              CMakeFiles/Firmware.elf.dir/APP/PID.c.obj (__aeabi_fcmplt)
e:/toolchains/gcc-arm-none-eabi-10.3-2021.10/bin/../lib/gcc/arm-none-eabi/10.3.1/thumb/v6-m/nofp\libgcc.a(addsf3.o)
                              CMakeFiles/Firmware.elf.dir/APP/PID.c.obj (__aeabi_fadd)
e:/toolchains/gcc-arm-none-eabi-10.3-2021.10/bin/../lib/gcc/arm-none-eabi/10.3.1/thumb/v6-m/nofp\libgcc.a(divsf3.o)
                              CMakeFiles/Firmware.elf.dir/BSP/Encoder.c.obj (__aeabi_fdiv)
e:/toolchains/gcc-arm-none-eabi-10.3-2021.10/bin/../lib/gcc/arm-none-eabi/10.3.1/thumb/v6-m/nofp\libgcc.a(eqsf2.o)
                              e:/toolchains/gcc-arm-none-eabi-10.3-2021.10/bin/../lib/gcc/arm-none-eabi/10.3.1/thumb/v6-m/nofp\libgcc.a(_arm_cmpsf2.o) (__eqsf2)
e:/toolchains/gcc-arm-none-eabi-10.3-2021.10/bin/../lib/gcc/arm-none-eabi/10.3.1/thumb/v6-m/nofp\libgcc.a(gesf2.o)
                              e:/toolchains/gcc-arm-none-eabi-10.3-2021.10/bin/../lib/gcc/arm-none-eabi/10.3.1/thumb/v6-m/nofp\libgcc.a(_arm_cmpsf2.o) (__gesf2)
e:/toolchains/gcc-arm-none-eabi-10.3-2021.10/bin/../lib/gcc/arm-none-eabi/10.3.1/thumb/v6-m/nofp\libgcc.a(lesf2.o)
                              e:/toolchains/gcc-arm-none-eabi-10.3-2021.10/bin/../lib/gcc/arm-none-eabi/10.3.1/thumb/v6-m/nofp\libgcc.a(_arm_cmpsf2.o) (__lesf2)
e:/toolchains/gcc-arm-none-eabi-10.3-2021.10/bin/../lib/gcc/arm-none-eabi/10.3.1/thumb/v6-m/nofp\libgcc.a(mulsf3.o)
                              CMakeFiles/Firmware.elf.dir/APP/PID.c.obj (__aeabi_fmul)
e:/toolchains/gcc-arm-none-eabi-10.3-2021.10/bin/../lib/gcc/arm-none-eabi/10.3.1/thumb/v6-m/nofp\libgcc.a(subsf3.o)
                              CMakeFiles/Firmware.elf.dir/APP/PID.c.obj (__aeabi_fsub)
e:/toolchains/gcc-arm-none-eabi-10.3-2021.10/bin/../lib/gcc/arm-none-eabi/10.3.1/thumb/v6-m/nofp\libgcc.a(fixsfsi.o)
                              CMakeFiles/Firmware.elf.dir/APP/PID.c.obj (__aeabi_f2iz)
e:/toolchains/gcc-arm-none-eabi-10.3-2021.10/bin/../lib/gcc/arm-none-eabi/10.3.1/thumb/v6-m/nofp\libgcc.a(floatsisf.o)
                              CMakeFiles/Firmware.elf.dir/APP/PID.c.obj (__aeabi_i2f)
e:/toolchains/gcc-arm-none-eabi-10.3-2021.10/bin/../lib/gcc/arm-none-eabi/10.3.1/thumb/v6-m/nofp\libgcc.a(floatunsisf.o)
                              CMakeFiles/Firmware.elf.dir/BSP/Encoder.c.obj (__aeabi_ui2f)
e:/toolchains/gcc-arm-none-eabi-10.3-2021.10/bin/../lib/gcc/arm-none-eabi/10.3.1/thumb/v6-m/nofp\libgcc.a(_clzsi2.o)
                              e:/toolchains/gcc-arm-none-eabi-10.3-2021.10/bin/../lib/gcc/arm-none-eabi/10.3.1/thumb/v6-m/nofp\libgcc.a(addsf3.o) (__clzsi2)
e:/toolchains/gcc-arm-none-eabi-10.3-2021.10/bin/../lib/gcc/arm-none-eabi/10.3.1/../../../../arm-none-eabi/lib/thumb/v6-m/nofp\libc.a(lib_a-errno.o)
                              CMakeFiles/Firmware.elf.dir/BSP/Retarget.c.obj (__errno)
e:/toolchains/gcc-arm-none-eabi-10.3-2021.10/bin/../lib/gcc/arm-none-eabi/10.3.1/../../../../arm-none-eabi/lib/thumb/v6-m/nofp\libc.a(lib_a-exit.o)
                              e:/toolchains/gcc-arm-none-eabi-10.3-2021.10/bin/../lib/gcc/arm-none-eabi/10.3.1/../../../../arm-none-eabi/lib/thumb/v6-m/nofp/crt0.o (exit)
[...]
Memory Configuration

Name             Origin             Length             Attributes
RAM              0x20000000         0x00001000         xrw
FLASH            0x08000000         0x00004000         xr
*default*        0x00000000         0xffffffff

Linker script and memory map

LOAD e:/toolchains/gcc-arm-none-eabi-10.3-2021.10/bin/../lib/gcc/arm-none-eabi/10.3.1/thumb/v6-m/nofp/crti.o
LOAD e:/toolchains/gcc-arm-none-eabi-10.3-2021.10/bin/../lib/gcc/arm-none-eabi/10.3.1/thumb/v6-m/nofp/crtbegin.o
LOAD e:/toolchains/gcc-arm-none-eabi-10.3-2021.10/bin/../lib/gcc/arm-none-eabi/10.3.1/../../../../arm-none-eabi/lib/thumb/v6-m/nofp/crt0.o
LOAD CMakeFiles/Firmware.elf.dir/APP/PID.c.obj
LOAD CMakeFiles/Firmware.elf.dir/APP/Position_Ctrl.c.obj
LOAD CMakeFiles/Firmware.elf.dir/BSP/Capture.c.obj
LOAD CMakeFiles/Firmware.elf.dir/BSP/Encoder.c.obj
LOAD CMakeFiles/Firmware.elf.dir/BSP/Klicky.c.obj
LOAD CMakeFiles/Firmware.elf.dir/BSP/LED.c.obj
LOAD CMakeFiles/Firmware.elf.dir/BSP/Motor.c.obj
LOAD CMakeFiles/Firmware.elf.dir/BSP/Retarget.c.obj
LOAD CMakeFiles/Firmware.elf.dir/Drivers/STM32F0xx_HAL_Driver/Src/stm32f0xx_hal.c.obj
LOAD CMakeFiles/Firmware.elf.dir/Drivers/STM32F0xx_HAL_Driver/Src/stm32f0xx_hal_cortex.c.obj
LOAD CMakeFiles/Firmware.elf.dir/Drivers/STM32F0xx_HAL_Driver/Src/stm32f0xx_hal_dma.c.obj
LOAD CMakeFiles/Firmware.elf.dir/Drivers/STM32F0xx_HAL_Driver/Src/stm32f0xx_hal_exti.c.obj
LOAD CMakeFiles/Firmware.elf.dir/Drivers/STM32F0xx_HAL_Driver/Src/stm32f0xx_hal_flash.c.obj
LOAD CMakeFiles/Firmware.elf.dir/Drivers/STM32F0xx_HAL_Driver/Src/stm32f0xx_hal_flash_ex.c.obj
LOAD CMakeFiles/Firmware.elf.dir/Drivers/STM32F0xx_HAL_Driver/Src/stm32f0xx_hal_gpio.c.obj
LOAD CMakeFiles/Firmware.elf.dir/Drivers/STM32F0xx_HAL_Driver/Src/stm32f0xx_hal_i2c.c.obj
LOAD CMakeFiles/Firmware.elf.dir/Drivers/STM32F0xx_HAL_Driver/Src/stm32f0xx_hal_i2c_ex.c.obj
LOAD CMakeFiles/Firmware.elf.dir/Drivers/STM32F0xx_HAL_Driver/Src/stm32f0xx_hal_pwr.c.obj
LOAD CMakeFiles/Firmware.elf.dir/Drivers/STM32F0xx_HAL_Driver/Src/stm32f0xx_hal_pwr_ex.c.obj
LOAD CMakeFiles/Firmware.elf.dir/Drivers/STM32F0xx_HAL_Driver/Src/stm32f0xx_hal_rcc.c.obj
LOAD CMakeFiles/Firmware.elf.dir/Drivers/STM32F0xx_HAL_Driver/Src/stm32f0xx_hal_rcc_ex.c.obj
LOAD CMakeFiles/Firmware.elf.dir/Drivers/STM32F0xx_HAL_Driver/Src/stm32f0xx_hal_tim.c.obj
LOAD CMakeFiles/Firmware.elf.dir/Drivers/STM32F0xx_HAL_Driver/Src/stm32f0xx_hal_tim_ex.c.obj
LOAD CMakeFiles/Firmware.elf.dir/Drivers/STM32F0xx_HAL_Driver/Src/stm32f0xx_hal_uart.c.obj
LOAD CMakeFiles/Firmware.elf.dir/Drivers/STM32F0xx_HAL_Driver/Src/stm32f0xx_hal_uart_ex.c.obj
LOAD CMakeFiles/Firmware.elf.dir/Src/gpio.c.obj
LOAD CMakeFiles/Firmware.elf.dir/Src/main.c.obj
LOAD CMakeFiles/Firmware.elf.dir/Src/stm32f0xx_hal_msp.c.obj
LOAD CMakeFiles/Firmware.elf.dir/Src/stm32f0xx_it.c.obj
LOAD CMakeFiles/Firmware.elf.dir/Src/syscalls.c.obj
LOAD CMakeFiles/Firmware.elf.dir/Src/sysmem.c.obj
LOAD CMakeFiles/Firmware.elf.dir/Src/system_stm32f0xx.c.obj
LOAD CMakeFiles/Firmware.elf.dir/Src/tim.c.obj
LOAD CMakeFiles/Firmware.elf.dir/Src/usart.c.obj
LOAD CMakeFiles/Firmware.elf.dir/Startup/startup_stm32f030f4px.s.obj
START GROUP
LOAD e:/toolchains/gcc-arm-none-eabi-10.3-2021.10/bin/../lib/gcc/arm-none-eabi/10.3.1/thumb/v6-m/nofp\libgcc.a
LOAD e:/toolchains/gcc-arm-none-eabi-10.3-2021.10/bin/../lib/gcc/arm-none-eabi/10.3.1/../../../../arm-none-eabi/lib/thumb/v6-m/nofp\libc.a
END GROUP
LOAD e:/toolchains/gcc-arm-none-eabi-10.3-2021.10/bin/../lib/gcc/arm-none-eabi/10.3.1/thumb/v6-m/nofp/crtend.o
LOAD e:/toolchains/gcc-arm-none-eabi-10.3-2021.10/bin/../lib/gcc/arm-none-eabi/10.3.1/thumb/v6-m/nofp/crtn.o
                0x20001000                _estack = (ORIGIN (RAM) + LENGTH (RAM))
                0x00000200                _Min_Heap_Size = 0x200
                0x00000400                _Min_Stack_Size = 0x400

.isr_vector     0x08000000       0xc0
                0x08000000                . = ALIGN (0x4)
 *(.isr_vector)
 .isr_vector    0x08000000       0xc0 CMakeFiles/Firmware.elf.dir/Startup/startup_stm32f030f4px.s.obj
                0x08000000                g_pfnVectors
                0x080000c0                . = ALIGN (0x4)

.text           0x080000c0     0x3a78
                0x080000c0                . = ALIGN (0x4)
 *(.text)
 .text          0x080000c0       0x48 e:/toolchains/gcc-arm-none-eabi-10.3-2021.10/bin/../lib/gcc/arm-none-eabi/10.3.1/thumb/v6-m/nofp/crtbegin.o
 .text          0x08000108       0x14 e:/toolchains/gcc-arm-none-eabi-10.3-2021.10/bin/../lib/gcc/arm-none-eabi/10.3.1/thumb/v6-m/nofp\libgcc.a(_thumb1_case_sqi.o)
                0x08000108                __gnu_thumb1_case_sqi
 .text          0x0800011c       0x14 e:/toolchains/gcc-arm-none-eabi-10.3-2021.10/bin/../lib/gcc/arm-none-eabi/10.3.1/thumb/v6-m/nofp\libgcc.a(_thumb1_case_uqi.o)
                0x0800011c                __gnu_thumb1_case_uqi
 .text          0x08000130      0x114 e:/toolchains/gcc-arm-none-eabi-10.3-2021.10/bin/../lib/gcc/arm-none-eabi/10.3.1/thumb/v6-m/nofp\libgcc.a(_udivsi3.o)
                0x08000130                __aeabi_uidiv
                0x08000130                __udivsi3
                0x0800023c                __aeabi_uidivmod
 .text          0x08000244        0x4 e:/toolchains/gcc-arm-none-eabi-10.3-2021.10/bin/../lib/gcc/arm-none-eabi/10.3.1/thumb/v6-m/nofp\libgcc.a(_dvmd_tls.o)
                0x08000244                __aeabi_idiv0
                0x08000244                __aeabi_ldiv0
 .text          0x08000248      0x230 e:/toolchains/gcc-arm-none-eabi-10.3-2021.10/bin/../lib/gcc/arm-none-eabi/10.3.1/thumb/v6-m/nofp\libgcc.a(divsf3.o)
                0x08000248                __aeabi_fdiv
 .text          0x08000478       0x9c e:/toolchains/gcc-arm-none-eabi-10.3-2021.10/bin/../lib/gcc/arm-none-eabi/10.3.1/thumb/v6-m/nofp\libgcc.a(floatsisf.o)
                0x08000478                __aeabi_i2f
 .text          0x08000514       0x84 e:/toolchains/gcc-arm-none-eabi-10.3-2021.10/bin/../lib/gcc/arm-none-eabi/10.3.1/thumb/v6-m/nofp\libgcc.a(floatunsisf.o)
                0x08000514                __aeabi_ui2f
 .text          0x08000598       0x3c e:/toolchains/gcc-arm-none-eabi-10.3-2021.10/bin/../lib/gcc/arm-none-eabi/10.3.1/thumb/v6-m/nofp\libgcc.a(_clzsi2.o)
                0x08000598                __clzsi2
 *(.text*)
 .text.pidParamInit
                0x080005d4       0x38 CMakeFiles/Firmware.elf.dir/APP/PID.c.obj
                0x080005d4                pidParamInit
 .text.encoderInit
                0x0800060c       0x50 CMakeFiles/Firmware.elf.dir/BSP/Encoder.c.obj
                0x0800060c                encoderInit
 .text.calcuateSpeed
                0x0800065c       0x60 CMakeFiles/Firmware.elf.dir/BSP/Encoder.c.obj
                0x0800065c                calcuateSpeed
 .text.motorInit
                0x080006bc       0x48 CMakeFiles/Firmware.elf.dir/BSP/Motor.c.obj
                0x080006bc                motorInit
 .text.setMotorDirection
                0x08000704       0x26 CMakeFiles/Firmware.elf.dir/BSP/Motor.c.obj
                0x08000704                setMotorDirection
 *fill*         0x0800072a        0x2 
 .text.RetargetInit
                0x0800072c       0x20 CMakeFiles/Firmware.elf.dir/BSP/Retarget.c.obj
                0x0800072c                RetargetInit
 .text._write   0x0800074c       0x34 CMakeFiles/Firmware.elf.dir/BSP/Retarget.c.obj
                0x0800074c                _write
 .text._close   0x08000780       0x16 CMakeFiles/Firmware.elf.dir/BSP/Retarget.c.obj
                0x08000780                _close
 .text._lseek   0x08000796       0x10 CMakeFiles/Firmware.elf.dir/BSP/Retarget.c.obj
                0x08000796                _lseek
 *fill*         0x080007a6        0x2 
 .text._read    0x080007a8       0x30 CMakeFiles/Firmware.elf.dir/BSP/Retarget.c.obj
                0x080007a8                _read
 .text._fstat   0x080007d8       0x1a CMakeFiles/Firmware.elf.dir/BSP/Retarget.c.obj
                0x080007d8                _fstat
 *fill*         0x080007f2        0x2 
 .text.HAL_InitTick
                0x080007f4       0x48 CMakeFiles/Firmware.elf.dir/Drivers/STM32F0xx_HAL_Driver/Src/stm32f0xx_hal.c.obj
                0x080007f4                HAL_InitTick
 .text.HAL_Init
                0x0800083c       0x20 CMakeFiles/Firmware.elf.dir/Drivers/STM32F0xx_HAL_Driver/Src/stm32f0xx_hal.c.obj
                0x0800083c                HAL_Init
 .text.HAL_IncTick
                0x0800085c       0x18 CMakeFiles/Firmware.elf.dir/Drivers/STM32F0xx_HAL_Driver/Src/stm32f0xx_hal.c.obj
                0x0800085c                HAL_IncTick
 .text.HAL_GetTick
                0x08000874        0xc CMakeFiles/Firmware.elf.dir/Drivers/STM32F0xx_HAL_Driver/Src/stm32f0xx_hal.c.obj
                0x08000874                HAL_GetTick
 .text.HAL_NVIC_SetPriority
                0x08000880       0x54 CMakeFiles/Firmware.elf.dir/Drivers/STM32F0xx_HAL_Driver/Src/stm32f0xx_hal_cortex.c.obj
                0x08000880                HAL_NVIC_SetPriority
 .text.HAL_NVIC_EnableIRQ
                0x080008d4       0x18 CMakeFiles/Firmware.elf.dir/Drivers/STM32F0xx_HAL_Driver/Src/stm32f0xx_hal_cortex.c.obj
                0x080008d4                HAL_NVIC_EnableIRQ
 .text.HAL_SYSTICK_Config
                0x080008ec       0x34 CMakeFiles/Firmware.elf.dir/Drivers/STM32F0xx_HAL_Driver/Src/stm32f0xx_hal_cortex.c.obj
                0x080008ec                HAL_SYSTICK_Config
 .text.HAL_GPIO_Init
                0x08000920      0x16c CMakeFiles/Firmware.elf.dir/Drivers/STM32F0xx_HAL_Driver/Src/stm32f0xx_hal_gpio.c.obj
                0x08000920                HAL_GPIO_Init
 .text.HAL_GPIO_WritePin
                0x08000a8c        0xc CMakeFiles/Firmware.elf.dir/Drivers/STM32F0xx_HAL_Driver/Src/stm32f0xx_hal_gpio.c.obj
                0x08000a8c                HAL_GPIO_WritePin
 .text.HAL_RCC_OscConfig
                0x08000a98      0x400 CMakeFiles/Firmware.elf.dir/Drivers/STM32F0xx_HAL_Driver/Src/stm32f0xx_hal_rcc.c.obj
                0x08000a98                HAL_RCC_OscConfig
 .text.HAL_RCC_GetSysClockFreq
                0x08000e98       0x4c CMakeFiles/Firmware.elf.dir/Drivers/STM32F0xx_HAL_Driver/Src/stm32f0xx_hal_rcc.c.obj
                0x08000e98                HAL_RCC_GetSysClockFreq
 .text.HAL_RCC_ClockConfig
                0x08000ee4      0x108 CMakeFiles/Firmware.elf.dir/Drivers/STM32F0xx_HAL_Driver/Src/stm32f0xx_hal_rcc.c.obj
                0x08000ee4                HAL_RCC_ClockConfig
 .text.HAL_RCC_GetPCLK1Freq
                0x08000fec       0x20 CMakeFiles/Firmware.elf.dir/Drivers/STM32F0xx_HAL_Driver/Src/stm32f0xx_hal_rcc.c.obj
                0x08000fec                HAL_RCC_GetPCLK1Freq
 .text.HAL_RCCEx_PeriphCLKConfig
                0x0800100c      0x10c CMakeFiles/Firmware.elf.dir/Drivers/STM32F0xx_HAL_Driver/Src/stm32f0xx_hal_rcc_ex.c.obj
                0x0800100c                HAL_RCCEx_PeriphCLKConfig
 .text.TIM_OC1_SetConfig
                0x08001118       0x78 CMakeFiles/Firmware.elf.dir/Drivers/STM32F0xx_HAL_Driver/Src/stm32f0xx_hal_tim.c.obj
 .text.TIM_OC3_SetConfig
                0x08001190       0x80 CMakeFiles/Firmware.elf.dir/Drivers/STM32F0xx_HAL_Driver/Src/stm32f0xx_hal_tim.c.obj
 .text.TIM_OC4_SetConfig
                0x08001210       0x68 CMakeFiles/Firmware.elf.dir/Drivers/STM32F0xx_HAL_Driver/Src/stm32f0xx_hal_tim.c.obj
 .text.HAL_TIM_Base_Start_IT
                0x08001278       0x50 CMakeFiles/Firmware.elf.dir/Drivers/STM32F0xx_HAL_Driver/Src/stm32f0xx_hal_tim.c.obj
                0x08001278                HAL_TIM_Base_Start_IT
 .text.HAL_TIM_PWM_MspInit
                0x080012c8        0x2 CMakeFiles/Firmware.elf.dir/Drivers/STM32F0xx_HAL_Driver/Src/stm32f0xx_hal_tim.c.obj
                0x080012c8                HAL_TIM_PWM_MspInit
 .text.HAL_TIM_IC_MspInit
                0x080012ca        0x2 CMakeFiles/Firmware.elf.dir/Drivers/STM32F0xx_HAL_Driver/Src/stm32f0xx_hal_tim.c.obj
                0x080012ca                HAL_TIM_IC_MspInit
 .text.HAL_TIM_Encoder_Start
                0x080012cc       0xc2 CMakeFiles/Firmware.elf.dir/Drivers/STM32F0xx_HAL_Driver/Src/stm32f0xx_hal_tim.c.obj
                0x080012cc                HAL_TIM_Encoder_Start
 .text.HAL_TIM_OC_DelayElapsedCallback
                0x0800138e        0x2 CMakeFiles/Firmware.elf.dir/Drivers/STM32F0xx_HAL_Driver/Src/stm32f0xx_hal_tim.c.obj
                0x0800138e                HAL_TIM_OC_DelayElapsedCallback
 .text.HAL_TIM_IC_CaptureCallback
                0x08001390        0x2 CMakeFiles/Firmware.elf.dir/Drivers/STM32F0xx_HAL_Driver/Src/stm32f0xx_hal_tim.c.obj
                0x08001390                HAL_TIM_IC_CaptureCallback
 .text.HAL_TIM_PWM_PulseFinishedCallback
                0x08001392        0x2 CMakeFiles/Firmware.elf.dir/Drivers/STM32F0xx_HAL_Driver/Src/stm32f0xx_hal_tim.c.obj
                0x08001392                HAL_TIM_PWM_PulseFinishedCallback
 .text.HAL_TIM_TriggerCallback
                0x08001394        0x2 CMakeFiles/Firmware.elf.dir/Drivers/STM32F0xx_HAL_Driver/Src/stm32f0xx_hal_tim.c.obj
                0x08001394                HAL_TIM_TriggerCallback
 .text.HAL_TIM_IRQHandler
                0x08001396      0x138 CMakeFiles/Firmware.elf.dir/Drivers/STM32F0xx_HAL_Driver/Src/stm32f0xx_hal_tim.c.obj
                0x08001396                HAL_TIM_IRQHandler
 *fill*         0x080014ce        0x2 
 .text.TIM_Base_SetConfig
                0x080014d0       0x8c CMakeFiles/Firmware.elf.dir/Drivers/STM32F0xx_HAL_Driver/Src/stm32f0xx_hal_tim.c.obj
                0x080014d0                TIM_Base_SetConfig
 .text.HAL_TIM_Base_Init
                0x0800155c       0x50 CMakeFiles/Firmware.elf.dir/Drivers/STM32F0xx_HAL_Driver/Src/stm32f0xx_hal_tim.c.obj
                0x0800155c                HAL_TIM_Base_Init
 .text.HAL_TIM_PWM_Init
                0x080015ac       0x50 CMakeFiles/Firmware.elf.dir/Drivers/STM32F0xx_HAL_Driver/Src/stm32f0xx_hal_tim.c.obj
                0x080015ac                HAL_TIM_PWM_Init
 .text.HAL_TIM_IC_Init
                0x080015fc       0x50 CMakeFiles/Firmware.elf.dir/Drivers/STM32F0xx_HAL_Driver/Src/stm32f0xx_hal_tim.c.obj
                0x080015fc                HAL_TIM_IC_Init
 .text.HAL_TIM_Encoder_Init
                0x0800164c       0xac CMakeFiles/Firmware.elf.dir/Drivers/STM32F0xx_HAL_Driver/Src/stm32f0xx_hal_tim.c.obj
                0x0800164c                HAL_TIM_Encoder_Init
 .text.TIM_OC2_SetConfig
                0x080016f8       0x78 CMakeFiles/Firmware.elf.dir/Drivers/STM32F0xx_HAL_Driver/Src/stm32f0xx_hal_tim.c.obj
                0x080016f8                TIM_OC2_SetConfig
 .text.HAL_TIM_PWM_ConfigChannel
                0x08001770       0xbc CMakeFiles/Firmware.elf.dir/Drivers/STM32F0xx_HAL_Driver/Src/stm32f0xx_hal_tim.c.obj
                0x08001770                HAL_TIM_PWM_ConfigChannel
 .text.TIM_TI1_SetConfig
                0x0800182c       0x48 CMakeFiles/Firmware.elf.dir/Drivers/STM32F0xx_HAL_Driver/Src/stm32f0xx_hal_tim.c.obj
                0x0800182c                TIM_TI1_SetConfig
 .text.HAL_TIM_IC_ConfigChannel
                0x08001874      0x150 CMakeFiles/Firmware.elf.dir/Drivers/STM32F0xx_HAL_Driver/Src/stm32f0xx_hal_tim.c.obj
                0x08001874                HAL_TIM_IC_ConfigChannel
 .text.TIM_ETR_SetConfig
                0x080019c4       0x18 CMakeFiles/Firmware.elf.dir/Drivers/STM32F0xx_HAL_Driver/Src/stm32f0xx_hal_tim.c.obj
                0x080019c4                TIM_ETR_SetConfig
 .text.HAL_TIM_ConfigClockSource
                0x080019dc      0x14c CMakeFiles/Firmware.elf.dir/Drivers/STM32F0xx_HAL_Driver/Src/stm32f0xx_hal_tim.c.obj
                0x080019dc                HAL_TIM_ConfigClockSource
 .text.TIM_CCxChannelCmd
                0x08001b28       0x1a CMakeFiles/Firmware.elf.dir/Drivers/STM32F0xx_HAL_Driver/Src/stm32f0xx_hal_tim.c.obj
                0x08001b28                TIM_CCxChannelCmd
 *fill*         0x08001b42        0x2 
 .text.HAL_TIM_OC_Start
                0x08001b44       0xbc CMakeFiles/Firmware.elf.dir/Drivers/STM32F0xx_HAL_Driver/Src/stm32f0xx_hal_tim.c.obj
                0x08001b44                HAL_TIM_OC_Start
 .text.HAL_TIM_PWM_Start
                0x08001c00        0x8 CMakeFiles/Firmware.elf.dir/Drivers/STM32F0xx_HAL_Driver/Src/stm32f0xx_hal_tim.c.obj
                0x08001c00                HAL_TIM_PWM_Start
 .text.HAL_TIMEx_MasterConfigSynchronization
                0x08001c08       0x50 CMakeFiles/Firmware.elf.dir/Drivers/STM32F0xx_HAL_Driver/Src/stm32f0xx_hal_tim_ex.c.obj
                0x08001c08                HAL_TIMEx_MasterConfigSynchronization
 .text.HAL_TIMEx_ConfigBreakDeadTime
                0x08001c58       0x64 CMakeFiles/Firmware.elf.dir/Drivers/STM32F0xx_HAL_Driver/Src/stm32f0xx_hal_tim_ex.c.obj
                0x08001c58                HAL_TIMEx_ConfigBreakDeadTime
 .text.HAL_TIMEx_CommutCallback
                0x08001cbc        0x2 CMakeFiles/Firmware.elf.dir/Drivers/STM32F0xx_HAL_Driver/Src/stm32f0xx_hal_tim_ex.c.obj
                0x08001cbc                HAL_TIMEx_CommutCallback
 .text.HAL_TIMEx_BreakCallback
                0x08001cbe        0x2 CMakeFiles/Firmware.elf.dir/Drivers/STM32F0xx_HAL_Driver/Src/stm32f0xx_hal_tim_ex.c.obj
                0x08001cbe                HAL_TIMEx_BreakCallback
 .text.UART_EndRxTransfer
                0x08001cc0       0x5c CMakeFiles/Firmware.elf.dir/Drivers/STM32F0xx_HAL_Driver/Src/stm32f0xx_hal_uart.c.obj
 .text.UART_SetConfig
                0x08001d1c      0x118 CMakeFiles/Firmware.elf.dir/Drivers/STM32F0xx_HAL_Driver/Src/stm32f0xx_hal_uart.c.obj
                0x08001d1c                UART_SetConfig
 .text.UART_AdvFeatureConfig
                0x08001e34       0xd0 CMakeFiles/Firmware.elf.dir/Drivers/STM32F0xx_HAL_Driver/Src/stm32f0xx_hal_uart.c.obj
                0x08001e34                UART_AdvFeatureConfig
 .text.UART_WaitOnFlagUntilTimeout
                0x08001f04       0x92 CMakeFiles/Firmware.elf.dir/Drivers/STM32F0xx_HAL_Driver/Src/stm32f0xx_hal_uart.c.obj
                0x08001f04                UART_WaitOnFlagUntilTimeout
 .text.HAL_UART_Transmit
                0x08001f96       0xce CMakeFiles/Firmware.elf.dir/Drivers/STM32F0xx_HAL_Driver/Src/stm32f0xx_hal_uart.c.obj
                0x08001f96                HAL_UART_Transmit
 .text.HAL_UART_Receive
                0x08002064       0xf0 CMakeFiles/Firmware.elf.dir/Drivers/STM32F0xx_HAL_Driver/Src/stm32f0xx_hal_uart.c.obj
                0x08002064                HAL_UART_Receive
 .text.UART_CheckIdleState
                0x08002154       0xc4 CMakeFiles/Firmware.elf.dir/Drivers/STM32F0xx_HAL_Driver/Src/stm32f0xx_hal_uart.c.obj
                0x08002154                UART_CheckIdleState
 .text.HAL_UART_Init
                0x08002218       0x64 CMakeFiles/Firmware.elf.dir/Drivers/STM32F0xx_HAL_Driver/Src/stm32f0xx_hal_uart.c.obj
                0x08002218                HAL_UART_Init
 .text.MX_GPIO_Init
                0x0800227c       0xa4 CMakeFiles/Firmware.elf.dir/Src/gpio.c.obj
                0x0800227c                MX_GPIO_Init
 .text.SystemClock_Config
                0x08002320       0x76 CMakeFiles/Firmware.elf.dir/Src/main.c.obj
                0x08002320                SystemClock_Config
 *fill*         0x08002396        0x2 
 .text.startup.main
                0x08002398       0x3c CMakeFiles/Firmware.elf.dir/Src/main.c.obj
                0x08002398                main
 .text.Error_Handler
                0x080023d4        0x4 CMakeFiles/Firmware.elf.dir/Src/main.c.obj
                0x080023d4                Error_Handler
 .text.HAL_MspInit
                0x080023d8       0x30 CMakeFiles/Firmware.elf.dir/Src/stm32f0xx_hal_msp.c.obj
                0x080023d8                HAL_MspInit
 .text.NMI_Handler
                0x08002408        0x2 CMakeFiles/Firmware.elf.dir/Src/stm32f0xx_it.c.obj
                0x08002408                NMI_Handler
 .text.HardFault_Handler
                0x0800240a        0x2 CMakeFiles/Firmware.elf.dir/Src/stm32f0xx_it.c.obj
                0x0800240a                HardFault_Handler
 .text.SVC_Handler
                0x0800240c        0x2 CMakeFiles/Firmware.elf.dir/Src/stm32f0xx_it.c.obj
                0x0800240c                SVC_Handler
 .text.PendSV_Handler
                0x0800240e        0x2 CMakeFiles/Firmware.elf.dir/Src/stm32f0xx_it.c.obj
                0x0800240e                PendSV_Handler
 .text.SysTick_Handler
                0x08002410        0x8 CMakeFiles/Firmware.elf.dir/Src/stm32f0xx_it.c.obj
                0x08002410                SysTick_Handler
 .text.TIM1_BRK_UP_TRG_COM_IRQHandler
                0x08002418       0x10 CMakeFiles/Firmware.elf.dir/Src/stm32f0xx_it.c.obj
                0x08002418                TIM1_BRK_UP_TRG_COM_IRQHandler
 .text.TIM1_CC_IRQHandler
                0x08002428        0x8 CMakeFiles/Firmware.elf.dir/Src/stm32f0xx_it.c.obj
                0x08002428                TIM1_CC_IRQHandler
 .text.TIM17_IRQHandler
                0x08002430       0x10 CMakeFiles/Firmware.elf.dir/Src/stm32f0xx_it.c.obj
                0x08002430                TIM17_IRQHandler
 .text.HAL_TIM_PeriodElapsedCallback
                0x08002440       0x14 CMakeFiles/Firmware.elf.dir/Src/stm32f0xx_it.c.obj
                0x08002440                HAL_TIM_PeriodElapsedCallback
 .text._sbrk    0x08002454       0x40 CMakeFiles/Firmware.elf.dir/Src/sysmem.c.obj
                0x08002454                _sbrk
 .text.SystemInit
                0x08002494        0x2 CMakeFiles/Firmware.elf.dir/Src/system_stm32f0xx.c.obj
                0x08002494                SystemInit
 *fill*         0x08002496        0x2 
 .text.MX_TIM3_Init
                0x08002498       0x68 CMakeFiles/Firmware.elf.dir/Src/tim.c.obj
                0x08002498                MX_TIM3_Init
 .text.MX_TIM17_Init
                0x08002500       0x34 CMakeFiles/Firmware.elf.dir/Src/tim.c.obj
                0x08002500                MX_TIM17_Init
 .text.HAL_TIM_Base_MspInit
                0x08002534       0xac CMakeFiles/Firmware.elf.dir/Src/tim.c.obj
                0x08002534                HAL_TIM_Base_MspInit
 .text.HAL_TIM_Encoder_MspInit
                0x080025e0       0x5c CMakeFiles/Firmware.elf.dir/Src/tim.c.obj
                0x080025e0                HAL_TIM_Encoder_MspInit
 .text.HAL_TIM_MspPostInit
                0x0800263c       0x50 CMakeFiles/Firmware.elf.dir/Src/tim.c.obj
                0x0800263c                HAL_TIM_MspPostInit
 .text.MX_TIM1_Init
                0x0800268c      0x120 CMakeFiles/Firmware.elf.dir/Src/tim.c.obj
                0x0800268c                MX_TIM1_Init
 .text.MX_USART1_UART_Init
                0x080027ac       0x38 CMakeFiles/Firmware.elf.dir/Src/usart.c.obj
                0x080027ac                MX_USART1_UART_Init
 .text.HAL_UART_MspInit
                0x080027e4       0x64 CMakeFiles/Firmware.elf.dir/Src/usart.c.obj
                0x080027e4                HAL_UART_MspInit
 .text.Reset_Handler
                0x08002848       0x50 CMakeFiles/Firmware.elf.dir/Startup/startup_stm32f030f4px.s.obj
                0x08002848                Reset_Handler
 .text.Default_Handler
                0x08002898        0x2 CMakeFiles/Firmware.elf.dir/Startup/startup_stm32f030f4px.s.obj
                0x08002898                I2C1_IRQHandler
                0x08002898                SPI1_IRQHandler
                0x08002898                EXTI2_3_IRQHandler
                0x08002898                ADC1_IRQHandler
                0x08002898                RTC_IRQHandler
                0x08002898                TIM16_IRQHandler
                0x08002898                TIM3_IRQHandler
                0x08002898                EXTI4_15_IRQHandler
                0x08002898                RCC_IRQHandler
                0x08002898                DMA1_Channel1_IRQHandler
                0x08002898                Default_Handler
                0x08002898                TIM14_IRQHandler
                0x08002898                DMA1_Channel4_5_IRQHandler
                0x08002898                EXTI0_1_IRQHandler
                0x08002898                WWDG_IRQHandler
                0x08002898                DMA1_Channel2_3_IRQHandler
                0x08002898                FLASH_IRQHandler
                0x08002898                USART1_IRQHandler
 *fill*         0x0800289a        0x2 
 .text.__errno  0x0800289c        0xc e:/toolchains/gcc-arm-none-eabi-10.3-2021.10/bin/../lib/gcc/arm-none-eabi/10.3.1/../../../../arm-none-eabi/lib/thumb/v6-m/nofp\libc.a(lib_a-errno.o)
                0x0800289c                __errno
 .text.__libc_init_array
                0x080028a8       0x44 e:/toolchains/gcc-arm-none-eabi-10.3-2021.10/bin/../lib/gcc/arm-none-eabi/10.3.1/../../../../arm-none-eabi/lib/thumb/v6-m/nofp\libc.a(lib_a-init.o)
                0x080028a8                __libc_init_array
 .text.memcpy   0x080028ec       0xa4 e:/toolchains/gcc-arm-none-eabi-10.3-2021.10/bin/../lib/gcc/arm-none-eabi/10.3.1/../../../../arm-none-eabi/lib/thumb/v6-m/nofp\libc.a(lib_a-memcpy-stub.o)
                0x080028ec                memcpy
 .text.memset   0x08002990       0xa8 e:/toolchains/gcc-arm-none-eabi-10.3-2021.10/bin/../lib/gcc/arm-none-eabi/10.3.1/../../../../arm-none-eabi/lib/thumb/v6-m/nofp\libc.a(lib_a-memset.o)
                0x08002990                memset
 .text.setvbuf  0x08002a38      0x1bc e:/toolchains/gcc-arm-none-eabi-10.3-2021.10/bin/../lib/gcc/arm-none-eabi/10.3.1/../../../../arm-none-eabi/lib/thumb/v6-m/nofp\libc.a(lib_a-setvbuf.o)
                0x08002a38                setvbuf
 .text.startup.register_fini
                0x08002bf4       0x18 e:/toolchains/gcc-arm-none-eabi-10.3-2021.10/bin/../lib/gcc/arm-none-eabi/10.3.1/../../../../arm-none-eabi/lib/thumb/v6-m/nofp\libc.a(lib_a-__call_atexit.o)
 .text.atexit   0x08002c0c       0x10 e:/toolchains/gcc-arm-none-eabi-10.3-2021.10/bin/../lib/gcc/arm-none-eabi/10.3.1/../../../../arm-none-eabi/lib/thumb/v6-m/nofp\libc.a(lib_a-atexit.o)
                0x08002c0c                atexit
 .text.__sflush_r
                0x08002c1c      0x140 e:/toolchains/gcc-arm-none-eabi-10.3-2021.10/bin/../lib/gcc/arm-none-eabi/10.3.1/../../../../arm-none-eabi/lib/thumb/v6-m/nofp\libc.a(lib_a-fflush.o)
                0x08002c1c                __sflush_r
 .text._fflush_r
                0x08002d5c       0x6c e:/toolchains/gcc-arm-none-eabi-10.3-2021.10/bin/../lib/gcc/arm-none-eabi/10.3.1/../../../../arm-none-eabi/lib/thumb/v6-m/nofp\libc.a(lib_a-fflush.o)
                0x08002d5c                _fflush_r
 .text._cleanup_r
                0x08002dc8       0x10 e:/toolchains/gcc-arm-none-eabi-10.3-2021.10/bin/../lib/gcc/arm-none-eabi/10.3.1/../../../../arm-none-eabi/lib/thumb/v6-m/nofp\libc.a(lib_a-findfp.o)
                0x08002dc8                _cleanup_r
 .text.__sinit  0x08002dd8      0x120 e:/toolchains/gcc-arm-none-eabi-10.3-2021.10/bin/../lib/gcc/arm-none-eabi/10.3.1/../../../../arm-none-eabi/lib/thumb/v6-m/nofp\libc.a(lib_a-findfp.o)
                0x08002dd8                __sinit
 .text.__sfp_lock_acquire
                0x08002ef8       0x10 e:/toolchains/gcc-arm-none-eabi-10.3-2021.10/bin/../lib/gcc/arm-none-eabi/10.3.1/../../../../arm-none-eabi/lib/thumb/v6-m/nofp\libc.a(lib_a-findfp.o)
                0x08002ef8                __sfp_lock_acquire
 .text.__sfp_lock_release
                0x08002f08       0x10 e:/toolchains/gcc-arm-none-eabi-10.3-2021.10/bin/../lib/gcc/arm-none-eabi/10.3.1/../../../../arm-none-eabi/lib/thumb/v6-m/nofp\libc.a(lib_a-findfp.o)
                0x08002f08                __sfp_lock_release
 .text.__libc_fini_array
                0x08002f18       0x28 e:/toolchains/gcc-arm-none-eabi-10.3-2021.10/bin/../lib/gcc/arm-none-eabi/10.3.1/../../../../arm-none-eabi/lib/thumb/v6-m/nofp\libc.a(lib_a-fini.o)
                0x08002f18                __libc_fini_array
 .text._malloc_trim_r
                0x08002f40       0x9c e:/toolchains/gcc-arm-none-eabi-10.3-2021.10/bin/../lib/gcc/arm-none-eabi/10.3.1/../../../../arm-none-eabi/lib/thumb/v6-m/nofp\libc.a(lib_a-freer.o)
                0x08002f40                _malloc_trim_r
 .text._free_r  0x08002fdc      0x1c4 e:/toolchains/gcc-arm-none-eabi-10.3-2021.10/bin/../lib/gcc/arm-none-eabi/10.3.1/../../../../arm-none-eabi/lib/thumb/v6-m/nofp\libc.a(lib_a-freer.o)
                0x08002fdc                _free_r
 .text._fwalk_reent
                0x080031a0       0x48 e:/toolchains/gcc-arm-none-eabi-10.3-2021.10/bin/../lib/gcc/arm-none-eabi/10.3.1/../../../../arm-none-eabi/lib/thumb/v6-m/nofp\libc.a(lib_a-fwalk.o)
                0x080031a0                _fwalk_reent
 .text.__retarget_lock_init_recursive
                0x080031e8        0x4 e:/toolchains/gcc-arm-none-eabi-10.3-2021.10/bin/../lib/gcc/arm-none-eabi/10.3.1/../../../../arm-none-eabi/lib/thumb/v6-m/nofp\libc.a(lib_a-lock.o)
                0x080031e8                __retarget_lock_init_recursive
 .text.__retarget_lock_close_recursive
                0x080031ec        0x4 e:/toolchains/gcc-arm-none-eabi-10.3-2021.10/bin/../lib/gcc/arm-none-eabi/10.3.1/../../../../arm-none-eabi/lib/thumb/v6-m/nofp\libc.a(lib_a-lock.o)
                0x080031ec                __retarget_lock_close_recursive
 .text.__retarget_lock_acquire_recursive
                0x080031f0        0x4 e:/toolchains/gcc-arm-none-eabi-10.3-2021.10/bin/../lib/gcc/arm-none-eabi/10.3.1/../../../../arm-none-eabi/lib/thumb/v6-m/nofp\libc.a(lib_a-lock.o)
                0x080031f0                __retarget_lock_acquire_recursive
 .text.__retarget_lock_release_recursive
                0x080031f4        0x4 e:/toolchains/gcc-arm-none-eabi-10.3-2021.10/bin/../lib/gcc/arm-none-eabi/10.3.1/../../../../arm-none-eabi/lib/thumb/v6-m/nofp\libc.a(lib_a-lock.o)
                0x080031f4                __retarget_lock_release_recursive
 .text.__swhatbuf_r
                0x080031f8       0x60 e:/toolchains/gcc-arm-none-eabi-10.3-2021.10/bin/../lib/gcc/arm-none-eabi/10.3.1/../../../../arm-none-eabi/lib/thumb/v6-m/nofp\libc.a(lib_a-makebuf.o)
                0x080031f8                __swhatbuf_r
 .text.malloc   0x08003258       0x14 e:/toolchains/gcc-arm-none-eabi-10.3-2021.10/bin/../lib/gcc/arm-none-eabi/10.3.1/../../../../arm-none-eabi/lib/thumb/v6-m/nofp\libc.a(lib_a-malloc.o)
                0x08003258                malloc
 .text._malloc_r
                0x0800326c      0x584 e:/toolchains/gcc-arm-none-eabi-10.3-2021.10/bin/../lib/gcc/arm-none-eabi/10.3.1/../../../../arm-none-eabi/lib/thumb/v6-m/nofp\libc.a(lib_a-mallocr.o)
                0x0800326c                _malloc_r
 .text.__malloc_lock
                0x080037f0       0x10 e:/toolchains/gcc-arm-none-eabi-10.3-2021.10/bin/../lib/gcc/arm-none-eabi/10.3.1/../../../../arm-none-eabi/lib/thumb/v6-m/nofp\libc.a(lib_a-mlock.o)
                0x080037f0                __malloc_lock
 .text.__malloc_unlock
                0x08003800       0x10 e:/toolchains/gcc-arm-none-eabi-10.3-2021.10/bin/../lib/gcc/arm-none-eabi/10.3.1/../../../../arm-none-eabi/lib/thumb/v6-m/nofp\libc.a(lib_a-mlock.o)
                0x08003800                __malloc_unlock
 .text._sbrk_r  0x08003810       0x24 e:/toolchains/gcc-arm-none-eabi-10.3-2021.10/bin/../lib/gcc/arm-none-eabi/10.3.1/../../../../arm-none-eabi/lib/thumb/v6-m/nofp\libc.a(lib_a-sbrkr.o)
                0x08003810                _sbrk_r
 .text.__sread  0x08003834       0x28 e:/toolchains/gcc-arm-none-eabi-10.3-2021.10/bin/../lib/gcc/arm-none-eabi/10.3.1/../../../../arm-none-eabi/lib/thumb/v6-m/nofp\libc.a(lib_a-stdio.o)
                0x08003834                __sread
 .text.__swrite
                0x0800385c       0x40 e:/toolchains/gcc-arm-none-eabi-10.3-2021.10/bin/../lib/gcc/arm-none-eabi/10.3.1/../../../../arm-none-eabi/lib/thumb/v6-m/nofp\libc.a(lib_a-stdio.o)
                0x0800385c                __swrite
 .text.__sseek  0x0800389c       0x2c e:/toolchains/gcc-arm-none-eabi-10.3-2021.10/bin/../lib/gcc/arm-none-eabi/10.3.1/../../../../arm-none-eabi/lib/thumb/v6-m/nofp\libc.a(lib_a-stdio.o)
                0x0800389c                __sseek
 .text.__sclose
                0x080038c8        0xc e:/toolchains/gcc-arm-none-eabi-10.3-2021.10/bin/../lib/gcc/arm-none-eabi/10.3.1/../../../../arm-none-eabi/lib/thumb/v6-m/nofp\libc.a(lib_a-stdio.o)
                0x080038c8                __sclose
 .text._write_r
                0x080038d4       0x28 e:/toolchains/gcc-arm-none-eabi-10.3-2021.10/bin/../lib/gcc/arm-none-eabi/10.3.1/../../../../arm-none-eabi/lib/thumb/v6-m/nofp\libc.a(lib_a-writer.o)
                0x080038d4                _write_r
 .text.__register_exitproc
                0x080038fc       0xac e:/toolchains/gcc-arm-none-eabi-10.3-2021.10/bin/../lib/gcc/arm-none-eabi/10.3.1/../../../../arm-none-eabi/lib/thumb/v6-m/nofp\libc.a(lib_a-__atexit.o)
                0x080038fc                __register_exitproc
 .text._close_r
                0x080039a8       0x24 e:/toolchains/gcc-arm-none-eabi-10.3-2021.10/bin/../lib/gcc/arm-none-eabi/10.3.1/../../../../arm-none-eabi/lib/thumb/v6-m/nofp\libc.a(lib_a-closer.o)
                0x080039a8                _close_r
 .text._fclose_r
                0x080039cc       0xdc e:/toolchains/gcc-arm-none-eabi-10.3-2021.10/bin/../lib/gcc/arm-none-eabi/10.3.1/../../../../arm-none-eabi/lib/thumb/v6-m/nofp\libc.a(lib_a-fclose.o)
                0x080039cc                _fclose_r
 .text._fstat_r
                0x08003aa8       0x28 e:/toolchains/gcc-arm-none-eabi-10.3-2021.10/bin/../lib/gcc/arm-none-eabi/10.3.1/../../../../arm-none-eabi/lib/thumb/v6-m/nofp\libc.a(lib_a-fstatr.o)
                0x08003aa8                _fstat_r
 .text._lseek_r
                0x08003ad0       0x28 e:/toolchains/gcc-arm-none-eabi-10.3-2021.10/bin/../lib/gcc/arm-none-eabi/10.3.1/../../../../arm-none-eabi/lib/thumb/v6-m/nofp\libc.a(lib_a-lseekr.o)
                0x08003ad0                _lseek_r
 .text._read_r  0x08003af8       0x28 e:/toolchains/gcc-arm-none-eabi-10.3-2021.10/bin/../lib/gcc/arm-none-eabi/10.3.1/../../../../arm-none-eabi/lib/thumb/v6-m/nofp\libc.a(lib_a-readr.o)
                0x08003af8                _read_r
 *(.glue_7)
 .glue_7        0x08003b20        0x0 linker stubs
 *(.glue_7t)
 .glue_7t       0x08003b20        0x0 linker stubs
 *(.eh_frame)
 .eh_frame      0x08003b20        0x0 e:/toolchains/gcc-arm-none-eabi-10.3-2021.10/bin/../lib/gcc/arm-none-eabi/10.3.1/thumb/v6-m/nofp/crtbegin.o
 *(.init)
 .init          0x08003b20        0x4 e:/toolchains/gcc-arm-none-eabi-10.3-2021.10/bin/../lib/gcc/arm-none-eabi/10.3.1/thumb/v6-m/nofp/crti.o
                0x08003b20                _init
 .init          0x08003b24        0x8 e:/toolchains/gcc-arm-none-eabi-10.3-2021.10/bin/../lib/gcc/arm-none-eabi/10.3.1/thumb/v6-m/nofp/crtn.o
 *(.fini)
 .fini          0x08003b2c        0x4 e:/toolchains/gcc-arm-none-eabi-10.3-2021.10/bin/../lib/gcc/arm-none-eabi/10.3.1/thumb/v6-m/nofp/crti.o
                0x08003b2c                _fini
 .fini          0x08003b30        0x8 e:/toolchains/gcc-arm-none-eabi-10.3-2021.10/bin/../lib/gcc/arm-none-eabi/10.3.1/thumb/v6-m/nofp/crtn.o
                0x08003b38                . = ALIGN (0x4)
                0x08003b38                _etext = .

.vfp11_veneer   0x08003b38        0x0
 .vfp11_veneer  0x08003b38        0x0 linker stubs

.v4_bx          0x08003b38        0x0
 .v4_bx         0x08003b38        0x0 linker stubs

.iplt           0x08003b38        0x0
 .iplt          0x08003b38        0x0 e:/toolchains/gcc-arm-none-eabi-10.3-2021.10/bin/../lib/gcc/arm-none-eabi/10.3.1/thumb/v6-m/nofp/crtbegin.o

.rodata         0x08003b38       0xc0
                0x08003b38                . = ALIGN (0x4)
 *(.rodata)
 .rodata        0x08003b38       0x80 e:/toolchains/gcc-arm-none-eabi-10.3-2021.10/bin/../lib/gcc/arm-none-eabi/10.3.1/thumb/v6-m/nofp\libgcc.a(divsf3.o)
 *(.rodata*)
 .rodata.aPLLMULFactorTable.1
                0x08003bb8       0x10 CMakeFiles/Firmware.elf.dir/Drivers/STM32F0xx_HAL_Driver/Src/stm32f0xx_hal_rcc.c.obj
 .rodata.aPredivFactorTable.0
                0x08003bc8       0x10 CMakeFiles/Firmware.elf.dir/Drivers/STM32F0xx_HAL_Driver/Src/stm32f0xx_hal_rcc.c.obj
 .rodata.CSWTCH.58
                0x08003bd8        0x3 CMakeFiles/Firmware.elf.dir/Drivers/STM32F0xx_HAL_Driver/Src/stm32f0xx_hal_uart.c.obj
 .rodata.AHBPrescTable
                0x08003bdb       0x10 CMakeFiles/Firmware.elf.dir/Src/system_stm32f0xx.c.obj
                0x08003bdb                AHBPrescTable
 .rodata.APBPrescTable
                0x08003beb        0x8 CMakeFiles/Firmware.elf.dir/Src/system_stm32f0xx.c.obj
                0x08003beb                APBPrescTable
 *fill*         0x08003bf3        0x1 
 .rodata._global_impure_ptr
                0x08003bf4        0x4 e:/toolchains/gcc-arm-none-eabi-10.3-2021.10/bin/../lib/gcc/arm-none-eabi/10.3.1/../../../../arm-none-eabi/lib/thumb/v6-m/nofp\libc.a(lib_a-impure.o)
                0x08003bf4                _global_impure_ptr
                0x08003bf8                . = ALIGN (0x4)

.rel.dyn        0x08003bf8        0x0
 .rel.iplt      0x08003bf8        0x0 e:/toolchains/gcc-arm-none-eabi-10.3-2021.10/bin/../lib/gcc/arm-none-eabi/10.3.1/thumb/v6-m/nofp/crtbegin.o

.ARM.extab      0x08003bf8        0x0
                0x08003bf8                . = ALIGN (0x4)
 *(.ARM.extab* .gnu.linkonce.armextab.*)
                0x08003bf8                . = ALIGN (0x4)

.ARM            0x08003bf8        0x0
                0x08003bf8                . = ALIGN (0x4)
                0x08003bf8                __exidx_start = .
 *(.ARM.exidx*)
                0x08003bf8                __exidx_end = .
                0x08003bf8                . = ALIGN (0x4)

.preinit_array  0x08003bf8        0x0
                0x08003bf8                . = ALIGN (0x4)
                0x08003bf8                PROVIDE (__preinit_array_start = .)
 *(.preinit_array*)
                0x08003bf8                PROVIDE (__preinit_array_end = .)
                0x08003bf8                . = ALIGN (0x4)

.init_array     0x08003bf8        0x8
                0x08003bf8                . = ALIGN (0x4)
                0x08003bf8                PROVIDE (__init_array_start = .)
 *(SORT_BY_NAME(.init_array.*))
 .init_array.00000
                0x08003bf8        0x4 e:/toolchains/gcc-arm-none-eabi-10.3-2021.10/bin/../lib/gcc/arm-none-eabi/10.3.1/../../../../arm-none-eabi/lib/thumb/v6-m/nofp\libc.a(lib_a-__call_atexit.o)
 *(.init_array*)
 .init_array    0x08003bfc        0x4 e:/toolchains/gcc-arm-none-eabi-10.3-2021.10/bin/../lib/gcc/arm-none-eabi/10.3.1/thumb/v6-m/nofp/crtbegin.o
                0x08003c00                PROVIDE (__init_array_end = .)
                0x08003c00                . = ALIGN (0x4)

.fini_array     0x08003c00        0x4
                0x08003c00                . = ALIGN (0x4)
                0x08003c00                PROVIDE (__fini_array_start = .)
 *(SORT_BY_NAME(.fini_array.*))
 *(.fini_array*)
 .fini_array    0x08003c00        0x4 e:/toolchains/gcc-arm-none-eabi-10.3-2021.10/bin/../lib/gcc/arm-none-eabi/10.3.1/thumb/v6-m/nofp/crtbegin.o
                0x08003c04                PROVIDE (__fini_array_end = .)
                0x08003c04                . = ALIGN (0x4)
                0x08003c04                _sidata = LOADADDR (.data)

.data           0x20000000      0x84c load address 0x08003c04
                0x20000000                . = ALIGN (0x4)
                0x20000000                _sdata = .
 *(.data)
 *(.data*)
 .data.uwTickFreq
                0x20000000        0x1 CMakeFiles/Firmware.elf.dir/Drivers/STM32F0xx_HAL_Driver/Src/stm32f0xx_hal.c.obj
                0x20000000                uwTickFreq
 *fill*         0x20000001        0x3 
 .data.uwTickPrio
                0x20000004        0x4 CMakeFiles/Firmware.elf.dir/Drivers/STM32F0xx_HAL_Driver/Src/stm32f0xx_hal.c.obj
                0x20000004                uwTickPrio
 .data.SystemCoreClock
                0x20000008        0x4 CMakeFiles/Firmware.elf.dir/Src/system_stm32f0xx.c.obj
                0x20000008                SystemCoreClock
 .data._impure_ptr
                0x2000000c        0x4 e:/toolchains/gcc-arm-none-eabi-10.3-2021.10/bin/../lib/gcc/arm-none-eabi/10.3.1/../../../../arm-none-eabi/lib/thumb/v6-m/nofp\libc.a(lib_a-impure.o)
                0x2000000c                _impure_ptr
 .data.impure_data
                0x20000010      0x428 e:/toolchains/gcc-arm-none-eabi-10.3-2021.10/bin/../lib/gcc/arm-none-eabi/10.3.1/../../../../arm-none-eabi/lib/thumb/v6-m/nofp\libc.a(lib_a-impure.o)
 .data.__atexit_recursive_mutex
                0x20000438        0x4 e:/toolchains/gcc-arm-none-eabi-10.3-2021.10/bin/../lib/gcc/arm-none-eabi/10.3.1/../../../../arm-none-eabi/lib/thumb/v6-m/nofp\libc.a(lib_a-__call_atexit.o)
                0x20000438                __atexit_recursive_mutex
 .data.__malloc_av_
                0x2000043c      0x408 e:/toolchains/gcc-arm-none-eabi-10.3-2021.10/bin/../lib/gcc/arm-none-eabi/10.3.1/../../../../arm-none-eabi/lib/thumb/v6-m/nofp\libc.a(lib_a-mallocr.o)
                0x2000043c                __malloc_av_
 .data.__malloc_sbrk_base
                0x20000844        0x4 e:/toolchains/gcc-arm-none-eabi-10.3-2021.10/bin/../lib/gcc/arm-none-eabi/10.3.1/../../../../arm-none-eabi/lib/thumb/v6-m/nofp\libc.a(lib_a-mallocr.o)
                0x20000844                __malloc_sbrk_base
 .data.__malloc_trim_threshold
                0x20000848        0x4 e:/toolchains/gcc-arm-none-eabi-10.3-2021.10/bin/../lib/gcc/arm-none-eabi/10.3.1/../../../../arm-none-eabi/lib/thumb/v6-m/nofp\libc.a(lib_a-mallocr.o)
                0x20000848                __malloc_trim_threshold
 *(.RamFunc)
 *(.RamFunc*)
                0x2000084c                . = ALIGN (0x4)
                0x2000084c                _edata = .

.igot.plt       0x2000084c        0x0 load address 0x08004450
 .igot.plt      0x2000084c        0x0 e:/toolchains/gcc-arm-none-eabi-10.3-2021.10/bin/../lib/gcc/arm-none-eabi/10.3.1/thumb/v6-m/nofp/crtbegin.o
                0x2000084c                . = ALIGN (0x4)

.bss            0x2000084c      0x2a0 load address 0x08004450
                0x2000084c                _sbss = .
                0x2000084c                __bss_start__ = _sbss
 *(.bss)
 .bss           0x2000084c       0x1c e:/toolchains/gcc-arm-none-eabi-10.3-2021.10/bin/../lib/gcc/arm-none-eabi/10.3.1/thumb/v6-m/nofp/crtbegin.o
 *(.bss*)
 .bss.position_pid
                0x20000868       0x20 CMakeFiles/Firmware.elf.dir/APP/PID.c.obj
                0x20000868                position_pid
 .bss.n20_counter
                0x20000888       0x14 CMakeFiles/Firmware.elf.dir/BSP/Encoder.c.obj
                0x20000888                n20_counter
 .bss.n20_encoder
                0x2000089c       0x4c CMakeFiles/Firmware.elf.dir/BSP/Encoder.c.obj
                0x2000089c                n20_encoder
 .bss.n20_motor
                0x200008e8       0x50 CMakeFiles/Firmware.elf.dir/BSP/Motor.c.obj
                0x200008e8                n20_motor
 .bss.gHuart    0x20000938        0x4 CMakeFiles/Firmware.elf.dir/BSP/Retarget.c.obj
                0x20000938                gHuart
 .bss.uwTick    0x2000093c        0x4 CMakeFiles/Firmware.elf.dir/Drivers/STM32F0xx_HAL_Driver/Src/stm32f0xx_hal.c.obj
                0x2000093c                uwTick
 .bss.__sbrk_heap_end
                0x20000940        0x4 CMakeFiles/Firmware.elf.dir/Src/sysmem.c.obj
 .bss.htim1     0x20000944       0x48 CMakeFiles/Firmware.elf.dir/Src/tim.c.obj
                0x20000944                htim1
 .bss.htim17    0x2000098c       0x48 CMakeFiles/Firmware.elf.dir/Src/tim.c.obj
                0x2000098c                htim17
 .bss.htim3     0x200009d4       0x48 CMakeFiles/Firmware.elf.dir/Src/tim.c.obj
                0x200009d4                htim3
 .bss.huart1    0x20000a1c       0x88 CMakeFiles/Firmware.elf.dir/Src/usart.c.obj
                0x20000a1c                huart1
 .bss.__lock___atexit_recursive_mutex
                0x20000aa4        0x1 e:/toolchains/gcc-arm-none-eabi-10.3-2021.10/bin/../lib/gcc/arm-none-eabi/10.3.1/../../../../arm-none-eabi/lib/thumb/v6-m/nofp\libc.a(lib_a-lock.o)
                0x20000aa4                __lock___atexit_recursive_mutex
 *fill*         0x20000aa5        0x3 
 .bss.__lock___malloc_recursive_mutex
                0x20000aa8        0x1 e:/toolchains/gcc-arm-none-eabi-10.3-2021.10/bin/../lib/gcc/arm-none-eabi/10.3.1/../../../../arm-none-eabi/lib/thumb/v6-m/nofp\libc.a(lib_a-lock.o)
                0x20000aa8                __lock___malloc_recursive_mutex
 *fill*         0x20000aa9        0x3 
 .bss.__lock___sfp_recursive_mutex
                0x20000aac        0x1 e:/toolchains/gcc-arm-none-eabi-10.3-2021.10/bin/../lib/gcc/arm-none-eabi/10.3.1/../../../../arm-none-eabi/lib/thumb/v6-m/nofp\libc.a(lib_a-lock.o)
                0x20000aac                __lock___sfp_recursive_mutex
 *fill*         0x20000aad        0x3 
 .bss.__lock___sinit_recursive_mutex
                0x20000ab0        0x1 e:/toolchains/gcc-arm-none-eabi-10.3-2021.10/bin/../lib/gcc/arm-none-eabi/10.3.1/../../../../arm-none-eabi/lib/thumb/v6-m/nofp\libc.a(lib_a-lock.o)
                0x20000ab0                __lock___sinit_recursive_mutex
 *fill*         0x20000ab1        0x3 
 .bss.__malloc_current_mallinfo
                0x20000ab4       0x28 e:/toolchains/gcc-arm-none-eabi-10.3-2021.10/bin/../lib/gcc/arm-none-eabi/10.3.1/../../../../arm-none-eabi/lib/thumb/v6-m/nofp\libc.a(lib_a-mallocr.o)
                0x20000ab4                __malloc_current_mallinfo
 .bss.__malloc_max_sbrked_mem
                0x20000adc        0x4 e:/toolchains/gcc-arm-none-eabi-10.3-2021.10/bin/../lib/gcc/arm-none-eabi/10.3.1/../../../../arm-none-eabi/lib/thumb/v6-m/nofp\libc.a(lib_a-mallocr.o)
                0x20000adc                __malloc_max_sbrked_mem
 .bss.__malloc_max_total_mem
                0x20000ae0        0x4 e:/toolchains/gcc-arm-none-eabi-10.3-2021.10/bin/../lib/gcc/arm-none-eabi/10.3.1/../../../../arm-none-eabi/lib/thumb/v6-m/nofp\libc.a(lib_a-mallocr.o)
                0x20000ae0                __malloc_max_total_mem
 .bss.__malloc_top_pad
                0x20000ae4        0x4 e:/toolchains/gcc-arm-none-eabi-10.3-2021.10/bin/../lib/gcc/arm-none-eabi/10.3.1/../../../../arm-none-eabi/lib/thumb/v6-m/nofp\libc.a(lib_a-mallocr.o)
                0x20000ae4                __malloc_top_pad
 .bss.errno     0x20000ae8        0x4 e:/toolchains/gcc-arm-none-eabi-10.3-2021.10/bin/../lib/gcc/arm-none-eabi/10.3.1/../../../../arm-none-eabi/lib/thumb/v6-m/nofp\libc.a(lib_a-reent.o)
                0x20000ae8                errno
 *(COMMON)
                0x20000aec                . = ALIGN (0x4)
                0x20000aec                _ebss = .
                0x20000aec                __bss_end__ = _ebss

._user_heap_stack
                0x20000aec      0x604 load address 0x08004450
                0x20000af0                . = ALIGN (0x8)
 *fill*         0x20000aec        0x4 
                [!provide]                PROVIDE (end = .)
                0x20000af0                PROVIDE (_end = .)
                0x20000cf0                . = (. + _Min_Heap_Size)
 *fill*         0x20000af0      0x200 
                0x200010f0                . = (. + _Min_Stack_Size)
 *fill*         0x20000cf0      0x400 
                0x200010f0                . = ALIGN (0x8)

/DISCARD/
 libc.a(*)
 libm.a(*)
 libgcc.a(*)

.ARM.attributes
                0x00000000       0x28
 *(.ARM.attributes)
 .ARM.attributes
                0x00000000       0x1e e:/toolchains/gcc-arm-none-eabi-10.3-2021.10/bin/../lib/gcc/arm-none-eabi/10.3.1/thumb/v6-m/nofp/crti.o
 .ARM.attributes
                0x0000001e       0x2c e:/toolchains/gcc-arm-none-eabi-10.3-2021.10/bin/../lib/gcc/arm-none-eabi/10.3.1/thumb/v6-m/nofp/crtbegin.o
 .ARM.attributes
                0x0000004a       0x2c CMakeFiles/Firmware.elf.dir/APP/PID.c.obj
 .ARM.attributes
                0x00000076       0x2c CMakeFiles/Firmware.elf.dir/BSP/Encoder.c.obj
 .ARM.attributes
                0x000000a2       0x2c CMakeFiles/Firmware.elf.dir/BSP/Motor.c.obj
 .ARM.attributes
                0x000000ce       0x2c CMakeFiles/Firmware.elf.dir/BSP/Retarget.c.obj
 .ARM.attributes
                0x000000fa       0x2c CMakeFiles/Firmware.elf.dir/Drivers/STM32F0xx_HAL_Driver/Src/stm32f0xx_hal.c.obj
 .ARM.attributes
                0x00000126       0x2c CMakeFiles/Firmware.elf.dir/Drivers/STM32F0xx_HAL_Driver/Src/stm32f0xx_hal_cortex.c.obj
 .ARM.attributes
                0x00000152       0x2c CMakeFiles/Firmware.elf.dir/Drivers/STM32F0xx_HAL_Driver/Src/stm32f0xx_hal_gpio.c.obj
 .ARM.attributes
                0x0000017e       0x2c CMakeFiles/Firmware.elf.dir/Drivers/STM32F0xx_HAL_Driver/Src/stm32f0xx_hal_rcc.c.obj
 .ARM.attributes
                0x000001aa       0x2c CMakeFiles/Firmware.elf.dir/Drivers/STM32F0xx_HAL_Driver/Src/stm32f0xx_hal_rcc_ex.c.obj
 .ARM.attributes
                0x000001d6       0x2c CMakeFiles/Firmware.elf.dir/Drivers/STM32F0xx_HAL_Driver/Src/stm32f0xx_hal_tim.c.obj
 .ARM.attributes
                0x00000202       0x2c CMakeFiles/Firmware.elf.dir/Drivers/STM32F0xx_HAL_Driver/Src/stm32f0xx_hal_tim_ex.c.obj
 .ARM.attributes
                0x0000022e       0x2c CMakeFiles/Firmware.elf.dir/Drivers/STM32F0xx_HAL_Driver/Src/stm32f0xx_hal_uart.c.obj
 .ARM.attributes
                0x0000025a       0x2c CMakeFiles/Firmware.elf.dir/Src/gpio.c.obj
 .ARM.attributes
                0x00000286       0x2c CMakeFiles/Firmware.elf.dir/Src/main.c.obj
 .ARM.attributes
                0x000002b2       0x2c CMakeFiles/Firmware.elf.dir/Src/stm32f0xx_hal_msp.c.obj
 .ARM.attributes
                0x000002de       0x2c CMakeFiles/Firmware.elf.dir/Src/stm32f0xx_it.c.obj
 .ARM.attributes
                0x0000030a       0x2c CMakeFiles/Firmware.elf.dir/Src/sysmem.c.obj
 .ARM.attributes
                0x00000336       0x2c CMakeFiles/Firmware.elf.dir/Src/system_stm32f0xx.c.obj
 .ARM.attributes
                0x00000362       0x2c CMakeFiles/Firmware.elf.dir/Src/tim.c.obj
 .ARM.attributes
                0x0000038e       0x2c CMakeFiles/Firmware.elf.dir/Src/usart.c.obj
 .ARM.attributes
                0x000003ba       0x21 CMakeFiles/Firmware.elf.dir/Startup/startup_stm32f030f4px.s.obj
 .ARM.attributes
                0x000003db       0x1e e:/toolchains/gcc-arm-none-eabi-10.3-2021.10/bin/../lib/gcc/arm-none-eabi/10.3.1/thumb/v6-m/nofp\libgcc.a(_thumb1_case_sqi.o)
 .ARM.attributes
                0x000003f9       0x1e e:/toolchains/gcc-arm-none-eabi-10.3-2021.10/bin/../lib/gcc/arm-none-eabi/10.3.1/thumb/v6-m/nofp\libgcc.a(_thumb1_case_uqi.o)
 .ARM.attributes
                0x00000417       0x1e e:/toolchains/gcc-arm-none-eabi-10.3-2021.10/bin/../lib/gcc/arm-none-eabi/10.3.1/thumb/v6-m/nofp\libgcc.a(_udivsi3.o)
 .ARM.attributes
                0x00000435       0x1e e:/toolchains/gcc-arm-none-eabi-10.3-2021.10/bin/../lib/gcc/arm-none-eabi/10.3.1/thumb/v6-m/nofp\libgcc.a(_dvmd_tls.o)
 .ARM.attributes
                0x00000453       0x2c e:/toolchains/gcc-arm-none-eabi-10.3-2021.10/bin/../lib/gcc/arm-none-eabi/10.3.1/thumb/v6-m/nofp\libgcc.a(divsf3.o)
 .ARM.attributes
                0x0000047f       0x2c e:/toolchains/gcc-arm-none-eabi-10.3-2021.10/bin/../lib/gcc/arm-none-eabi/10.3.1/thumb/v6-m/nofp\libgcc.a(floatsisf.o)
 .ARM.attributes
                0x000004ab       0x2c e:/toolchains/gcc-arm-none-eabi-10.3-2021.10/bin/../lib/gcc/arm-none-eabi/10.3.1/thumb/v6-m/nofp\libgcc.a(floatunsisf.o)
 .ARM.attributes
                0x000004d7       0x1e e:/toolchains/gcc-arm-none-eabi-10.3-2021.10/bin/../lib/gcc/arm-none-eabi/10.3.1/thumb/v6-m/nofp\libgcc.a(_clzsi2.o)
 .ARM.attributes
                0x000004f5       0x2c e:/toolchains/gcc-arm-none-eabi-10.3-2021.10/bin/../lib/gcc/arm-none-eabi/10.3.1/../../../../arm-none-eabi/lib/thumb/v6-m/nofp\libc.a(lib_a-errno.o)
 .ARM.attributes
                0x00000521       0x2c e:/toolchains/gcc-arm-none-eabi-10.3-2021.10/bin/../lib/gcc/arm-none-eabi/10.3.1/../../../../arm-none-eabi/lib/thumb/v6-m/nofp\libc.a(lib_a-impure.o)
 .ARM.attributes
                0x0000054d       0x2c e:/toolchains/gcc-arm-none-eabi-10.3-2021.10/bin/../lib/gcc/arm-none-eabi/10.3.1/../../../../arm-none-eabi/lib/thumb/v6-m/nofp\libc.a(lib_a-init.o)
 .ARM.attributes
                0x00000579       0x2c e:/toolchains/gcc-arm-none-eabi-10.3-2021.10/bin/../lib/gcc/arm-none-eabi/10.3.1/../../../../arm-none-eabi/lib/thumb/v6-m/nofp\libc.a(lib_a-memcpy-stub.o)
 .ARM.attributes
                0x000005a5       0x2c e:/toolchains/gcc-arm-none-eabi-10.3-2021.10/bin/../lib/gcc/arm-none-eabi/10.3.1/../../../../arm-none-eabi/lib/thumb/v6-m/nofp\libc.a(lib_a-memset.o)
 .ARM.attributes
                0x000005d1       0x2c e:/toolchains/gcc-arm-none-eabi-10.3-2021.10/bin/../lib/gcc/arm-none-eabi/10.3.1/../../../../arm-none-eabi/lib/thumb/v6-m/nofp\libc.a(lib_a-setvbuf.o)
 .ARM.attributes
                0x000005fd       0x2c e:/toolchains/gcc-arm-none-eabi-10.3-2021.10/bin/../lib/gcc/arm-none-eabi/10.3.1/../../../../arm-none-eabi/lib/thumb/v6-m/nofp\libc.a(lib_a-__call_atexit.o)
 .ARM.attributes
                0x00000629       0x2c e:/toolchains/gcc-arm-none-eabi-10.3-2021.10/bin/../lib/gcc/arm-none-eabi/10.3.1/../../../../arm-none-eabi/lib/thumb/v6-m/nofp\libc.a(lib_a-atexit.o)
 .ARM.attributes
                0x00000655       0x2c e:/toolchains/gcc-arm-none-eabi-10.3-2021.10/bin/../lib/gcc/arm-none-eabi/10.3.1/../../../../arm-none-eabi/lib/thumb/v6-m/nofp\libc.a(lib_a-fflush.o)
 .ARM.attributes
                0x00000681       0x2c e:/toolchains/gcc-arm-none-eabi-10.3-2021.10/bin/../lib/gcc/arm-none-eabi/10.3.1/../../../../arm-none-eabi/lib/thumb/v6-m/nofp\libc.a(lib_a-findfp.o)
 .ARM.attributes
                0x000006ad       0x2c e:/toolchains/gcc-arm-none-eabi-10.3-2021.10/bin/../lib/gcc/arm-none-eabi/10.3.1/../../../../arm-none-eabi/lib/thumb/v6-m/nofp\libc.a(lib_a-fini.o)
 .ARM.attributes
                0x000006d9       0x2c e:/toolchains/gcc-arm-none-eabi-10.3-2021.10/bin/../lib/gcc/arm-none-eabi/10.3.1/../../../../arm-none-eabi/lib/thumb/v6-m/nofp\libc.a(lib_a-freer.o)
 .ARM.attributes
                0x00000705       0x2c e:/toolchains/gcc-arm-none-eabi-10.3-2021.10/bin/../lib/gcc/arm-none-eabi/10.3.1/../../../../arm-none-eabi/lib/thumb/v6-m/nofp\libc.a(lib_a-fwalk.o)
 .ARM.attributes
                0x00000731       0x2c e:/toolchains/gcc-arm-none-eabi-10.3-2021.10/bin/../lib/gcc/arm-none-eabi/10.3.1/../../../../arm-none-eabi/lib/thumb/v6-m/nofp\libc.a(lib_a-lock.o)
 .ARM.attributes
                0x0000075d       0x2c e:/toolchains/gcc-arm-none-eabi-10.3-2021.10/bin/../lib/gcc/arm-none-eabi/10.3.1/../../../../arm-none-eabi/lib/thumb/v6-m/nofp\libc.a(lib_a-makebuf.o)
 .ARM.attributes
                0x00000789       0x2c e:/toolchains/gcc-arm-none-eabi-10.3-2021.10/bin/../lib/gcc/arm-none-eabi/10.3.1/../../../../arm-none-eabi/lib/thumb/v6-m/nofp\libc.a(lib_a-malloc.o)
 .ARM.attributes
                0x000007b5       0x2c e:/toolchains/gcc-arm-none-eabi-10.3-2021.10/bin/../lib/gcc/arm-none-eabi/10.3.1/../../../../arm-none-eabi/lib/thumb/v6-m/nofp\libc.a(lib_a-mallocr.o)
 .ARM.attributes
                0x000007e1       0x2c e:/toolchains/gcc-arm-none-eabi-10.3-2021.10/bin/../lib/gcc/arm-none-eabi/10.3.1/../../../../arm-none-eabi/lib/thumb/v6-m/nofp\libc.a(lib_a-mlock.o)
 .ARM.attributes
                0x0000080d       0x2c e:/toolchains/gcc-arm-none-eabi-10.3-2021.10/bin/../lib/gcc/arm-none-eabi/10.3.1/../../../../arm-none-eabi/lib/thumb/v6-m/nofp\libc.a(lib_a-sbrkr.o)
 .ARM.attributes
                0x00000839       0x2c e:/toolchains/gcc-arm-none-eabi-10.3-2021.10/bin/../lib/gcc/arm-none-eabi/10.3.1/../../../../arm-none-eabi/lib/thumb/v6-m/nofp\libc.a(lib_a-stdio.o)
 .ARM.attributes
                0x00000865       0x2c e:/toolchains/gcc-arm-none-eabi-10.3-2021.10/bin/../lib/gcc/arm-none-eabi/10.3.1/../../../../arm-none-eabi/lib/thumb/v6-m/nofp\libc.a(lib_a-writer.o)
 .ARM.attributes
                0x00000891       0x2c e:/toolchains/gcc-arm-none-eabi-10.3-2021.10/bin/../lib/gcc/arm-none-eabi/10.3.1/../../../../arm-none-eabi/lib/thumb/v6-m/nofp\libc.a(lib_a-__atexit.o)
 .ARM.attributes
                0x000008bd       0x2c e:/toolchains/gcc-arm-none-eabi-10.3-2021.10/bin/../lib/gcc/arm-none-eabi/10.3.1/../../../../arm-none-eabi/lib/thumb/v6-m/nofp\libc.a(lib_a-closer.o)
 .ARM.attributes
                0x000008e9       0x2c e:/toolchains/gcc-arm-none-eabi-10.3-2021.10/bin/../lib/gcc/arm-none-eabi/10.3.1/../../../../arm-none-eabi/lib/thumb/v6-m/nofp\libc.a(lib_a-fclose.o)
 .ARM.attributes
                0x00000915       0x2c e:/toolchains/gcc-arm-none-eabi-10.3-2021.10/bin/../lib/gcc/arm-none-eabi/10.3.1/../../../../arm-none-eabi/lib/thumb/v6-m/nofp\libc.a(lib_a-fstatr.o)
 .ARM.attributes
                0x00000941       0x2c e:/toolchains/gcc-arm-none-eabi-10.3-2021.10/bin/../lib/gcc/arm-none-eabi/10.3.1/../../../../arm-none-eabi/lib/thumb/v6-m/nofp\libc.a(lib_a-lseekr.o)
 .ARM.attributes
                0x0000096d       0x2c e:/toolchains/gcc-arm-none-eabi-10.3-2021.10/bin/../lib/gcc/arm-none-eabi/10.3.1/../../../../arm-none-eabi/lib/thumb/v6-m/nofp\libc.a(lib_a-readr.o)
 .ARM.attributes
                0x00000999       0x2c e:/toolchains/gcc-arm-none-eabi-10.3-2021.10/bin/../lib/gcc/arm-none-eabi/10.3.1/../../../../arm-none-eabi/lib/thumb/v6-m/nofp\libc.a(lib_a-reent.o)
 .ARM.attributes
                0x000009c5       0x1e e:/toolchains/gcc-arm-none-eabi-10.3-2021.10/bin/../lib/gcc/arm-none-eabi/10.3.1/thumb/v6-m/nofp/crtn.o
OUTPUT(Firmware.elf elf32-littlearm)
LOAD linker stubs
LOAD e:/toolchains/gcc-arm-none-eabi-10.3-2021.10/bin/../lib/gcc/arm-none-eabi/10.3.1/../../../../arm-none-eabi/lib/thumb/v6-m/nofp\libc.a
LOAD e:/toolchains/gcc-arm-none-eabi-10.3-2021.10/bin/../lib/gcc/arm-none-eabi/10.3.1/../../../../arm-none-eabi/lib/thumb/v6-m/nofp\libm.a
LOAD e:/toolchains/gcc-arm-none-eabi-10.3-2021.10/bin/../lib/gcc/arm-none-eabi/10.3.1/thumb/v6-m/nofp\libgcc.a

.comment        0x00000000       0x49
 .comment       0x00000000       0x49 CMakeFiles/Firmware.elf.dir/APP/PID.c.obj
                                 0x4a (size before relaxing)
 .comment       0x00000049       0x4a CMakeFiles/Firmware.elf.dir/BSP/Encoder.c.obj
 .comment       0x00000049       0x4a CMakeFiles/Firmware.elf.dir/BSP/Motor.c.obj
 .comment       0x00000049       0x4a CMakeFiles/Firmware.elf.dir/BSP/Retarget.c.obj
 .comment       0x00000049       0x4a CMakeFiles/Firmware.elf.dir/Drivers/STM32F0xx_HAL_Driver/Src/stm32f0xx_hal.c.obj
 .comment       0x00000049       0x4a CMakeFiles/Firmware.elf.dir/Drivers/STM32F0xx_HAL_Driver/Src/stm32f0xx_hal_cortex.c.obj
 .comment       0x00000049       0x4a CMakeFiles/Firmware.elf.dir/Drivers/STM32F0xx_HAL_Driver/Src/stm32f0xx_hal_gpio.c.obj
 .comment       0x00000049       0x4a CMakeFiles/Firmware.elf.dir/Drivers/STM32F0xx_HAL_Driver/Src/stm32f0xx_hal_rcc.c.obj
 .comment       0x00000049       0x4a CMakeFiles/Firmware.elf.dir/Drivers/STM32F0xx_HAL_Driver/Src/stm32f0xx_hal_rcc_ex.c.obj
 .comment       0x00000049       0x4a CMakeFiles/Firmware.elf.dir/Drivers/STM32F0xx_HAL_Driver/Src/stm32f0xx_hal_tim.c.obj
 .comment       0x00000049       0x4a CMakeFiles/Firmware.elf.dir/Drivers/STM32F0xx_HAL_Driver/Src/stm32f0xx_hal_tim_ex.c.obj
 .comment       0x00000049       0x4a CMakeFiles/Firmware.elf.dir/Drivers/STM32F0xx_HAL_Driver/Src/stm32f0xx_hal_uart.c.obj
 .comment       0x00000049       0x4a CMakeFiles/Firmware.elf.dir/Src/gpio.c.obj
 .comment       0x00000049       0x4a CMakeFiles/Firmware.elf.dir/Src/main.c.obj
 .comment       0x00000049       0x4a CMakeFiles/Firmware.elf.dir/Src/stm32f0xx_hal_msp.c.obj
 .comment       0x00000049       0x4a CMakeFiles/Firmware.elf.dir/Src/stm32f0xx_it.c.obj
 .comment       0x00000049       0x4a CMakeFiles/Firmware.elf.dir/Src/sysmem.c.obj
 .comment       0x00000049       0x4a CMakeFiles/Firmware.elf.dir/Src/system_stm32f0xx.c.obj
 .comment       0x00000049       0x4a CMakeFiles/Firmware.elf.dir/Src/tim.c.obj
 .comment       0x00000049       0x4a CMakeFiles/Firmware.elf.dir/Src/usart.c.obj

.debug_frame    0x00000000      0x900
 .debug_frame   0x00000000       0x20 e:/toolchains/gcc-arm-none-eabi-10.3-2021.10/bin/../lib/gcc/arm-none-eabi/10.3.1/thumb/v6-m/nofp\libgcc.a(_udivsi3.o)
 .debug_frame   0x00000020       0x38 e:/toolchains/gcc-arm-none-eabi-10.3-2021.10/bin/../lib/gcc/arm-none-eabi/10.3.1/thumb/v6-m/nofp\libgcc.a(divsf3.o)
 .debug_frame   0x00000058       0x30 e:/toolchains/gcc-arm-none-eabi-10.3-2021.10/bin/../lib/gcc/arm-none-eabi/10.3.1/thumb/v6-m/nofp\libgcc.a(floatsisf.o)
 .debug_frame   0x00000088       0x2c e:/toolchains/gcc-arm-none-eabi-10.3-2021.10/bin/../lib/gcc/arm-none-eabi/10.3.1/thumb/v6-m/nofp\libgcc.a(floatunsisf.o)
 .debug_frame   0x000000b4       0x20 e:/toolchains/gcc-arm-none-eabi-10.3-2021.10/bin/../lib/gcc/arm-none-eabi/10.3.1/../../../../arm-none-eabi/lib/thumb/v6-m/nofp\libc.a(lib_a-errno.o)
 .debug_frame   0x000000d4       0x2c e:/toolchains/gcc-arm-none-eabi-10.3-2021.10/bin/../lib/gcc/arm-none-eabi/10.3.1/../../../../arm-none-eabi/lib/thumb/v6-m/nofp\libc.a(lib_a-init.o)
 .debug_frame   0x00000100       0x34 e:/toolchains/gcc-arm-none-eabi-10.3-2021.10/bin/../lib/gcc/arm-none-eabi/10.3.1/../../../../arm-none-eabi/lib/thumb/v6-m/nofp\libc.a(lib_a-memcpy-stub.o)
 .debug_frame   0x00000134       0x30 e:/toolchains/gcc-arm-none-eabi-10.3-2021.10/bin/../lib/gcc/arm-none-eabi/10.3.1/../../../../arm-none-eabi/lib/thumb/v6-m/nofp\libc.a(lib_a-memset.o)
 .debug_frame   0x00000164       0x38 e:/toolchains/gcc-arm-none-eabi-10.3-2021.10/bin/../lib/gcc/arm-none-eabi/10.3.1/../../../../arm-none-eabi/lib/thumb/v6-m/nofp\libc.a(lib_a-setvbuf.o)
 .debug_frame   0x0000019c       0x54 e:/toolchains/gcc-arm-none-eabi-10.3-2021.10/bin/../lib/gcc/arm-none-eabi/10.3.1/../../../../arm-none-eabi/lib/thumb/v6-m/nofp\libc.a(lib_a-__call_atexit.o)
 .debug_frame   0x000001f0       0x28 e:/toolchains/gcc-arm-none-eabi-10.3-2021.10/bin/../lib/gcc/arm-none-eabi/10.3.1/../../../../arm-none-eabi/lib/thumb/v6-m/nofp\libc.a(lib_a-atexit.o)
 .debug_frame   0x00000218       0x6c e:/toolchains/gcc-arm-none-eabi-10.3-2021.10/bin/../lib/gcc/arm-none-eabi/10.3.1/../../../../arm-none-eabi/lib/thumb/v6-m/nofp\libc.a(lib_a-fflush.o)
 .debug_frame   0x00000284      0x170 e:/toolchains/gcc-arm-none-eabi-10.3-2021.10/bin/../lib/gcc/arm-none-eabi/10.3.1/../../../../arm-none-eabi/lib/thumb/v6-m/nofp\libc.a(lib_a-findfp.o)
 .debug_frame   0x000003f4       0x2c e:/toolchains/gcc-arm-none-eabi-10.3-2021.10/bin/../lib/gcc/arm-none-eabi/10.3.1/../../../../arm-none-eabi/lib/thumb/v6-m/nofp\libc.a(lib_a-fini.o)
 .debug_frame   0x00000420       0x54 e:/toolchains/gcc-arm-none-eabi-10.3-2021.10/bin/../lib/gcc/arm-none-eabi/10.3.1/../../../../arm-none-eabi/lib/thumb/v6-m/nofp\libc.a(lib_a-freer.o)
 .debug_frame   0x00000474       0x5c e:/toolchains/gcc-arm-none-eabi-10.3-2021.10/bin/../lib/gcc/arm-none-eabi/10.3.1/../../../../arm-none-eabi/lib/thumb/v6-m/nofp\libc.a(lib_a-fwalk.o)
 .debug_frame   0x000004d0       0xb0 e:/toolchains/gcc-arm-none-eabi-10.3-2021.10/bin/../lib/gcc/arm-none-eabi/10.3.1/../../../../arm-none-eabi/lib/thumb/v6-m/nofp\libc.a(lib_a-lock.o)
 .debug_frame   0x00000580       0x58 e:/toolchains/gcc-arm-none-eabi-10.3-2021.10/bin/../lib/gcc/arm-none-eabi/10.3.1/../../../../arm-none-eabi/lib/thumb/v6-m/nofp\libc.a(lib_a-makebuf.o)
 .debug_frame   0x000005d8       0x40 e:/toolchains/gcc-arm-none-eabi-10.3-2021.10/bin/../lib/gcc/arm-none-eabi/10.3.1/../../../../arm-none-eabi/lib/thumb/v6-m/nofp\libc.a(lib_a-malloc.o)
 .debug_frame   0x00000618       0x3c e:/toolchains/gcc-arm-none-eabi-10.3-2021.10/bin/../lib/gcc/arm-none-eabi/10.3.1/../../../../arm-none-eabi/lib/thumb/v6-m/nofp\libc.a(lib_a-mallocr.o)
 .debug_frame   0x00000654       0x40 e:/toolchains/gcc-arm-none-eabi-10.3-2021.10/bin/../lib/gcc/arm-none-eabi/10.3.1/../../../../arm-none-eabi/lib/thumb/v6-m/nofp\libc.a(lib_a-mlock.o)
 .debug_frame   0x00000694       0x2c e:/toolchains/gcc-arm-none-eabi-10.3-2021.10/bin/../lib/gcc/arm-none-eabi/10.3.1/../../../../arm-none-eabi/lib/thumb/v6-m/nofp\libc.a(lib_a-sbrkr.o)
 .debug_frame   0x000006c0       0x90 e:/toolchains/gcc-arm-none-eabi-10.3-2021.10/bin/../lib/gcc/arm-none-eabi/10.3.1/../../../../arm-none-eabi/lib/thumb/v6-m/nofp\libc.a(lib_a-stdio.o)
 .debug_frame   0x00000750       0x2c e:/toolchains/gcc-arm-none-eabi-10.3-2021.10/bin/../lib/gcc/arm-none-eabi/10.3.1/../../../../arm-none-eabi/lib/thumb/v6-m/nofp\libc.a(lib_a-writer.o)
 .debug_frame   0x0000077c       0x3c e:/toolchains/gcc-arm-none-eabi-10.3-2021.10/bin/../lib/gcc/arm-none-eabi/10.3.1/../../../../arm-none-eabi/lib/thumb/v6-m/nofp\libc.a(lib_a-__atexit.o)
 .debug_frame   0x000007b8       0x2c e:/toolchains/gcc-arm-none-eabi-10.3-2021.10/bin/../lib/gcc/arm-none-eabi/10.3.1/../../../../arm-none-eabi/lib/thumb/v6-m/nofp\libc.a(lib_a-closer.o)
 .debug_frame   0x000007e4       0x48 e:/toolchains/gcc-arm-none-eabi-10.3-2021.10/bin/../lib/gcc/arm-none-eabi/10.3.1/../../../../arm-none-eabi/lib/thumb/v6-m/nofp\libc.a(lib_a-fclose.o)
 .debug_frame   0x0000082c       0x2c e:/toolchains/gcc-arm-none-eabi-10.3-2021.10/bin/../lib/gcc/arm-none-eabi/10.3.1/../../../../arm-none-eabi/lib/thumb/v6-m/nofp\libc.a(lib_a-fstatr.o)
 .debug_frame   0x00000858       0x2c e:/toolchains/gcc-arm-none-eabi-10.3-2021.10/bin/../lib/gcc/arm-none-eabi/10.3.1/../../../../arm-none-eabi/lib/thumb/v6-m/nofp\libc.a(lib_a-lseekr.o)
 .debug_frame   0x00000884       0x2c e:/toolchains/gcc-arm-none-eabi-10.3-2021.10/bin/../lib/gcc/arm-none-eabi/10.3.1/../../../../arm-none-eabi/lib/thumb/v6-m/nofp\libc.a(lib_a-readr.o)
 .debug_frame   0x000008b0       0x50 e:/toolchains/gcc-arm-none-eabi-10.3-2021.10/bin/../lib/gcc/arm-none-eabi/10.3.1/../../../../arm-none-eabi/lib/thumb/v6-m/nofp\libc.a(lib_a-reent.o)
