Archive member included to satisfy reference by file (symbol)

e:/toolchains/gcc-arm-none-eabi-10.3-2021.10/bin/../lib/gcc/arm-none-eabi/10.3.1/thumb/v6-m/nofp\libgcc.a(_udivsi3.o)
                              CMakeFiles/Firmware.elf.dir/Drivers/STM32F0xx_HAL_Driver/Src/stm32f0xx_hal.c.obj (__aeabi_uidiv)
e:/toolchains/gcc-arm-none-eabi-10.3-2021.10/bin/../lib/gcc/arm-none-eabi/10.3.1/thumb/v6-m/nofp\libgcc.a(_dvmd_tls.o)
                              e:/toolchains/gcc-arm-none-eabi-10.3-2021.10/bin/../lib/gcc/arm-none-eabi/10.3.1/thumb/v6-m/nofp\libgcc.a(_udivsi3.o) (__aeabi_idiv0)
e:/toolchains/gcc-arm-none-eabi-10.3-2021.10/bin/../lib/gcc/arm-none-eabi/10.3.1/thumb/v6-m/nofp\libgcc.a(_arm_cmpsf2.o)
                              CMakeFiles/Firmware.elf.dir/APP/PID.c.obj (__aeabi_fcmplt)
e:/toolchains/gcc-arm-none-eabi-10.3-2021.10/bin/../lib/gcc/arm-none-eabi/10.3.1/thumb/v6-m/nofp\libgcc.a(addsf3.o)
                              CMakeFiles/Firmware.elf.dir/APP/PID.c.obj (__aeabi_fadd)
e:/toolchains/gcc-arm-none-eabi-10.3-2021.10/bin/../lib/gcc/arm-none-eabi/10.3.1/thumb/v6-m/nofp\libgcc.a(divsf3.o)
                              CMakeFiles/Firmware.elf.dir/BSP/Encoder.c.obj (__aeabi_fdiv)
e:/toolchains/gcc-arm-none-eabi-10.3-2021.10/bin/../lib/gcc/arm-none-eabi/10.3.1/thumb/v6-m/nofp\libgcc.a(eqsf2.o)
                              e:/toolchains/gcc-arm-none-eabi-10.3-2021.10/bin/../lib/gcc/arm-none-eabi/10.3.1/thumb/v6-m/nofp\libgcc.a(_arm_cmpsf2.o) (__eqsf2)
e:/toolchains/gcc-arm-none-eabi-10.3-2021.10/bin/../lib/gcc/arm-none-eabi/10.3.1/thumb/v6-m/nofp\libgcc.a(gesf2.o)
                              e:/toolchains/gcc-arm-none-eabi-10.3-2021.10/bin/../lib/gcc/arm-none-eabi/10.3.1/thumb/v6-m/nofp\libgcc.a(_arm_cmpsf2.o) (__gesf2)
e:/toolchains/gcc-arm-none-eabi-10.3-2021.10/bin/../lib/gcc/arm-none-eabi/10.3.1/thumb/v6-m/nofp\libgcc.a(lesf2.o)
                              e:/toolchains/gcc-arm-none-eabi-10.3-2021.10/bin/../lib/gcc/arm-none-eabi/10.3.1/thumb/v6-m/nofp\libgcc.a(_arm_cmpsf2.o) (__lesf2)
e:/toolchains/gcc-arm-none-eabi-10.3-2021.10/bin/../lib/gcc/arm-none-eabi/10.3.1/thumb/v6-m/nofp\libgcc.a(mulsf3.o)
                              CMakeFiles/Firmware.elf.dir/APP/PID.c.obj (__aeabi_fmul)
e:/toolchains/gcc-arm-none-eabi-10.3-2021.10/bin/../lib/gcc/arm-none-eabi/10.3.1/thumb/v6-m/nofp\libgcc.a(subsf3.o)
                              CMakeFiles/Firmware.elf.dir/APP/PID.c.obj (__aeabi_fsub)
e:/toolchains/gcc-arm-none-eabi-10.3-2021.10/bin/../lib/gcc/arm-none-eabi/10.3.1/thumb/v6-m/nofp\libgcc.a(fixsfsi.o)
                              CMakeFiles/Firmware.elf.dir/APP/PID.c.obj (__aeabi_f2iz)
e:/toolchains/gcc-arm-none-eabi-10.3-2021.10/bin/../lib/gcc/arm-none-eabi/10.3.1/thumb/v6-m/nofp\libgcc.a(floatsisf.o)
                              CMakeFiles/Firmware.elf.dir/APP/PID.c.obj (__aeabi_i2f)
e:/toolchains/gcc-arm-none-eabi-10.3-2021.10/bin/../lib/gcc/arm-none-eabi/10.3.1/thumb/v6-m/nofp\libgcc.a(floatunsisf.o)
                              CMakeFiles/Firmware.elf.dir/BSP/Encoder.c.obj (__aeabi_ui2f)
e:/toolchains/gcc-arm-none-eabi-10.3-2021.10/bin/../lib/gcc/arm-none-eabi/10.3.1/thumb/v6-m/nofp\libgcc.a(_clzsi2.o)
                              e:/toolchains/gcc-arm-none-eabi-10.3-2021.10/bin/../lib/gcc/arm-none-eabi/10.3.1/thumb/v6-m/nofp\libgcc.a(addsf3.o) (__clzsi2)
e:/toolchains/gcc-arm-none-eabi-10.3-2021.10/bin/../lib/gcc/arm-none-eabi/10.3.1/../../../../arm-none-eabi/lib/thumb/v6-m/nofp\libg.a(lib_a-errno.o)
                              CMakeFiles/Firmware.elf.dir/BSP/Retarget.c.obj (__errno)
e:/toolchains/gcc-arm-none-eabi-10.3-2021.10/bin/../lib/gcc/arm-none-eabi/10.3.1/../../../../arm-none-eabi/lib/thumb/v6-m/nofp\libg.a(lib_a-exit.o)
                              e:/toolchains/gcc-arm-none-eabi-10.3-2021.10/bin/../lib/gcc/arm-none-eabi/10.3.1/../../../../arm-none-eabi/lib/thumb/v6-m/nofp/crt0.o (exit)
e:/toolchains/gcc-arm-none-eabi-10.3-2021.10/bin/../lib/gcc/arm-none-eabi/10.3.1/../../../../arm-none-eabi/lib/thumb/v6-m/nofp\libg.a(lib_a-impure.o)
                              e:/toolchains/gcc-arm-none-eabi-10.3-2021.10/bin/../lib/gcc/arm-none-eabi/10.3.1/../../../../arm-none-eabi/lib/thumb/v6-m/nofp\libg.a(lib_a-exit.o) (_global_impure_ptr)
e:/toolchains/gcc-arm-none-eabi-10.3-2021.10/bin/../lib/gcc/arm-none-eabi/10.3.1/../../../../arm-none-eabi/lib/thumb/v6-m/nofp\libg.a(lib_a-init.o)
                              e:/toolchains/gcc-arm-none-eabi-10.3-2021.10/bin/../lib/gcc/arm-none-eabi/10.3.1/../../../../arm-none-eabi/lib/thumb/v6-m/nofp/crt0.o (__libc_init_array)
e:/toolchains/gcc-arm-none-eabi-10.3-2021.10/bin/../lib/gcc/arm-none-eabi/10.3.1/../../../../arm-none-eabi/lib/thumb/v6-m/nofp\libg.a(lib_a-memcpy-stub.o)
                              CMakeFiles/Firmware.elf.dir/BSP/Encoder.c.obj (memcpy)
e:/toolchains/gcc-arm-none-eabi-10.3-2021.10/bin/../lib/gcc/arm-none-eabi/10.3.1/../../../../arm-none-eabi/lib/thumb/v6-m/nofp\libg.a(lib_a-memset.o)
[...]
Memory Configuration

Name             Origin             Length             Attributes
RAM              0x20000000         0x00001000         xrw
FLASH            0x08000000         0x00004000         xr
*default*        0x00000000         0xffffffff

Linker script and memory map

LOAD e:/toolchains/gcc-arm-none-eabi-10.3-2021.10/bin/../lib/gcc/arm-none-eabi/10.3.1/thumb/v6-m/nofp/crti.o
LOAD e:/toolchains/gcc-arm-none-eabi-10.3-2021.10/bin/../lib/gcc/arm-none-eabi/10.3.1/thumb/v6-m/nofp/crtbegin.o
LOAD e:/toolchains/gcc-arm-none-eabi-10.3-2021.10/bin/../lib/gcc/arm-none-eabi/10.3.1/../../../../arm-none-eabi/lib/thumb/v6-m/nofp/crt0.o
LOAD CMakeFiles/Firmware.elf.dir/APP/PID.c.obj
LOAD CMakeFiles/Firmware.elf.dir/APP/Position_Ctrl.c.obj
LOAD CMakeFiles/Firmware.elf.dir/BSP/Capture.c.obj
LOAD CMakeFiles/Firmware.elf.dir/BSP/Encoder.c.obj
LOAD CMakeFiles/Firmware.elf.dir/BSP/Klicky.c.obj
LOAD CMakeFiles/Firmware.elf.dir/BSP/LED.c.obj
LOAD CMakeFiles/Firmware.elf.dir/BSP/Motor.c.obj
LOAD CMakeFiles/Firmware.elf.dir/BSP/Retarget.c.obj
LOAD CMakeFiles/Firmware.elf.dir/Drivers/STM32F0xx_HAL_Driver/Src/stm32f0xx_hal.c.obj
LOAD CMakeFiles/Firmware.elf.dir/Drivers/STM32F0xx_HAL_Driver/Src/stm32f0xx_hal_cortex.c.obj
LOAD CMakeFiles/Firmware.elf.dir/Drivers/STM32F0xx_HAL_Driver/Src/stm32f0xx_hal_dma.c.obj
LOAD CMakeFiles/Firmware.elf.dir/Drivers/STM32F0xx_HAL_Driver/Src/stm32f0xx_hal_exti.c.obj
LOAD CMakeFiles/Firmware.elf.dir/Drivers/STM32F0xx_HAL_Driver/Src/stm32f0xx_hal_flash.c.obj
LOAD CMakeFiles/Firmware.elf.dir/Drivers/STM32F0xx_HAL_Driver/Src/stm32f0xx_hal_flash_ex.c.obj
LOAD CMakeFiles/Firmware.elf.dir/Drivers/STM32F0xx_HAL_Driver/Src/stm32f0xx_hal_gpio.c.obj
LOAD CMakeFiles/Firmware.elf.dir/Drivers/STM32F0xx_HAL_Driver/Src/stm32f0xx_hal_i2c.c.obj
LOAD CMakeFiles/Firmware.elf.dir/Drivers/STM32F0xx_HAL_Driver/Src/stm32f0xx_hal_i2c_ex.c.obj
LOAD CMakeFiles/Firmware.elf.dir/Drivers/STM32F0xx_HAL_Driver/Src/stm32f0xx_hal_pwr.c.obj
LOAD CMakeFiles/Firmware.elf.dir/Drivers/STM32F0xx_HAL_Driver/Src/stm32f0xx_hal_pwr_ex.c.obj
LOAD CMakeFiles/Firmware.elf.dir/Drivers/STM32F0xx_HAL_Driver/Src/stm32f0xx_hal_rcc.c.obj
LOAD CMakeFiles/Firmware.elf.dir/Drivers/STM32F0xx_HAL_Driver/Src/stm32f0xx_hal_rcc_ex.c.obj
LOAD CMakeFiles/Firmware.elf.dir/Drivers/STM32F0xx_HAL_Driver/Src/stm32f0xx_hal_tim.c.obj
LOAD CMakeFiles/Firmware.elf.dir/Drivers/STM32F0xx_HAL_Driver/Src/stm32f0xx_hal_tim_ex.c.obj
LOAD CMakeFiles/Firmware.elf.dir/Drivers/STM32F0xx_HAL_Driver/Src/stm32f0xx_hal_uart.c.obj
LOAD CMakeFiles/Firmware.elf.dir/Drivers/STM32F0xx_HAL_Driver/Src/stm32f0xx_hal_uart_ex.c.obj
LOAD CMakeFiles/Firmware.elf.dir/Src/gpio.c.obj
LOAD CMakeFiles/Firmware.elf.dir/Src/main.c.obj
LOAD CMakeFiles/Firmware.elf.dir/Src/stm32f0xx_hal_msp.c.obj
LOAD CMakeFiles/Firmware.elf.dir/Src/stm32f0xx_it.c.obj
LOAD CMakeFiles/Firmware.elf.dir/Src/syscalls.c.obj
LOAD CMakeFiles/Firmware.elf.dir/Src/sysmem.c.obj
LOAD CMakeFiles/Firmware.elf.dir/Src/system_stm32f0xx.c.obj
LOAD CMakeFiles/Firmware.elf.dir/Src/tim.c.obj
LOAD CMakeFiles/Firmware.elf.dir/Src/usart.c.obj
LOAD CMakeFiles/Firmware.elf.dir/Startup/startup_stm32f030f4px.s.obj
START GROUP
LOAD e:/toolchains/gcc-arm-none-eabi-10.3-2021.10/bin/../lib/gcc/arm-none-eabi/10.3.1/thumb/v6-m/nofp\libgcc.a
LOAD e:/toolchains/gcc-arm-none-eabi-10.3-2021.10/bin/../lib/gcc/arm-none-eabi/10.3.1/../../../../arm-none-eabi/lib/thumb/v6-m/nofp\libg.a
LOAD e:/toolchains/gcc-arm-none-eabi-10.3-2021.10/bin/../lib/gcc/arm-none-eabi/10.3.1/../../../../arm-none-eabi/lib/thumb/v6-m/nofp\libc.a
END GROUP
LOAD e:/toolchains/gcc-arm-none-eabi-10.3-2021.10/bin/../lib/gcc/arm-none-eabi/10.3.1/thumb/v6-m/nofp/crtend.o
LOAD e:/toolchains/gcc-arm-none-eabi-10.3-2021.10/bin/../lib/gcc/arm-none-eabi/10.3.1/thumb/v6-m/nofp/crtn.o
                0x20001000                _estack = (ORIGIN (RAM) + LENGTH (RAM))
                0x00000200                _Min_Heap_Size = 0x200
                0x00000400                _Min_Stack_Size = 0x400

.isr_vector     0x08000000       0xc0
                0x08000000                . = ALIGN (0x4)
 *(.isr_vector)
 .isr_vector    0x08000000       0xc0 CMakeFiles/Firmware.elf.dir/Startup/startup_stm32f030f4px.s.obj
                0x08000000                g_pfnVectors
                0x080000c0                . = ALIGN (0x4)

.text           0x080000c0     0x3db4
                0x080000c0                . = ALIGN (0x4)
 *(.text)
 .text          0x080000c0       0x48 e:/toolchains/gcc-arm-none-eabi-10.3-2021.10/bin/../lib/gcc/arm-none-eabi/10.3.1/thumb/v6-m/nofp/crtbegin.o
 .text          0x08000108      0x114 e:/toolchains/gcc-arm-none-eabi-10.3-2021.10/bin/../lib/gcc/arm-none-eabi/10.3.1/thumb/v6-m/nofp\libgcc.a(_udivsi3.o)
                0x08000108                __aeabi_uidiv
                0x08000108                __udivsi3
                0x08000214                __aeabi_uidivmod
 .text          0x0800021c        0x4 e:/toolchains/gcc-arm-none-eabi-10.3-2021.10/bin/../lib/gcc/arm-none-eabi/10.3.1/thumb/v6-m/nofp\libgcc.a(_dvmd_tls.o)
                0x0800021c                __aeabi_idiv0
                0x0800021c                __aeabi_ldiv0
 .text          0x08000220      0x230 e:/toolchains/gcc-arm-none-eabi-10.3-2021.10/bin/../lib/gcc/arm-none-eabi/10.3.1/thumb/v6-m/nofp\libgcc.a(divsf3.o)
                0x08000220                __aeabi_fdiv
 .text          0x08000450       0x9c e:/toolchains/gcc-arm-none-eabi-10.3-2021.10/bin/../lib/gcc/arm-none-eabi/10.3.1/thumb/v6-m/nofp\libgcc.a(floatsisf.o)
                0x08000450                __aeabi_i2f
 .text          0x080004ec       0x84 e:/toolchains/gcc-arm-none-eabi-10.3-2021.10/bin/../lib/gcc/arm-none-eabi/10.3.1/thumb/v6-m/nofp\libgcc.a(floatunsisf.o)
                0x080004ec                __aeabi_ui2f
 .text          0x08000570       0x3c e:/toolchains/gcc-arm-none-eabi-10.3-2021.10/bin/../lib/gcc/arm-none-eabi/10.3.1/thumb/v6-m/nofp\libgcc.a(_clzsi2.o)
                0x08000570                __clzsi2
 *(.text*)
 .text.pidParamInit
                0x080005ac       0x34 CMakeFiles/Firmware.elf.dir/APP/PID.c.obj
                0x080005ac                pidParamInit
 .text.encoderInit
                0x080005e0       0x50 CMakeFiles/Firmware.elf.dir/BSP/Encoder.c.obj
                0x080005e0                encoderInit
 .text.calcuateSpeed
                0x08000630       0x64 CMakeFiles/Firmware.elf.dir/BSP/Encoder.c.obj
                0x08000630                calcuateSpeed
 .text.motorInit
                0x08000694       0x48 CMakeFiles/Firmware.elf.dir/BSP/Motor.c.obj
                0x08000694                motorInit
 .text.setMotorDirection
                0x080006dc       0x40 CMakeFiles/Firmware.elf.dir/BSP/Motor.c.obj
                0x080006dc                setMotorDirection
 .text.RetargetInit
                0x0800071c       0x20 CMakeFiles/Firmware.elf.dir/BSP/Retarget.c.obj
                0x0800071c                RetargetInit
 .text._write   0x0800073c       0x38 CMakeFiles/Firmware.elf.dir/BSP/Retarget.c.obj
                0x0800073c                _write
 .text._close   0x08000774       0x18 CMakeFiles/Firmware.elf.dir/BSP/Retarget.c.obj
                0x08000774                _close
 .text._lseek   0x0800078c       0x10 CMakeFiles/Firmware.elf.dir/BSP/Retarget.c.obj
                0x0800078c                _lseek
 .text._read    0x0800079c       0x34 CMakeFiles/Firmware.elf.dir/BSP/Retarget.c.obj
                0x0800079c                _read
 .text._fstat   0x080007d0       0x1a CMakeFiles/Firmware.elf.dir/BSP/Retarget.c.obj
                0x080007d0                _fstat
 *fill*         0x080007ea        0x2 
 .text.HAL_InitTick
                0x080007ec       0x50 CMakeFiles/Firmware.elf.dir/Drivers/STM32F0xx_HAL_Driver/Src/stm32f0xx_hal.c.obj
                0x080007ec                HAL_InitTick
 .text.HAL_Init
                0x0800083c       0x20 CMakeFiles/Firmware.elf.dir/Drivers/STM32F0xx_HAL_Driver/Src/stm32f0xx_hal.c.obj
                0x0800083c                HAL_Init
 .text.HAL_IncTick
                0x0800085c       0x18 CMakeFiles/Firmware.elf.dir/Drivers/STM32F0xx_HAL_Driver/Src/stm32f0xx_hal.c.obj
                0x0800085c                HAL_IncTick
 .text.HAL_GetTick
                0x08000874        0xc CMakeFiles/Firmware.elf.dir/Drivers/STM32F0xx_HAL_Driver/Src/stm32f0xx_hal.c.obj
                0x08000874                HAL_GetTick
 .text.HAL_NVIC_SetPriority
                0x08000880       0x60 CMakeFiles/Firmware.elf.dir/Drivers/STM32F0xx_HAL_Driver/Src/stm32f0xx_hal_cortex.c.obj
                0x08000880                HAL_NVIC_SetPriority
 .text.HAL_NVIC_EnableIRQ
                0x080008e0       0x18 CMakeFiles/Firmware.elf.dir/Drivers/STM32F0xx_HAL_Driver/Src/stm32f0xx_hal_cortex.c.obj
                0x080008e0                HAL_NVIC_EnableIRQ
 .text.HAL_SYSTICK_Config
                0x080008f8       0x38 CMakeFiles/Firmware.elf.dir/Drivers/STM32F0xx_HAL_Driver/Src/stm32f0xx_hal_cortex.c.obj
                0x080008f8                HAL_SYSTICK_Config
 .text.HAL_GPIO_Init
                0x08000930      0x18c CMakeFiles/Firmware.elf.dir/Drivers/STM32F0xx_HAL_Driver/Src/stm32f0xx_hal_gpio.c.obj
                0x08000930                HAL_GPIO_Init
 .text.HAL_GPIO_WritePin
                0x08000abc        0xc CMakeFiles/Firmware.elf.dir/Drivers/STM32F0xx_HAL_Driver/Src/stm32f0xx_hal_gpio.c.obj
                0x08000abc                HAL_GPIO_WritePin
 .text.HAL_RCC_OscConfig
                0x08000ac8      0x49c CMakeFiles/Firmware.elf.dir/Drivers/STM32F0xx_HAL_Driver/Src/stm32f0xx_hal_rcc.c.obj
                0x08000ac8                HAL_RCC_OscConfig
 .text.HAL_RCC_GetSysClockFreq
                0x08000f64       0x54 CMakeFiles/Firmware.elf.dir/Drivers/STM32F0xx_HAL_Driver/Src/stm32f0xx_hal_rcc.c.obj
                0x08000f64                HAL_RCC_GetSysClockFreq
 .text.HAL_RCC_ClockConfig
                0x08000fb8      0x134 CMakeFiles/Firmware.elf.dir/Drivers/STM32F0xx_HAL_Driver/Src/stm32f0xx_hal_rcc.c.obj
                0x08000fb8                HAL_RCC_ClockConfig
 .text.HAL_RCC_GetHCLKFreq
                0x080010ec        0xc CMakeFiles/Firmware.elf.dir/Drivers/STM32F0xx_HAL_Driver/Src/stm32f0xx_hal_rcc.c.obj
                0x080010ec                HAL_RCC_GetHCLKFreq
 .text.HAL_RCC_GetPCLK1Freq
                0x080010f8       0x20 CMakeFiles/Firmware.elf.dir/Drivers/STM32F0xx_HAL_Driver/Src/stm32f0xx_hal_rcc.c.obj
                0x080010f8                HAL_RCC_GetPCLK1Freq
 .text.HAL_RCCEx_PeriphCLKConfig
                0x08001118      0x11c CMakeFiles/Firmware.elf.dir/Drivers/STM32F0xx_HAL_Driver/Src/stm32f0xx_hal_rcc_ex.c.obj
                0x08001118                HAL_RCCEx_PeriphCLKConfig
 .text.TIM_OC1_SetConfig
                0x08001234       0x78 CMakeFiles/Firmware.elf.dir/Drivers/STM32F0xx_HAL_Driver/Src/stm32f0xx_hal_tim.c.obj
 .text.TIM_OC3_SetConfig
                0x080012ac       0x88 CMakeFiles/Firmware.elf.dir/Drivers/STM32F0xx_HAL_Driver/Src/stm32f0xx_hal_tim.c.obj
 .text.TIM_OC4_SetConfig
                0x08001334       0x68 CMakeFiles/Firmware.elf.dir/Drivers/STM32F0xx_HAL_Driver/Src/stm32f0xx_hal_tim.c.obj
 .text.TIM_TI1_ConfigInputStage
                0x0800139c       0x22 CMakeFiles/Firmware.elf.dir/Drivers/STM32F0xx_HAL_Driver/Src/stm32f0xx_hal_tim.c.obj
 *fill*         0x080013be        0x2 
 .text.TIM_TI2_SetConfig
                0x080013c0       0x38 CMakeFiles/Firmware.elf.dir/Drivers/STM32F0xx_HAL_Driver/Src/stm32f0xx_hal_tim.c.obj
 .text.TIM_TI2_ConfigInputStage
                0x080013f8       0x28 CMakeFiles/Firmware.elf.dir/Drivers/STM32F0xx_HAL_Driver/Src/stm32f0xx_hal_tim.c.obj
 .text.TIM_TI3_SetConfig
                0x08001420       0x3c CMakeFiles/Firmware.elf.dir/Drivers/STM32F0xx_HAL_Driver/Src/stm32f0xx_hal_tim.c.obj
 .text.TIM_TI4_SetConfig
                0x0800145c       0x44 CMakeFiles/Firmware.elf.dir/Drivers/STM32F0xx_HAL_Driver/Src/stm32f0xx_hal_tim.c.obj
 .text.TIM_ITRx_SetConfig
                0x080014a0       0x10 CMakeFiles/Firmware.elf.dir/Drivers/STM32F0xx_HAL_Driver/Src/stm32f0xx_hal_tim.c.obj
 .text.HAL_TIM_Base_Start_IT
                0x080014b0       0x58 CMakeFiles/Firmware.elf.dir/Drivers/STM32F0xx_HAL_Driver/Src/stm32f0xx_hal_tim.c.obj
                0x080014b0                HAL_TIM_Base_Start_IT
 .text.HAL_TIM_PWM_MspInit
                0x08001508        0x2 CMakeFiles/Firmware.elf.dir/Drivers/STM32F0xx_HAL_Driver/Src/stm32f0xx_hal_tim.c.obj
                0x08001508                HAL_TIM_PWM_MspInit
 .text.HAL_TIM_IC_MspInit
                0x0800150a        0x2 CMakeFiles/Firmware.elf.dir/Drivers/STM32F0xx_HAL_Driver/Src/stm32f0xx_hal_tim.c.obj
                0x0800150a                HAL_TIM_IC_MspInit
 .text.HAL_TIM_OC_DelayElapsedCallback
                0x0800150c        0x2 CMakeFiles/Firmware.elf.dir/Drivers/STM32F0xx_HAL_Driver/Src/stm32f0xx_hal_tim.c.obj
                0x0800150c                HAL_TIM_OC_DelayElapsedCallback
 .text.HAL_TIM_IC_CaptureCallback
                0x0800150e        0x2 CMakeFiles/Firmware.elf.dir/Drivers/STM32F0xx_HAL_Driver/Src/stm32f0xx_hal_tim.c.obj
                0x0800150e                HAL_TIM_IC_CaptureCallback
 .text.HAL_TIM_PWM_PulseFinishedCallback
                0x08001510        0x2 CMakeFiles/Firmware.elf.dir/Drivers/STM32F0xx_HAL_Driver/Src/stm32f0xx_hal_tim.c.obj
                0x08001510                HAL_TIM_PWM_PulseFinishedCallback
 .text.HAL_TIM_TriggerCallback
                0x08001512        0x2 CMakeFiles/Firmware.elf.dir/Drivers/STM32F0xx_HAL_Driver/Src/stm32f0xx_hal_tim.c.obj
                0x08001512                HAL_TIM_TriggerCallback
 .text.HAL_TIM_IRQHandler
                0x08001514      0x13e CMakeFiles/Firmware.elf.dir/Drivers/STM32F0xx_HAL_Driver/Src/stm32f0xx_hal_tim.c.obj
                0x08001514                HAL_TIM_IRQHandler
 *fill*         0x08001652        0x2 
 .text.TIM_Base_SetConfig
                0x08001654       0x90 CMakeFiles/Firmware.elf.dir/Drivers/STM32F0xx_HAL_Driver/Src/stm32f0xx_hal_tim.c.obj
                0x08001654                TIM_Base_SetConfig
 .text.HAL_TIM_Base_Init
                0x080016e4       0x58 CMakeFiles/Firmware.elf.dir/Drivers/STM32F0xx_HAL_Driver/Src/stm32f0xx_hal_tim.c.obj
                0x080016e4                HAL_TIM_Base_Init
 .text.HAL_TIM_PWM_Init
                0x0800173c       0x58 CMakeFiles/Firmware.elf.dir/Drivers/STM32F0xx_HAL_Driver/Src/stm32f0xx_hal_tim.c.obj
                0x0800173c                HAL_TIM_PWM_Init
 .text.HAL_TIM_IC_Init
                0x08001794       0x58 CMakeFiles/Firmware.elf.dir/Drivers/STM32F0xx_HAL_Driver/Src/stm32f0xx_hal_tim.c.obj
                0x08001794                HAL_TIM_IC_Init
 .text.HAL_TIM_Encoder_Init
                0x080017ec       0xbc CMakeFiles/Firmware.elf.dir/Drivers/STM32F0xx_HAL_Driver/Src/stm32f0xx_hal_tim.c.obj
                0x080017ec                HAL_TIM_Encoder_Init
 .text.TIM_OC2_SetConfig
                0x080018a8       0x80 CMakeFiles/Firmware.elf.dir/Drivers/STM32F0xx_HAL_Driver/Src/stm32f0xx_hal_tim.c.obj
                0x080018a8                TIM_OC2_SetConfig
 .text.HAL_TIM_PWM_ConfigChannel
                0x08001928       0xf0 CMakeFiles/Firmware.elf.dir/Drivers/STM32F0xx_HAL_Driver/Src/stm32f0xx_hal_tim.c.obj
                0x08001928                HAL_TIM_PWM_ConfigChannel
 .text.TIM_TI1_SetConfig
                0x08001a18       0x4c CMakeFiles/Firmware.elf.dir/Drivers/STM32F0xx_HAL_Driver/Src/stm32f0xx_hal_tim.c.obj
                0x08001a18                TIM_TI1_SetConfig
 .text.HAL_TIM_IC_ConfigChannel
                0x08001a64       0xcc CMakeFiles/Firmware.elf.dir/Drivers/STM32F0xx_HAL_Driver/Src/stm32f0xx_hal_tim.c.obj
                0x08001a64                HAL_TIM_IC_ConfigChannel
 .text.TIM_ETR_SetConfig
                0x08001b30       0x18 CMakeFiles/Firmware.elf.dir/Drivers/STM32F0xx_HAL_Driver/Src/stm32f0xx_hal_tim.c.obj
                0x08001b30                TIM_ETR_SetConfig
 .text.HAL_TIM_ConfigClockSource
                0x08001b48      0x108 CMakeFiles/Firmware.elf.dir/Drivers/STM32F0xx_HAL_Driver/Src/stm32f0xx_hal_tim.c.obj
                0x08001b48                HAL_TIM_ConfigClockSource
 .text.TIM_CCxChannelCmd
                0x08001c50       0x1a CMakeFiles/Firmware.elf.dir/Drivers/STM32F0xx_HAL_Driver/Src/stm32f0xx_hal_tim.c.obj
                0x08001c50                TIM_CCxChannelCmd
 *fill*         0x08001c6a        0x2 
 .text.HAL_TIM_PWM_Start
                0x08001c6c       0xe4 CMakeFiles/Firmware.elf.dir/Drivers/STM32F0xx_HAL_Driver/Src/stm32f0xx_hal_tim.c.obj
                0x08001c6c                HAL_TIM_PWM_Start
 .text.HAL_TIM_Encoder_Start
                0x08001d50       0xc8 CMakeFiles/Firmware.elf.dir/Drivers/STM32F0xx_HAL_Driver/Src/stm32f0xx_hal_tim.c.obj
                0x08001d50                HAL_TIM_Encoder_Start
 .text.HAL_TIMEx_MasterConfigSynchronization
                0x08001e18       0x5c CMakeFiles/Firmware.elf.dir/Drivers/STM32F0xx_HAL_Driver/Src/stm32f0xx_hal_tim_ex.c.obj
                0x08001e18                HAL_TIMEx_MasterConfigSynchronization
 .text.HAL_TIMEx_ConfigBreakDeadTime
                0x08001e74       0x6c CMakeFiles/Firmware.elf.dir/Drivers/STM32F0xx_HAL_Driver/Src/stm32f0xx_hal_tim_ex.c.obj
                0x08001e74                HAL_TIMEx_ConfigBreakDeadTime
 .text.HAL_TIMEx_CommutCallback
                0x08001ee0        0x2 CMakeFiles/Firmware.elf.dir/Drivers/STM32F0xx_HAL_Driver/Src/stm32f0xx_hal_tim_ex.c.obj
                0x08001ee0                HAL_TIMEx_CommutCallback
 .text.HAL_TIMEx_BreakCallback
                0x08001ee2        0x2 CMakeFiles/Firmware.elf.dir/Drivers/STM32F0xx_HAL_Driver/Src/stm32f0xx_hal_tim_ex.c.obj
                0x08001ee2                HAL_TIMEx_BreakCallback
 .text.UART_EndRxTransfer
                0x08001ee4       0x60 CMakeFiles/Firmware.elf.dir/Drivers/STM32F0xx_HAL_Driver/Src/stm32f0xx_hal_uart.c.obj
 .text.UART_SetConfig
                0x08001f44      0x150 CMakeFiles/Firmware.elf.dir/Drivers/STM32F0xx_HAL_Driver/Src/stm32f0xx_hal_uart.c.obj
                0x08001f44                UART_SetConfig
 .text.UART_AdvFeatureConfig
                0x08002094       0xe0 CMakeFiles/Firmware.elf.dir/Drivers/STM32F0xx_HAL_Driver/Src/stm32f0xx_hal_uart.c.obj
                0x08002094                UART_AdvFeatureConfig
 .text.UART_WaitOnFlagUntilTimeout
                0x08002174       0x9e CMakeFiles/Firmware.elf.dir/Drivers/STM32F0xx_HAL_Driver/Src/stm32f0xx_hal_uart.c.obj
                0x08002174                UART_WaitOnFlagUntilTimeout
 .text.HAL_UART_Transmit
                0x08002212       0xf2 CMakeFiles/Firmware.elf.dir/Drivers/STM32F0xx_HAL_Driver/Src/stm32f0xx_hal_uart.c.obj
                0x08002212                HAL_UART_Transmit
 .text.HAL_UART_Receive
                0x08002304      0x130 CMakeFiles/Firmware.elf.dir/Drivers/STM32F0xx_HAL_Driver/Src/stm32f0xx_hal_uart.c.obj
                0x08002304                HAL_UART_Receive
 .text.UART_CheckIdleState
                0x08002434       0xd0 CMakeFiles/Firmware.elf.dir/Drivers/STM32F0xx_HAL_Driver/Src/stm32f0xx_hal_uart.c.obj
                0x08002434                UART_CheckIdleState
 .text.HAL_UART_Init
                0x08002504       0x6c CMakeFiles/Firmware.elf.dir/Drivers/STM32F0xx_HAL_Driver/Src/stm32f0xx_hal_uart.c.obj
                0x08002504                HAL_UART_Init
 .text.MX_GPIO_Init
                0x08002570       0xa4 CMakeFiles/Firmware.elf.dir/Src/gpio.c.obj
                0x08002570                MX_GPIO_Init
 .text.Error_Handler
                0x08002614        0x4 CMakeFiles/Firmware.elf.dir/Src/main.c.obj
                0x08002614                Error_Handler
 .text.SystemClock_Config
                0x08002618       0x7e CMakeFiles/Firmware.elf.dir/Src/main.c.obj
                0x08002618                SystemClock_Config
 *fill*         0x08002696        0x2 
 .text.main     0x08002698       0x3c CMakeFiles/Firmware.elf.dir/Src/main.c.obj
                0x08002698                main
 .text.HAL_MspInit
                0x080026d4       0x30 CMakeFiles/Firmware.elf.dir/Src/stm32f0xx_hal_msp.c.obj
                0x080026d4                HAL_MspInit
 .text.NMI_Handler
                0x08002704        0x2 CMakeFiles/Firmware.elf.dir/Src/stm32f0xx_it.c.obj
                0x08002704                NMI_Handler
 .text.HardFault_Handler
                0x08002706        0x2 CMakeFiles/Firmware.elf.dir/Src/stm32f0xx_it.c.obj
                0x08002706                HardFault_Handler
 .text.SVC_Handler
                0x08002708        0x2 CMakeFiles/Firmware.elf.dir/Src/stm32f0xx_it.c.obj
                0x08002708                SVC_Handler
 .text.PendSV_Handler
                0x0800270a        0x2 CMakeFiles/Firmware.elf.dir/Src/stm32f0xx_it.c.obj
                0x0800270a                PendSV_Handler
 .text.SysTick_Handler
                0x0800270c        0x8 CMakeFiles/Firmware.elf.dir/Src/stm32f0xx_it.c.obj
                0x0800270c                SysTick_Handler
 .text.TIM1_BRK_UP_TRG_COM_IRQHandler
                0x08002714       0x10 CMakeFiles/Firmware.elf.dir/Src/stm32f0xx_it.c.obj
                0x08002714                TIM1_BRK_UP_TRG_COM_IRQHandler
 .text.TIM1_CC_IRQHandler
                0x08002724       0x10 CMakeFiles/Firmware.elf.dir/Src/stm32f0xx_it.c.obj
                0x08002724                TIM1_CC_IRQHandler
 .text.TIM17_IRQHandler
                0x08002734       0x10 CMakeFiles/Firmware.elf.dir/Src/stm32f0xx_it.c.obj
                0x08002734                TIM17_IRQHandler
 .text.HAL_TIM_PeriodElapsedCallback
                0x08002744       0x14 CMakeFiles/Firmware.elf.dir/Src/stm32f0xx_it.c.obj
                0x08002744                HAL_TIM_PeriodElapsedCallback
 .text._sbrk    0x08002758       0x48 CMakeFiles/Firmware.elf.dir/Src/sysmem.c.obj
                0x08002758                _sbrk
 .text.SystemInit
                0x080027a0        0x2 CMakeFiles/Firmware.elf.dir/Src/system_stm32f0xx.c.obj
                0x080027a0                SystemInit
 *fill*         0x080027a2        0x2 
 .text.MX_TIM3_Init
                0x080027a4       0x6c CMakeFiles/Firmware.elf.dir/Src/tim.c.obj
                0x080027a4                MX_TIM3_Init
 .text.MX_TIM17_Init
                0x08002810       0x38 CMakeFiles/Firmware.elf.dir/Src/tim.c.obj
                0x08002810                MX_TIM17_Init
 .text.HAL_TIM_Base_MspInit
                0x08002848       0xb4 CMakeFiles/Firmware.elf.dir/Src/tim.c.obj
                0x08002848                HAL_TIM_Base_MspInit
 .text.HAL_TIM_Encoder_MspInit
                0x080028fc       0x60 CMakeFiles/Firmware.elf.dir/Src/tim.c.obj
                0x080028fc                HAL_TIM_Encoder_MspInit
 .text.HAL_TIM_MspPostInit
                0x0800295c       0x54 CMakeFiles/Firmware.elf.dir/Src/tim.c.obj
                0x0800295c                HAL_TIM_MspPostInit
 .text.MX_TIM1_Init
                0x080029b0      0x130 CMakeFiles/Firmware.elf.dir/Src/tim.c.obj
                0x080029b0                MX_TIM1_Init
 .text.MX_USART1_UART_Init
                0x08002ae0       0x3c CMakeFiles/Firmware.elf.dir/Src/usart.c.obj
                0x08002ae0                MX_USART1_UART_Init
 .text.HAL_UART_MspInit
                0x08002b1c       0x68 CMakeFiles/Firmware.elf.dir/Src/usart.c.obj
                0x08002b1c                HAL_UART_MspInit
 .text.Reset_Handler
                0x08002b84       0x50 CMakeFiles/Firmware.elf.dir/Startup/startup_stm32f030f4px.s.obj
                0x08002b84                Reset_Handler
 .text.Default_Handler
                0x08002bd4        0x2 CMakeFiles/Firmware.elf.dir/Startup/startup_stm32f030f4px.s.obj
                0x08002bd4                I2C1_IRQHandler
                0x08002bd4                SPI1_IRQHandler
                0x08002bd4                EXTI2_3_IRQHandler
                0x08002bd4                ADC1_IRQHandler
                0x08002bd4                RTC_IRQHandler
                0x08002bd4                TIM16_IRQHandler
                0x08002bd4                TIM3_IRQHandler
                0x08002bd4                EXTI4_15_IRQHandler
                0x08002bd4                RCC_IRQHandler
                0x08002bd4                DMA1_Channel1_IRQHandler
                0x08002bd4                Default_Handler
                0x08002bd4                TIM14_IRQHandler
                0x08002bd4                DMA1_Channel4_5_IRQHandler
                0x08002bd4                EXTI0_1_IRQHandler
                0x08002bd4                WWDG_IRQHandler
                0x08002bd4                DMA1_Channel2_3_IRQHandler
                0x08002bd4                FLASH_IRQHandler
                0x08002bd4                USART1_IRQHandler
 *fill*         0x08002bd6        0x2 
 .text.__errno  0x08002bd8        0xc e:/toolchains/gcc-arm-none-eabi-10.3-2021.10/bin/../lib/gcc/arm-none-eabi/10.3.1/../../../../arm-none-eabi/lib/thumb/v6-m/nofp\libg.a(lib_a-errno.o)
                0x08002bd8                __errno
 .text.__libc_init_array
                0x08002be4       0x44 e:/toolchains/gcc-arm-none-eabi-10.3-2021.10/bin/../lib/gcc/arm-none-eabi/10.3.1/../../../../arm-none-eabi/lib/thumb/v6-m/nofp\libg.a(lib_a-init.o)
                0x08002be4                __libc_init_array
 .text.memcpy   0x08002c28       0xa4 e:/toolchains/gcc-arm-none-eabi-10.3-2021.10/bin/../lib/gcc/arm-none-eabi/10.3.1/../../../../arm-none-eabi/lib/thumb/v6-m/nofp\libg.a(lib_a-memcpy-stub.o)
                0x08002c28                memcpy
 .text.memset   0x08002ccc       0xa8 e:/toolchains/gcc-arm-none-eabi-10.3-2021.10/bin/../lib/gcc/arm-none-eabi/10.3.1/../../../../arm-none-eabi/lib/thumb/v6-m/nofp\libg.a(lib_a-memset.o)
                0x08002ccc                memset
 .text.setvbuf  0x08002d74      0x1bc e:/toolchains/gcc-arm-none-eabi-10.3-2021.10/bin/../lib/gcc/arm-none-eabi/10.3.1/../../../../arm-none-eabi/lib/thumb/v6-m/nofp\libg.a(lib_a-setvbuf.o)
                0x08002d74                setvbuf
 .text.startup.register_fini
                0x08002f30       0x18 e:/toolchains/gcc-arm-none-eabi-10.3-2021.10/bin/../lib/gcc/arm-none-eabi/10.3.1/../../../../arm-none-eabi/lib/thumb/v6-m/nofp\libg.a(lib_a-__call_atexit.o)
 .text.atexit   0x08002f48       0x10 e:/toolchains/gcc-arm-none-eabi-10.3-2021.10/bin/../lib/gcc/arm-none-eabi/10.3.1/../../../../arm-none-eabi/lib/thumb/v6-m/nofp\libg.a(lib_a-atexit.o)
                0x08002f48                atexit
 .text.__sflush_r
                0x08002f58      0x140 e:/toolchains/gcc-arm-none-eabi-10.3-2021.10/bin/../lib/gcc/arm-none-eabi/10.3.1/../../../../arm-none-eabi/lib/thumb/v6-m/nofp\libg.a(lib_a-fflush.o)
                0x08002f58                __sflush_r
 .text._fflush_r
                0x08003098       0x6c e:/toolchains/gcc-arm-none-eabi-10.3-2021.10/bin/../lib/gcc/arm-none-eabi/10.3.1/../../../../arm-none-eabi/lib/thumb/v6-m/nofp\libg.a(lib_a-fflush.o)
                0x08003098                _fflush_r
 .text._cleanup_r
                0x08003104       0x10 e:/toolchains/gcc-arm-none-eabi-10.3-2021.10/bin/../lib/gcc/arm-none-eabi/10.3.1/../../../../arm-none-eabi/lib/thumb/v6-m/nofp\libg.a(lib_a-findfp.o)
                0x08003104                _cleanup_r
 .text.__sinit  0x08003114      0x120 e:/toolchains/gcc-arm-none-eabi-10.3-2021.10/bin/../lib/gcc/arm-none-eabi/10.3.1/../../../../arm-none-eabi/lib/thumb/v6-m/nofp\libg.a(lib_a-findfp.o)
                0x08003114                __sinit
 .text.__sfp_lock_acquire
                0x08003234       0x10 e:/toolchains/gcc-arm-none-eabi-10.3-2021.10/bin/../lib/gcc/arm-none-eabi/10.3.1/../../../../arm-none-eabi/lib/thumb/v6-m/nofp\libg.a(lib_a-findfp.o)
                0x08003234                __sfp_lock_acquire
 .text.__sfp_lock_release
                0x08003244       0x10 e:/toolchains/gcc-arm-none-eabi-10.3-2021.10/bin/../lib/gcc/arm-none-eabi/10.3.1/../../../../arm-none-eabi/lib/thumb/v6-m/nofp\libg.a(lib_a-findfp.o)
                0x08003244                __sfp_lock_release
 .text.__libc_fini_array
                0x08003254       0x28 e:/toolchains/gcc-arm-none-eabi-10.3-2021.10/bin/../lib/gcc/arm-none-eabi/10.3.1/../../../../arm-none-eabi/lib/thumb/v6-m/nofp\libg.a(lib_a-fini.o)
                0x08003254                __libc_fini_array
 .text._malloc_trim_r
                0x0800327c       0x9c e:/toolchains/gcc-arm-none-eabi-10.3-2021.10/bin/../lib/gcc/arm-none-eabi/10.3.1/../../../../arm-none-eabi/lib/thumb/v6-m/nofp\libg.a(lib_a-freer.o)
                0x0800327c                _malloc_trim_r
 .text._free_r  0x08003318      0x1c4 e:/toolchains/gcc-arm-none-eabi-10.3-2021.10/bin/../lib/gcc/arm-none-eabi/10.3.1/../../../../arm-none-eabi/lib/thumb/v6-m/nofp\libg.a(lib_a-freer.o)
                0x08003318                _free_r
 .text._fwalk_reent
                0x080034dc       0x48 e:/toolchains/gcc-arm-none-eabi-10.3-2021.10/bin/../lib/gcc/arm-none-eabi/10.3.1/../../../../arm-none-eabi/lib/thumb/v6-m/nofp\libg.a(lib_a-fwalk.o)
                0x080034dc                _fwalk_reent
 .text.__retarget_lock_init_recursive
                0x08003524        0x4 e:/toolchains/gcc-arm-none-eabi-10.3-2021.10/bin/../lib/gcc/arm-none-eabi/10.3.1/../../../../arm-none-eabi/lib/thumb/v6-m/nofp\libg.a(lib_a-lock.o)
                0x08003524                __retarget_lock_init_recursive
 .text.__retarget_lock_close_recursive
                0x08003528        0x4 e:/toolchains/gcc-arm-none-eabi-10.3-2021.10/bin/../lib/gcc/arm-none-eabi/10.3.1/../../../../arm-none-eabi/lib/thumb/v6-m/nofp\libg.a(lib_a-lock.o)
                0x08003528                __retarget_lock_close_recursive
 .text.__retarget_lock_acquire_recursive
                0x0800352c        0x4 e:/toolchains/gcc-arm-none-eabi-10.3-2021.10/bin/../lib/gcc/arm-none-eabi/10.3.1/../../../../arm-none-eabi/lib/thumb/v6-m/nofp\libg.a(lib_a-lock.o)
                0x0800352c                __retarget_lock_acquire_recursive
 .text.__retarget_lock_release_recursive
                0x08003530        0x4 e:/toolchains/gcc-arm-none-eabi-10.3-2021.10/bin/../lib/gcc/arm-none-eabi/10.3.1/../../../../arm-none-eabi/lib/thumb/v6-m/nofp\libg.a(lib_a-lock.o)
                0x08003530                __retarget_lock_release_recursive
 .text.__swhatbuf_r
                0x08003534       0x60 e:/toolchains/gcc-arm-none-eabi-10.3-2021.10/bin/../lib/gcc/arm-none-eabi/10.3.1/../../../../arm-none-eabi/lib/thumb/v6-m/nofp\libg.a(lib_a-makebuf.o)
                0x08003534                __swhatbuf_r
 .text.malloc   0x08003594       0x14 e:/toolchains/gcc-arm-none-eabi-10.3-2021.10/bin/../lib/gcc/arm-none-eabi/10.3.1/../../../../arm-none-eabi/lib/thumb/v6-m/nofp\libg.a(lib_a-malloc.o)
                0x08003594                malloc
 .text._malloc_r
                0x080035a8      0x584 e:/toolchains/gcc-arm-none-eabi-10.3-2021.10/bin/../lib/gcc/arm-none-eabi/10.3.1/../../../../arm-none-eabi/lib/thumb/v6-m/nofp\libg.a(lib_a-mallocr.o)
                0x080035a8                _malloc_r
 .text.__malloc_lock
                0x08003b2c       0x10 e:/toolchains/gcc-arm-none-eabi-10.3-2021.10/bin/../lib/gcc/arm-none-eabi/10.3.1/../../../../arm-none-eabi/lib/thumb/v6-m/nofp\libg.a(lib_a-mlock.o)
                0x08003b2c                __malloc_lock
 .text.__malloc_unlock
                0x08003b3c       0x10 e:/toolchains/gcc-arm-none-eabi-10.3-2021.10/bin/../lib/gcc/arm-none-eabi/10.3.1/../../../../arm-none-eabi/lib/thumb/v6-m/nofp\libg.a(lib_a-mlock.o)
                0x08003b3c                __malloc_unlock
 .text._sbrk_r  0x08003b4c       0x24 e:/toolchains/gcc-arm-none-eabi-10.3-2021.10/bin/../lib/gcc/arm-none-eabi/10.3.1/../../../../arm-none-eabi/lib/thumb/v6-m/nofp\libg.a(lib_a-sbrkr.o)
                0x08003b4c                _sbrk_r
 .text.__sread  0x08003b70       0x28 e:/toolchains/gcc-arm-none-eabi-10.3-2021.10/bin/../lib/gcc/arm-none-eabi/10.3.1/../../../../arm-none-eabi/lib/thumb/v6-m/nofp\libg.a(lib_a-stdio.o)
                0x08003b70                __sread
 .text.__swrite
                0x08003b98       0x40 e:/toolchains/gcc-arm-none-eabi-10.3-2021.10/bin/../lib/gcc/arm-none-eabi/10.3.1/../../../../arm-none-eabi/lib/thumb/v6-m/nofp\libg.a(lib_a-stdio.o)
                0x08003b98                __swrite
 .text.__sseek  0x08003bd8       0x2c e:/toolchains/gcc-arm-none-eabi-10.3-2021.10/bin/../lib/gcc/arm-none-eabi/10.3.1/../../../../arm-none-eabi/lib/thumb/v6-m/nofp\libg.a(lib_a-stdio.o)
                0x08003bd8                __sseek
 .text.__sclose
                0x08003c04        0xc e:/toolchains/gcc-arm-none-eabi-10.3-2021.10/bin/../lib/gcc/arm-none-eabi/10.3.1/../../../../arm-none-eabi/lib/thumb/v6-m/nofp\libg.a(lib_a-stdio.o)
                0x08003c04                __sclose
 .text._write_r
                0x08003c10       0x28 e:/toolchains/gcc-arm-none-eabi-10.3-2021.10/bin/../lib/gcc/arm-none-eabi/10.3.1/../../../../arm-none-eabi/lib/thumb/v6-m/nofp\libg.a(lib_a-writer.o)
                0x08003c10                _write_r
 .text.__register_exitproc
                0x08003c38       0xac e:/toolchains/gcc-arm-none-eabi-10.3-2021.10/bin/../lib/gcc/arm-none-eabi/10.3.1/../../../../arm-none-eabi/lib/thumb/v6-m/nofp\libg.a(lib_a-__atexit.o)
                0x08003c38                __register_exitproc
 .text._close_r
                0x08003ce4       0x24 e:/toolchains/gcc-arm-none-eabi-10.3-2021.10/bin/../lib/gcc/arm-none-eabi/10.3.1/../../../../arm-none-eabi/lib/thumb/v6-m/nofp\libg.a(lib_a-closer.o)
                0x08003ce4                _close_r
 .text._fclose_r
                0x08003d08       0xdc e:/toolchains/gcc-arm-none-eabi-10.3-2021.10/bin/../lib/gcc/arm-none-eabi/10.3.1/../../../../arm-none-eabi/lib/thumb/v6-m/nofp\libg.a(lib_a-fclose.o)
                0x08003d08                _fclose_r
 .text._fstat_r
                0x08003de4       0x28 e:/toolchains/gcc-arm-none-eabi-10.3-2021.10/bin/../lib/gcc/arm-none-eabi/10.3.1/../../../../arm-none-eabi/lib/thumb/v6-m/nofp\libg.a(lib_a-fstatr.o)
                0x08003de4                _fstat_r
 .text._lseek_r
                0x08003e0c       0x28 e:/toolchains/gcc-arm-none-eabi-10.3-2021.10/bin/../lib/gcc/arm-none-eabi/10.3.1/../../../../arm-none-eabi/lib/thumb/v6-m/nofp\libg.a(lib_a-lseekr.o)
                0x08003e0c                _lseek_r
 .text._read_r  0x08003e34       0x28 e:/toolchains/gcc-arm-none-eabi-10.3-2021.10/bin/../lib/gcc/arm-none-eabi/10.3.1/../../../../arm-none-eabi/lib/thumb/v6-m/nofp\libg.a(lib_a-readr.o)
                0x08003e34                _read_r
 *(.glue_7)
 .glue_7        0x08003e5c        0x0 linker stubs
 *(.glue_7t)
 .glue_7t       0x08003e5c        0x0 linker stubs
 *(.eh_frame)
 .eh_frame      0x08003e5c        0x0 e:/toolchains/gcc-arm-none-eabi-10.3-2021.10/bin/../lib/gcc/arm-none-eabi/10.3.1/thumb/v6-m/nofp/crtbegin.o
 *(.init)
 .init          0x08003e5c        0x4 e:/toolchains/gcc-arm-none-eabi-10.3-2021.10/bin/../lib/gcc/arm-none-eabi/10.3.1/thumb/v6-m/nofp/crti.o
                0x08003e5c                _init
 .init          0x08003e60        0x8 e:/toolchains/gcc-arm-none-eabi-10.3-2021.10/bin/../lib/gcc/arm-none-eabi/10.3.1/thumb/v6-m/nofp/crtn.o
 *(.fini)
 .fini          0x08003e68        0x4 e:/toolchains/gcc-arm-none-eabi-10.3-2021.10/bin/../lib/gcc/arm-none-eabi/10.3.1/thumb/v6-m/nofp/crti.o
                0x08003e68                _fini
 .fini          0x08003e6c        0x8 e:/toolchains/gcc-arm-none-eabi-10.3-2021.10/bin/../lib/gcc/arm-none-eabi/10.3.1/thumb/v6-m/nofp/crtn.o
                0x08003e74                . = ALIGN (0x4)
                0x08003e74                _etext = .

.vfp11_veneer   0x08003e74        0x0
 .vfp11_veneer  0x08003e74        0x0 linker stubs

.v4_bx          0x08003e74        0x0
 .v4_bx         0x08003e74        0x0 linker stubs

.iplt           0x08003e74        0x0
 .iplt          0x08003e74        0x0 e:/toolchains/gcc-arm-none-eabi-10.3-2021.10/bin/../lib/gcc/arm-none-eabi/10.3.1/thumb/v6-m/nofp/crtbegin.o

.rodata         0x08003e74       0xbc
                0x08003e74                . = ALIGN (0x4)
 *(.rodata)
 .rodata        0x08003e74       0x80 e:/toolchains/gcc-arm-none-eabi-10.3-2021.10/bin/../lib/gcc/arm-none-eabi/10.3.1/thumb/v6-m/nofp\libgcc.a(divsf3.o)
 *(.rodata*)
 .rodata.aPLLMULFactorTable.1
                0x08003ef4       0x10 CMakeFiles/Firmware.elf.dir/Drivers/STM32F0xx_HAL_Driver/Src/stm32f0xx_hal_rcc.c.obj
 .rodata.aPredivFactorTable.0
                0x08003f04       0x10 CMakeFiles/Firmware.elf.dir/Drivers/STM32F0xx_HAL_Driver/Src/stm32f0xx_hal_rcc.c.obj
 .rodata.AHBPrescTable
                0x08003f14       0x10 CMakeFiles/Firmware.elf.dir/Src/system_stm32f0xx.c.obj
                0x08003f14                AHBPrescTable
 .rodata.APBPrescTable
                0x08003f24        0x8 CMakeFiles/Firmware.elf.dir/Src/system_stm32f0xx.c.obj
                0x08003f24                APBPrescTable
 .rodata._global_impure_ptr
                0x08003f2c        0x4 e:/toolchains/gcc-arm-none-eabi-10.3-2021.10/bin/../lib/gcc/arm-none-eabi/10.3.1/../../../../arm-none-eabi/lib/thumb/v6-m/nofp\libg.a(lib_a-impure.o)
                0x08003f2c                _global_impure_ptr
                0x08003f30                . = ALIGN (0x4)

.rel.dyn        0x08003f30        0x0
 .rel.iplt      0x08003f30        0x0 e:/toolchains/gcc-arm-none-eabi-10.3-2021.10/bin/../lib/gcc/arm-none-eabi/10.3.1/thumb/v6-m/nofp/crtbegin.o

.ARM.extab      0x08003f30        0x0
                0x08003f30                . = ALIGN (0x4)
 *(.ARM.extab* .gnu.linkonce.armextab.*)
                0x08003f30                . = ALIGN (0x4)

.ARM            0x08003f30        0x0
                0x08003f30                . = ALIGN (0x4)
                0x08003f30                __exidx_start = .
 *(.ARM.exidx*)
                0x08003f30                __exidx_end = .
                0x08003f30                . = ALIGN (0x4)

.preinit_array  0x08003f30        0x0
                0x08003f30                . = ALIGN (0x4)
                0x08003f30                PROVIDE (__preinit_array_start = .)
 *(.preinit_array*)
                0x08003f30                PROVIDE (__preinit_array_end = .)
                0x08003f30                . = ALIGN (0x4)

.init_array     0x08003f30        0x8
                0x08003f30                . = ALIGN (0x4)
                0x08003f30                PROVIDE (__init_array_start = .)
 *(SORT_BY_NAME(.init_array.*))
 .init_array.00000
                0x08003f30        0x4 e:/toolchains/gcc-arm-none-eabi-10.3-2021.10/bin/../lib/gcc/arm-none-eabi/10.3.1/../../../../arm-none-eabi/lib/thumb/v6-m/nofp\libg.a(lib_a-__call_atexit.o)
 *(.init_array*)
 .init_array    0x08003f34        0x4 e:/toolchains/gcc-arm-none-eabi-10.3-2021.10/bin/../lib/gcc/arm-none-eabi/10.3.1/thumb/v6-m/nofp/crtbegin.o
                0x08003f38                PROVIDE (__init_array_end = .)
                0x08003f38                . = ALIGN (0x4)

.fini_array     0x08003f38        0x4
                0x08003f38                . = ALIGN (0x4)
                0x08003f38                PROVIDE (__fini_array_start = .)
 *(SORT_BY_NAME(.fini_array.*))
 *(.fini_array*)
 .fini_array    0x08003f38        0x4 e:/toolchains/gcc-arm-none-eabi-10.3-2021.10/bin/../lib/gcc/arm-none-eabi/10.3.1/thumb/v6-m/nofp/crtbegin.o
                0x08003f3c                PROVIDE (__fini_array_end = .)
                0x08003f3c                . = ALIGN (0x4)
                0x08003f3c                _sidata = LOADADDR (.data)

.data           0x20000000      0x84c load address 0x08003f3c
                0x20000000                . = ALIGN (0x4)
                0x20000000                _sdata = .
 *(.data)
 *(.data*)
 .data.uwTickFreq
                0x20000000        0x1 CMakeFiles/Firmware.elf.dir/Drivers/STM32F0xx_HAL_Driver/Src/stm32f0xx_hal.c.obj
                0x20000000                uwTickFreq
 *fill*         0x20000001        0x3 
 .data.uwTickPrio
                0x20000004        0x4 CMakeFiles/Firmware.elf.dir/Drivers/STM32F0xx_HAL_Driver/Src/stm32f0xx_hal.c.obj
                0x20000004                uwTickPrio
 .data.SystemCoreClock
                0x20000008        0x4 CMakeFiles/Firmware.elf.dir/Src/system_stm32f0xx.c.obj
                0x20000008                SystemCoreClock
 .data._impure_ptr
                0x2000000c        0x4 e:/toolchains/gcc-arm-none-eabi-10.3-2021.10/bin/../lib/gcc/arm-none-eabi/10.3.1/../../../../arm-none-eabi/lib/thumb/v6-m/nofp\libg.a(lib_a-impure.o)
                0x2000000c                _impure_ptr
 .data.impure_data
                0x20000010      0x428 e:/toolchains/gcc-arm-none-eabi-10.3-2021.10/bin/../lib/gcc/arm-none-eabi/10.3.1/../../../../arm-none-eabi/lib/thumb/v6-m/nofp\libg.a(lib_a-impure.o)
 .data.__atexit_recursive_mutex
                0x20000438        0x4 e:/toolchains/gcc-arm-none-eabi-10.3-2021.10/bin/../lib/gcc/arm-none-eabi/10.3.1/../../../../arm-none-eabi/lib/thumb/v6-m/nofp\libg.a(lib_a-__call_atexit.o)
                0x20000438                __atexit_recursive_mutex
 .data.__malloc_av_
                0x2000043c      0x408 e:/toolchains/gcc-arm-none-eabi-10.3-2021.10/bin/../lib/gcc/arm-none-eabi/10.3.1/../../../../arm-none-eabi/lib/thumb/v6-m/nofp\libg.a(lib_a-mallocr.o)
                0x2000043c                __malloc_av_
 .data.__malloc_sbrk_base
                0x20000844        0x4 e:/toolchains/gcc-arm-none-eabi-10.3-2021.10/bin/../lib/gcc/arm-none-eabi/10.3.1/../../../../arm-none-eabi/lib/thumb/v6-m/nofp\libg.a(lib_a-mallocr.o)
                0x20000844                __malloc_sbrk_base
 .data.__malloc_trim_threshold
                0x20000848        0x4 e:/toolchains/gcc-arm-none-eabi-10.3-2021.10/bin/../lib/gcc/arm-none-eabi/10.3.1/../../../../arm-none-eabi/lib/thumb/v6-m/nofp\libg.a(lib_a-mallocr.o)
                0x20000848                __malloc_trim_threshold
 *(.RamFunc)
 *(.RamFunc*)
                0x2000084c                . = ALIGN (0x4)
                0x2000084c                _edata = .

.igot.plt       0x2000084c        0x0 load address 0x08004788
 .igot.plt      0x2000084c        0x0 e:/toolchains/gcc-arm-none-eabi-10.3-2021.10/bin/../lib/gcc/arm-none-eabi/10.3.1/thumb/v6-m/nofp/crtbegin.o
                0x2000084c                . = ALIGN (0x4)

.bss            0x2000084c      0x2a0 load address 0x08004788
                0x2000084c                _sbss = .
                0x2000084c                __bss_start__ = _sbss
 *(.bss)
 .bss           0x2000084c       0x1c e:/toolchains/gcc-arm-none-eabi-10.3-2021.10/bin/../lib/gcc/arm-none-eabi/10.3.1/thumb/v6-m/nofp/crtbegin.o
 *(.bss*)
 .bss.position_pid
                0x20000868       0x20 CMakeFiles/Firmware.elf.dir/APP/PID.c.obj
                0x20000868                position_pid
 .bss.n20_counter
                0x20000888       0x14 CMakeFiles/Firmware.elf.dir/BSP/Encoder.c.obj
                0x20000888                n20_counter
 .bss.n20_encoder
                0x2000089c       0x4c CMakeFiles/Firmware.elf.dir/BSP/Encoder.c.obj
                0x2000089c                n20_encoder
 .bss.n20_motor
                0x200008e8       0x50 CMakeFiles/Firmware.elf.dir/BSP/Motor.c.obj
                0x200008e8                n20_motor
 .bss.gHuart    0x20000938        0x4 CMakeFiles/Firmware.elf.dir/BSP/Retarget.c.obj
                0x20000938                gHuart
 .bss.uwTick    0x2000093c        0x4 CMakeFiles/Firmware.elf.dir/Drivers/STM32F0xx_HAL_Driver/Src/stm32f0xx_hal.c.obj
                0x2000093c                uwTick
 .bss.__sbrk_heap_end
                0x20000940        0x4 CMakeFiles/Firmware.elf.dir/Src/sysmem.c.obj
 .bss.htim1     0x20000944       0x48 CMakeFiles/Firmware.elf.dir/Src/tim.c.obj
                0x20000944                htim1
 .bss.htim17    0x2000098c       0x48 CMakeFiles/Firmware.elf.dir/Src/tim.c.obj
                0x2000098c                htim17
 .bss.htim3     0x200009d4       0x48 CMakeFiles/Firmware.elf.dir/Src/tim.c.obj
                0x200009d4                htim3
 .bss.huart1    0x20000a1c       0x88 CMakeFiles/Firmware.elf.dir/Src/usart.c.obj
                0x20000a1c                huart1
 .bss.__lock___atexit_recursive_mutex
                0x20000aa4        0x1 e:/toolchains/gcc-arm-none-eabi-10.3-2021.10/bin/../lib/gcc/arm-none-eabi/10.3.1/../../../../arm-none-eabi/lib/thumb/v6-m/nofp\libg.a(lib_a-lock.o)
                0x20000aa4                __lock___atexit_recursive_mutex
 *fill*         0x20000aa5        0x3 
 .bss.__lock___malloc_recursive_mutex
                0x20000aa8        0x1 e:/toolchains/gcc-arm-none-eabi-10.3-2021.10/bin/../lib/gcc/arm-none-eabi/10.3.1/../../../../arm-none-eabi/lib/thumb/v6-m/nofp\libg.a(lib_a-lock.o)
                0x20000aa8                __lock___malloc_recursive_mutex
 *fill*         0x20000aa9        0x3 
 .bss.__lock___sfp_recursive_mutex
                0x20000aac        0x1 e:/toolchains/gcc-arm-none-eabi-10.3-2021.10/bin/../lib/gcc/arm-none-eabi/10.3.1/../../../../arm-none-eabi/lib/thumb/v6-m/nofp\libg.a(lib_a-lock.o)
                0x20000aac                __lock___sfp_recursive_mutex
 *fill*         0x20000aad        0x3 
 .bss.__lock___sinit_recursive_mutex
                0x20000ab0        0x1 e:/toolchains/gcc-arm-none-eabi-10.3-2021.10/bin/../lib/gcc/arm-none-eabi/10.3.1/../../../../arm-none-eabi/lib/thumb/v6-m/nofp\libg.a(lib_a-lock.o)
                0x20000ab0                __lock___sinit_recursive_mutex
 *fill*         0x20000ab1        0x3 
 .bss.__malloc_current_mallinfo
                0x20000ab4       0x28 e:/toolchains/gcc-arm-none-eabi-10.3-2021.10/bin/../lib/gcc/arm-none-eabi/10.3.1/../../../../arm-none-eabi/lib/thumb/v6-m/nofp\libg.a(lib_a-mallocr.o)
                0x20000ab4                __malloc_current_mallinfo
 .bss.__malloc_max_sbrked_mem
                0x20000adc        0x4 e:/toolchains/gcc-arm-none-eabi-10.3-2021.10/bin/../lib/gcc/arm-none-eabi/10.3.1/../../../../arm-none-eabi/lib/thumb/v6-m/nofp\libg.a(lib_a-mallocr.o)
                0x20000adc                __malloc_max_sbrked_mem
 .bss.__malloc_max_total_mem
                0x20000ae0        0x4 e:/toolchains/gcc-arm-none-eabi-10.3-2021.10/bin/../lib/gcc/arm-none-eabi/10.3.1/../../../../arm-none-eabi/lib/thumb/v6-m/nofp\libg.a(lib_a-mallocr.o)
                0x20000ae0                __malloc_max_total_mem
 .bss.__malloc_top_pad
                0x20000ae4        0x4 e:/toolchains/gcc-arm-none-eabi-10.3-2021.10/bin/../lib/gcc/arm-none-eabi/10.3.1/../../../../arm-none-eabi/lib/thumb/v6-m/nofp\libg.a(lib_a-mallocr.o)
                0x20000ae4                __malloc_top_pad
 .bss.errno     0x20000ae8        0x4 e:/toolchains/gcc-arm-none-eabi-10.3-2021.10/bin/../lib/gcc/arm-none-eabi/10.3.1/../../../../arm-none-eabi/lib/thumb/v6-m/nofp\libg.a(lib_a-reent.o)
                0x20000ae8                errno
 *(COMMON)
                0x20000aec                . = ALIGN (0x4)
                0x20000aec                _ebss = .
                0x20000aec                __bss_end__ = _ebss

._user_heap_stack
                0x20000aec      0x604 load address 0x08004788
                0x20000af0                . = ALIGN (0x8)
 *fill*         0x20000aec        0x4 
                [!provide]                PROVIDE (end = .)
                0x20000af0                PROVIDE (_end = .)
                0x20000cf0                . = (. + _Min_Heap_Size)
 *fill*         0x20000af0      0x200 
                0x200010f0                . = (. + _Min_Stack_Size)
 *fill*         0x20000cf0      0x400 
                0x200010f0                . = ALIGN (0x8)

/DISCARD/
 libc.a(*)
 libm.a(*)
 libgcc.a(*)

.ARM.attributes
                0x00000000       0x28
 *(.ARM.attributes)
 .ARM.attributes
                0x00000000       0x1e e:/toolchains/gcc-arm-none-eabi-10.3-2021.10/bin/../lib/gcc/arm-none-eabi/10.3.1/thumb/v6-m/nofp/crti.o
 .ARM.attributes
                0x0000001e       0x2c e:/toolchains/gcc-arm-none-eabi-10.3-2021.10/bin/../lib/gcc/arm-none-eabi/10.3.1/thumb/v6-m/nofp/crtbegin.o
 .ARM.attributes
                0x0000004a       0x2c CMakeFiles/Firmware.elf.dir/APP/PID.c.obj
 .ARM.attributes
                0x00000076       0x2c CMakeFiles/Firmware.elf.dir/BSP/Encoder.c.obj
 .ARM.attributes
                0x000000a2       0x2c CMakeFiles/Firmware.elf.dir/BSP/Motor.c.obj
 .ARM.attributes
                0x000000ce       0x2c CMakeFiles/Firmware.elf.dir/BSP/Retarget.c.obj
 .ARM.attributes
                0x000000fa       0x2c CMakeFiles/Firmware.elf.dir/Drivers/STM32F0xx_HAL_Driver/Src/stm32f0xx_hal.c.obj
 .ARM.attributes
                0x00000126       0x2c CMakeFiles/Firmware.elf.dir/Drivers/STM32F0xx_HAL_Driver/Src/stm32f0xx_hal_cortex.c.obj
 .ARM.attributes
                0x00000152       0x2c CMakeFiles/Firmware.elf.dir/Drivers/STM32F0xx_HAL_Driver/Src/stm32f0xx_hal_gpio.c.obj
 .ARM.attributes
                0x0000017e       0x2c CMakeFiles/Firmware.elf.dir/Drivers/STM32F0xx_HAL_Driver/Src/stm32f0xx_hal_rcc.c.obj
 .ARM.attributes
                0x000001aa       0x2c CMakeFiles/Firmware.elf.dir/Drivers/STM32F0xx_HAL_Driver/Src/stm32f0xx_hal_rcc_ex.c.obj
 .ARM.attributes
                0x000001d6       0x2c CMakeFiles/Firmware.elf.dir/Drivers/STM32F0xx_HAL_Driver/Src/stm32f0xx_hal_tim.c.obj
 .ARM.attributes
                0x00000202       0x2c CMakeFiles/Firmware.elf.dir/Drivers/STM32F0xx_HAL_Driver/Src/stm32f0xx_hal_tim_ex.c.obj
 .ARM.attributes
                0x0000022e       0x2c CMakeFiles/Firmware.elf.dir/Drivers/STM32F0xx_HAL_Driver/Src/stm32f0xx_hal_uart.c.obj
 .ARM.attributes
                0x0000025a       0x2c CMakeFiles/Firmware.elf.dir/Src/gpio.c.obj
 .ARM.attributes
                0x00000286       0x2c CMakeFiles/Firmware.elf.dir/Src/main.c.obj
 .ARM.attributes
                0x000002b2       0x2c CMakeFiles/Firmware.elf.dir/Src/stm32f0xx_hal_msp.c.obj
 .ARM.attributes
                0x000002de       0x2c CMakeFiles/Firmware.elf.dir/Src/stm32f0xx_it.c.obj
 .ARM.attributes
                0x0000030a       0x2c CMakeFiles/Firmware.elf.dir/Src/sysmem.c.obj
 .ARM.attributes
                0x00000336       0x2c CMakeFiles/Firmware.elf.dir/Src/system_stm32f0xx.c.obj
 .ARM.attributes
                0x00000362       0x2c CMakeFiles/Firmware.elf.dir/Src/tim.c.obj
 .ARM.attributes
                0x0000038e       0x2c CMakeFiles/Firmware.elf.dir/Src/usart.c.obj
 .ARM.attributes
                0x000003ba       0x21 CMakeFiles/Firmware.elf.dir/Startup/startup_stm32f030f4px.s.obj
 .ARM.attributes
                0x000003db       0x1e e:/toolchains/gcc-arm-none-eabi-10.3-2021.10/bin/../lib/gcc/arm-none-eabi/10.3.1/thumb/v6-m/nofp\libgcc.a(_udivsi3.o)
 .ARM.attributes
                0x000003f9       0x1e e:/toolchains/gcc-arm-none-eabi-10.3-2021.10/bin/../lib/gcc/arm-none-eabi/10.3.1/thumb/v6-m/nofp\libgcc.a(_dvmd_tls.o)
 .ARM.attributes
                0x00000417       0x2c e:/toolchains/gcc-arm-none-eabi-10.3-2021.10/bin/../lib/gcc/arm-none-eabi/10.3.1/thumb/v6-m/nofp\libgcc.a(divsf3.o)
 .ARM.attributes
                0x00000443       0x2c e:/toolchains/gcc-arm-none-eabi-10.3-2021.10/bin/../lib/gcc/arm-none-eabi/10.3.1/thumb/v6-m/nofp\libgcc.a(floatsisf.o)
 .ARM.attributes
                0x0000046f       0x2c e:/toolchains/gcc-arm-none-eabi-10.3-2021.10/bin/../lib/gcc/arm-none-eabi/10.3.1/thumb/v6-m/nofp\libgcc.a(floatunsisf.o)
 .ARM.attributes
                0x0000049b       0x1e e:/toolchains/gcc-arm-none-eabi-10.3-2021.10/bin/../lib/gcc/arm-none-eabi/10.3.1/thumb/v6-m/nofp\libgcc.a(_clzsi2.o)
 .ARM.attributes
                0x000004b9       0x2c e:/toolchains/gcc-arm-none-eabi-10.3-2021.10/bin/../lib/gcc/arm-none-eabi/10.3.1/../../../../arm-none-eabi/lib/thumb/v6-m/nofp\libg.a(lib_a-errno.o)
 .ARM.attributes
                0x000004e5       0x2c e:/toolchains/gcc-arm-none-eabi-10.3-2021.10/bin/../lib/gcc/arm-none-eabi/10.3.1/../../../../arm-none-eabi/lib/thumb/v6-m/nofp\libg.a(lib_a-impure.o)
 .ARM.attributes
                0x00000511       0x2c e:/toolchains/gcc-arm-none-eabi-10.3-2021.10/bin/../lib/gcc/arm-none-eabi/10.3.1/../../../../arm-none-eabi/lib/thumb/v6-m/nofp\libg.a(lib_a-init.o)
 .ARM.attributes
                0x0000053d       0x2c e:/toolchains/gcc-arm-none-eabi-10.3-2021.10/bin/../lib/gcc/arm-none-eabi/10.3.1/../../../../arm-none-eabi/lib/thumb/v6-m/nofp\libg.a(lib_a-memcpy-stub.o)
 .ARM.attributes
                0x00000569       0x2c e:/toolchains/gcc-arm-none-eabi-10.3-2021.10/bin/../lib/gcc/arm-none-eabi/10.3.1/../../../../arm-none-eabi/lib/thumb/v6-m/nofp\libg.a(lib_a-memset.o)
 .ARM.attributes
                0x00000595       0x2c e:/toolchains/gcc-arm-none-eabi-10.3-2021.10/bin/../lib/gcc/arm-none-eabi/10.3.1/../../../../arm-none-eabi/lib/thumb/v6-m/nofp\libg.a(lib_a-setvbuf.o)
 .ARM.attributes
                0x000005c1       0x2c e:/toolchains/gcc-arm-none-eabi-10.3-2021.10/bin/../lib/gcc/arm-none-eabi/10.3.1/../../../../arm-none-eabi/lib/thumb/v6-m/nofp\libg.a(lib_a-__call_atexit.o)
 .ARM.attributes
                0x000005ed       0x2c e:/toolchains/gcc-arm-none-eabi-10.3-2021.10/bin/../lib/gcc/arm-none-eabi/10.3.1/../../../../arm-none-eabi/lib/thumb/v6-m/nofp\libg.a(lib_a-atexit.o)
 .ARM.attributes
                0x00000619       0x2c e:/toolchains/gcc-arm-none-eabi-10.3-2021.10/bin/../lib/gcc/arm-none-eabi/10.3.1/../../../../arm-none-eabi/lib/thumb/v6-m/nofp\libg.a(lib_a-fflush.o)
 .ARM.attributes
                0x00000645       0x2c e:/toolchains/gcc-arm-none-eabi-10.3-2021.10/bin/../lib/gcc/arm-none-eabi/10.3.1/../../../../arm-none-eabi/lib/thumb/v6-m/nofp\libg.a(lib_a-findfp.o)
 .ARM.attributes
                0x00000671       0x2c e:/toolchains/gcc-arm-none-eabi-10.3-2021.10/bin/../lib/gcc/arm-none-eabi/10.3.1/../../../../arm-none-eabi/lib/thumb/v6-m/nofp\libg.a(lib_a-fini.o)
 .ARM.attributes
                0x0000069d       0x2c e:/toolchains/gcc-arm-none-eabi-10.3-2021.10/bin/../lib/gcc/arm-none-eabi/10.3.1/../../../../arm-none-eabi/lib/thumb/v6-m/nofp\libg.a(lib_a-freer.o)
 .ARM.attributes
                0x000006c9       0x2c e:/toolchains/gcc-arm-none-eabi-10.3-2021.10/bin/../lib/gcc/arm-none-eabi/10.3.1/../../../../arm-none-eabi/lib/thumb/v6-m/nofp\libg.a(lib_a-fwalk.o)
 .ARM.attributes
                0x000006f5       0x2c e:/toolchains/gcc-arm-none-eabi-10.3-2021.10/bin/../lib/gcc/arm-none-eabi/10.3.1/../../../../arm-none-eabi/lib/thumb/v6-m/nofp\libg.a(lib_a-lock.o)
 .ARM.attributes
                0x00000721       0x2c e:/toolchains/gcc-arm-none-eabi-10.3-2021.10/bin/../lib/gcc/arm-none-eabi/10.3.1/../../../../arm-none-eabi/lib/thumb/v6-m/nofp\libg.a(lib_a-makebuf.o)
 .ARM.attributes
                0x0000074d       0x2c e:/toolchains/gcc-arm-none-eabi-10.3-2021.10/bin/../lib/gcc/arm-none-eabi/10.3.1/../../../../arm-none-eabi/lib/thumb/v6-m/nofp\libg.a(lib_a-malloc.o)
 .ARM.attributes
                0x00000779       0x2c e:/toolchains/gcc-arm-none-eabi-10.3-2021.10/bin/../lib/gcc/arm-none-eabi/10.3.1/../../../../arm-none-eabi/lib/thumb/v6-m/nofp\libg.a(lib_a-mallocr.o)
 .ARM.attributes
                0x000007a5       0x2c e:/toolchains/gcc-arm-none-eabi-10.3-2021.10/bin/../lib/gcc/arm-none-eabi/10.3.1/../../../../arm-none-eabi/lib/thumb/v6-m/nofp\libg.a(lib_a-mlock.o)
 .ARM.attributes
                0x000007d1       0x2c e:/toolchains/gcc-arm-none-eabi-10.3-2021.10/bin/../lib/gcc/arm-none-eabi/10.3.1/../../../../arm-none-eabi/lib/thumb/v6-m/nofp\libg.a(lib_a-sbrkr.o)
 .ARM.attributes
                0x000007fd       0x2c e:/toolchains/gcc-arm-none-eabi-10.3-2021.10/bin/../lib/gcc/arm-none-eabi/10.3.1/../../../../arm-none-eabi/lib/thumb/v6-m/nofp\libg.a(lib_a-stdio.o)
 .ARM.attributes
                0x00000829       0x2c e:/toolchains/gcc-arm-none-eabi-10.3-2021.10/bin/../lib/gcc/arm-none-eabi/10.3.1/../../../../arm-none-eabi/lib/thumb/v6-m/nofp\libg.a(lib_a-writer.o)
 .ARM.attributes
                0x00000855       0x2c e:/toolchains/gcc-arm-none-eabi-10.3-2021.10/bin/../lib/gcc/arm-none-eabi/10.3.1/../../../../arm-none-eabi/lib/thumb/v6-m/nofp\libg.a(lib_a-__atexit.o)
 .ARM.attributes
                0x00000881       0x2c e:/toolchains/gcc-arm-none-eabi-10.3-2021.10/bin/../lib/gcc/arm-none-eabi/10.3.1/../../../../arm-none-eabi/lib/thumb/v6-m/nofp\libg.a(lib_a-closer.o)
 .ARM.attributes
                0x000008ad       0x2c e:/toolchains/gcc-arm-none-eabi-10.3-2021.10/bin/../lib/gcc/arm-none-eabi/10.3.1/../../../../arm-none-eabi/lib/thumb/v6-m/nofp\libg.a(lib_a-fclose.o)
 .ARM.attributes
                0x000008d9       0x2c e:/toolchains/gcc-arm-none-eabi-10.3-2021.10/bin/../lib/gcc/arm-none-eabi/10.3.1/../../../../arm-none-eabi/lib/thumb/v6-m/nofp\libg.a(lib_a-fstatr.o)
 .ARM.attributes
                0x00000905       0x2c e:/toolchains/gcc-arm-none-eabi-10.3-2021.10/bin/../lib/gcc/arm-none-eabi/10.3.1/../../../../arm-none-eabi/lib/thumb/v6-m/nofp\libg.a(lib_a-lseekr.o)
 .ARM.attributes
                0x00000931       0x2c e:/toolchains/gcc-arm-none-eabi-10.3-2021.10/bin/../lib/gcc/arm-none-eabi/10.3.1/../../../../arm-none-eabi/lib/thumb/v6-m/nofp\libg.a(lib_a-readr.o)
 .ARM.attributes
                0x0000095d       0x2c e:/toolchains/gcc-arm-none-eabi-10.3-2021.10/bin/../lib/gcc/arm-none-eabi/10.3.1/../../../../arm-none-eabi/lib/thumb/v6-m/nofp\libg.a(lib_a-reent.o)
 .ARM.attributes
                0x00000989       0x1e e:/toolchains/gcc-arm-none-eabi-10.3-2021.10/bin/../lib/gcc/arm-none-eabi/10.3.1/thumb/v6-m/nofp/crtn.o
OUTPUT(Firmware.elf elf32-littlearm)
LOAD linker stubs
LOAD e:/toolchains/gcc-arm-none-eabi-10.3-2021.10/bin/../lib/gcc/arm-none-eabi/10.3.1/../../../../arm-none-eabi/lib/thumb/v6-m/nofp\libc.a
LOAD e:/toolchains/gcc-arm-none-eabi-10.3-2021.10/bin/../lib/gcc/arm-none-eabi/10.3.1/../../../../arm-none-eabi/lib/thumb/v6-m/nofp\libm.a
LOAD e:/toolchains/gcc-arm-none-eabi-10.3-2021.10/bin/../lib/gcc/arm-none-eabi/10.3.1/thumb/v6-m/nofp\libgcc.a

.debug_info     0x00000000    0x1323b
 .debug_info    0x00000000      0x931 CMakeFiles/Firmware.elf.dir/APP/PID.c.obj
 .debug_info    0x00000931      0x82f CMakeFiles/Firmware.elf.dir/BSP/Encoder.c.obj
 .debug_info    0x00001160      0x8fd CMakeFiles/Firmware.elf.dir/BSP/Motor.c.obj
 .debug_info    0x00001a5d     0x13d3 CMakeFiles/Firmware.elf.dir/BSP/Retarget.c.obj
 .debug_info    0x00002e30      0x719 CMakeFiles/Firmware.elf.dir/Drivers/STM32F0xx_HAL_Driver/Src/stm32f0xx_hal.c.obj
 .debug_info    0x00003549      0x81c CMakeFiles/Firmware.elf.dir/Drivers/STM32F0xx_HAL_Driver/Src/stm32f0xx_hal_cortex.c.obj
 .debug_info    0x00003d65      0x64a CMakeFiles/Firmware.elf.dir/Drivers/STM32F0xx_HAL_Driver/Src/stm32f0xx_hal_gpio.c.obj
 .debug_info    0x000043af      0xa66 CMakeFiles/Firmware.elf.dir/Drivers/STM32F0xx_HAL_Driver/Src/stm32f0xx_hal_rcc.c.obj
 .debug_info    0x00004e15      0x3dc CMakeFiles/Firmware.elf.dir/Drivers/STM32F0xx_HAL_Driver/Src/stm32f0xx_hal_rcc_ex.c.obj
 .debug_info    0x000051f1     0x3d44 CMakeFiles/Firmware.elf.dir/Drivers/STM32F0xx_HAL_Driver/Src/stm32f0xx_hal_tim.c.obj
 .debug_info    0x00008f35     0x1a4f CMakeFiles/Firmware.elf.dir/Drivers/STM32F0xx_HAL_Driver/Src/stm32f0xx_hal_tim_ex.c.obj
 .debug_info    0x0000a984     0x5056 CMakeFiles/Firmware.elf.dir/Drivers/STM32F0xx_HAL_Driver/Src/stm32f0xx_hal_uart.c.obj
 .debug_info    0x0000f9da      0x3e9 CMakeFiles/Firmware.elf.dir/Src/gpio.c.obj
 .debug_info    0x0000fdc3      0xaa8 CMakeFiles/Firmware.elf.dir/Src/main.c.obj
 .debug_info    0x0001086b      0x1b4 CMakeFiles/Firmware.elf.dir/Src/stm32f0xx_hal_msp.c.obj
 .debug_info    0x00010a1f      0x74d CMakeFiles/Firmware.elf.dir/Src/stm32f0xx_it.c.obj
 .debug_info    0x0001116c      0x17c CMakeFiles/Firmware.elf.dir/Src/sysmem.c.obj
 .debug_info    0x000112e8      0x290 CMakeFiles/Firmware.elf.dir/Src/system_stm32f0xx.c.obj
 .debug_info    0x00011578     0x12c8 CMakeFiles/Firmware.elf.dir/Src/tim.c.obj
 .debug_info    0x00012840      0x9d9 CMakeFiles/Firmware.elf.dir/Src/usart.c.obj
 .debug_info    0x00013219       0x22 CMakeFiles/Firmware.elf.dir/Startup/startup_stm32f030f4px.s.obj

.debug_abbrev   0x00000000     0x2729
 .debug_abbrev  0x00000000      0x270 CMakeFiles/Firmware.elf.dir/APP/PID.c.obj
 .debug_abbrev  0x00000270      0x1b6 CMakeFiles/Firmware.elf.dir/BSP/Encoder.c.obj
 .debug_abbrev  0x00000426      0x1bd CMakeFiles/Firmware.elf.dir/BSP/Motor.c.obj
 .debug_abbrev  0x000005e3      0x2b4 CMakeFiles/Firmware.elf.dir/BSP/Retarget.c.obj
 .debug_abbrev  0x00000897      0x245 CMakeFiles/Firmware.elf.dir/Drivers/STM32F0xx_HAL_Driver/Src/stm32f0xx_hal.c.obj
 .debug_abbrev  0x00000adc      0x293 CMakeFiles/Firmware.elf.dir/Drivers/STM32F0xx_HAL_Driver/Src/stm32f0xx_hal_cortex.c.obj
 .debug_abbrev  0x00000d6f      0x1e6 CMakeFiles/Firmware.elf.dir/Drivers/STM32F0xx_HAL_Driver/Src/stm32f0xx_hal_gpio.c.obj
 .debug_abbrev  0x00000f55      0x260 CMakeFiles/Firmware.elf.dir/Drivers/STM32F0xx_HAL_Driver/Src/stm32f0xx_hal_rcc.c.obj
 .debug_abbrev  0x000011b5      0x1a8 CMakeFiles/Firmware.elf.dir/Drivers/STM32F0xx_HAL_Driver/Src/stm32f0xx_hal_rcc_ex.c.obj
 .debug_abbrev  0x0000135d      0x256 CMakeFiles/Firmware.elf.dir/Drivers/STM32F0xx_HAL_Driver/Src/stm32f0xx_hal_tim.c.obj
 .debug_abbrev  0x000015b3      0x259 CMakeFiles/Firmware.elf.dir/Drivers/STM32F0xx_HAL_Driver/Src/stm32f0xx_hal_tim_ex.c.obj
 .debug_abbrev  0x0000180c      0x2e3 CMakeFiles/Firmware.elf.dir/Drivers/STM32F0xx_HAL_Driver/Src/stm32f0xx_hal_uart.c.obj
 .debug_abbrev  0x00001aef      0x15f CMakeFiles/Firmware.elf.dir/Src/gpio.c.obj
 .debug_abbrev  0x00001c4e      0x215 CMakeFiles/Firmware.elf.dir/Src/main.c.obj
 .debug_abbrev  0x00001e63       0xbf CMakeFiles/Firmware.elf.dir/Src/stm32f0xx_hal_msp.c.obj
 .debug_abbrev  0x00001f22      0x1b1 CMakeFiles/Firmware.elf.dir/Src/stm32f0xx_it.c.obj
 .debug_abbrev  0x000020d3       0xe7 CMakeFiles/Firmware.elf.dir/Src/sysmem.c.obj
 .debug_abbrev  0x000021ba      0x131 CMakeFiles/Firmware.elf.dir/Src/system_stm32f0xx.c.obj
 .debug_abbrev  0x000022eb      0x241 CMakeFiles/Firmware.elf.dir/Src/tim.c.obj
 .debug_abbrev  0x0000252c      0x1eb CMakeFiles/Firmware.elf.dir/Src/usart.c.obj
 .debug_abbrev  0x00002717       0x12 CMakeFiles/Firmware.elf.dir/Startup/startup_stm32f030f4px.s.obj

.debug_loc      0x00000000     0xccb1
 .debug_loc     0x00000000       0x49 CMakeFiles/Firmware.elf.dir/APP/PID.c.obj
 .debug_loc     0x00000049       0x5f CMakeFiles/Firmware.elf.dir/BSP/Motor.c.obj
 .debug_loc     0x000000a8      0x379 CMakeFiles/Firmware.elf.dir/BSP/Retarget.c.obj
 .debug_loc     0x00000421      0x141 CMakeFiles/Firmware.elf.dir/Drivers/STM32F0xx_HAL_Driver/Src/stm32f0xx_hal.c.obj
 .debug_loc     0x00000562      0x433 CMakeFiles/Firmware.elf.dir/Drivers/STM32F0xx_HAL_Driver/Src/stm32f0xx_hal_cortex.c.obj
 .debug_loc     0x00000995      0x388 CMakeFiles/Firmware.elf.dir/Drivers/STM32F0xx_HAL_Driver/Src/stm32f0xx_hal_gpio.c.obj
 .debug_loc     0x00000d1d      0x614 CMakeFiles/Firmware.elf.dir/Drivers/STM32F0xx_HAL_Driver/Src/stm32f0xx_hal_rcc.c.obj
 .debug_loc     0x00001331      0x397 CMakeFiles/Firmware.elf.dir/Drivers/STM32F0xx_HAL_Driver/Src/stm32f0xx_hal_rcc_ex.c.obj
 .debug_loc     0x000016c8     0x5745 CMakeFiles/Firmware.elf.dir/Drivers/STM32F0xx_HAL_Driver/Src/stm32f0xx_hal_tim.c.obj
 .debug_loc     0x00006e0d     0x2272 CMakeFiles/Firmware.elf.dir/Drivers/STM32F0xx_HAL_Driver/Src/stm32f0xx_hal_tim_ex.c.obj
 .debug_loc     0x0000907f     0x3817 CMakeFiles/Firmware.elf.dir/Drivers/STM32F0xx_HAL_Driver/Src/stm32f0xx_hal_uart.c.obj
 .debug_loc     0x0000c896       0x42 CMakeFiles/Firmware.elf.dir/Src/stm32f0xx_it.c.obj
 .debug_loc     0x0000c8d8       0x93 CMakeFiles/Firmware.elf.dir/Src/sysmem.c.obj
 .debug_loc     0x0000c96b      0x167 CMakeFiles/Firmware.elf.dir/Src/system_stm32f0xx.c.obj
 .debug_loc     0x0000cad2      0x15e CMakeFiles/Firmware.elf.dir/Src/tim.c.obj
 .debug_loc     0x0000cc30       0x81 CMakeFiles/Firmware.elf.dir/Src/usart.c.obj

.debug_aranges  0x00000000      0xc58
 .debug_aranges
                0x00000000       0x48 CMakeFiles/Firmware.elf.dir/APP/PID.c.obj
 .debug_aranges
                0x00000048       0x28 CMakeFiles/Firmware.elf.dir/BSP/Encoder.c.obj
 .debug_aranges
                0x00000070       0x30 CMakeFiles/Firmware.elf.dir/BSP/Motor.c.obj
 .debug_aranges
                0x000000a0       0x50 CMakeFiles/Firmware.elf.dir/BSP/Retarget.c.obj
 .debug_aranges
                0x000000f0       0xd0 CMakeFiles/Firmware.elf.dir/Drivers/STM32F0xx_HAL_Driver/Src/stm32f0xx_hal.c.obj
 .debug_aranges
                0x000001c0       0x78 CMakeFiles/Firmware.elf.dir/Drivers/STM32F0xx_HAL_Driver/Src/stm32f0xx_hal_cortex.c.obj
 .debug_aranges
                0x00000238       0x58 CMakeFiles/Firmware.elf.dir/Drivers/STM32F0xx_HAL_Driver/Src/stm32f0xx_hal_gpio.c.obj
 .debug_aranges
                0x00000290       0x80 CMakeFiles/Firmware.elf.dir/Drivers/STM32F0xx_HAL_Driver/Src/stm32f0xx_hal_rcc.c.obj
 .debug_aranges
                0x00000310       0x30 CMakeFiles/Firmware.elf.dir/Drivers/STM32F0xx_HAL_Driver/Src/stm32f0xx_hal_rcc_ex.c.obj
 .debug_aranges
                0x00000340      0x3d0 CMakeFiles/Firmware.elf.dir/Drivers/STM32F0xx_HAL_Driver/Src/stm32f0xx_hal_tim.c.obj
 .debug_aranges
                0x00000710      0x168 CMakeFiles/Firmware.elf.dir/Drivers/STM32F0xx_HAL_Driver/Src/stm32f0xx_hal_tim_ex.c.obj
 .debug_aranges
                0x00000878      0x218 CMakeFiles/Firmware.elf.dir/Drivers/STM32F0xx_HAL_Driver/Src/stm32f0xx_hal_uart.c.obj
 .debug_aranges
                0x00000a90       0x20 CMakeFiles/Firmware.elf.dir/Src/gpio.c.obj
 .debug_aranges
                0x00000ab0       0x30 CMakeFiles/Firmware.elf.dir/Src/main.c.obj
 .debug_aranges
                0x00000ae0       0x20 CMakeFiles/Firmware.elf.dir/Src/stm32f0xx_hal_msp.c.obj
 .debug_aranges
                0x00000b00       0x60 CMakeFiles/Firmware.elf.dir/Src/stm32f0xx_it.c.obj
 .debug_aranges
                0x00000b60       0x20 CMakeFiles/Firmware.elf.dir/Src/sysmem.c.obj
 .debug_aranges
                0x00000b80       0x28 CMakeFiles/Firmware.elf.dir/Src/system_stm32f0xx.c.obj
 .debug_aranges
                0x00000ba8       0x58 CMakeFiles/Firmware.elf.dir/Src/tim.c.obj
 .debug_aranges
                0x00000c00       0x30 CMakeFiles/Firmware.elf.dir/Src/usart.c.obj
 .debug_aranges
                0x00000c30       0x28 CMakeFiles/Firmware.elf.dir/Startup/startup_stm32f030f4px.s.obj

.debug_ranges   0x00000000      0xbb8
 .debug_ranges  0x00000000       0x50 CMakeFiles/Firmware.elf.dir/APP/PID.c.obj
 .debug_ranges  0x00000050       0x18 CMakeFiles/Firmware.elf.dir/BSP/Encoder.c.obj
 .debug_ranges  0x00000068       0x20 CMakeFiles/Firmware.elf.dir/BSP/Motor.c.obj
 .debug_ranges  0x00000088       0x40 CMakeFiles/Firmware.elf.dir/BSP/Retarget.c.obj
 .debug_ranges  0x000000c8       0xc0 CMakeFiles/Firmware.elf.dir/Drivers/STM32F0xx_HAL_Driver/Src/stm32f0xx_hal.c.obj
 .debug_ranges  0x00000188       0xc8 CMakeFiles/Firmware.elf.dir/Drivers/STM32F0xx_HAL_Driver/Src/stm32f0xx_hal_cortex.c.obj
 .debug_ranges  0x00000250       0x48 CMakeFiles/Firmware.elf.dir/Drivers/STM32F0xx_HAL_Driver/Src/stm32f0xx_hal_gpio.c.obj
 .debug_ranges  0x00000298       0x88 CMakeFiles/Firmware.elf.dir/Drivers/STM32F0xx_HAL_Driver/Src/stm32f0xx_hal_rcc.c.obj
 .debug_ranges  0x00000320       0x38 CMakeFiles/Firmware.elf.dir/Drivers/STM32F0xx_HAL_Driver/Src/stm32f0xx_hal_rcc_ex.c.obj
 .debug_ranges  0x00000358      0x3c0 CMakeFiles/Firmware.elf.dir/Drivers/STM32F0xx_HAL_Driver/Src/stm32f0xx_hal_tim.c.obj
 .debug_ranges  0x00000718      0x158 CMakeFiles/Firmware.elf.dir/Drivers/STM32F0xx_HAL_Driver/Src/stm32f0xx_hal_tim_ex.c.obj
 .debug_ranges  0x00000870      0x208 CMakeFiles/Firmware.elf.dir/Drivers/STM32F0xx_HAL_Driver/Src/stm32f0xx_hal_uart.c.obj
 .debug_ranges  0x00000a78       0x10 CMakeFiles/Firmware.elf.dir/Src/gpio.c.obj
 .debug_ranges  0x00000a88       0x20 CMakeFiles/Firmware.elf.dir/Src/main.c.obj
 .debug_ranges  0x00000aa8       0x10 CMakeFiles/Firmware.elf.dir/Src/stm32f0xx_hal_msp.c.obj
 .debug_ranges  0x00000ab8       0x50 CMakeFiles/Firmware.elf.dir/Src/stm32f0xx_it.c.obj
 .debug_ranges  0x00000b08       0x10 CMakeFiles/Firmware.elf.dir/Src/sysmem.c.obj
 .debug_ranges  0x00000b18       0x18 CMakeFiles/Firmware.elf.dir/Src/system_stm32f0xx.c.obj
 .debug_ranges  0x00000b30       0x48 CMakeFiles/Firmware.elf.dir/Src/tim.c.obj
 .debug_ranges  0x00000b78       0x20 CMakeFiles/Firmware.elf.dir/Src/usart.c.obj
 .debug_ranges  0x00000b98       0x20 CMakeFiles/Firmware.elf.dir/Startup/startup_stm32f030f4px.s.obj

.debug_line     0x00000000     0xf0a3
 .debug_line    0x00000000      0x40a CMakeFiles/Firmware.elf.dir/APP/PID.c.obj
 .debug_line    0x0000040a      0x33d CMakeFiles/Firmware.elf.dir/BSP/Encoder.c.obj
 .debug_line    0x00000747      0x303 CMakeFiles/Firmware.elf.dir/BSP/Motor.c.obj
 .debug_line    0x00000a4a      0x4b4 CMakeFiles/Firmware.elf.dir/BSP/Retarget.c.obj
 .debug_line    0x00000efe      0x5b0 CMakeFiles/Firmware.elf.dir/Drivers/STM32F0xx_HAL_Driver/Src/stm32f0xx_hal.c.obj
 .debug_line    0x000014ae      0x58f CMakeFiles/Firmware.elf.dir/Drivers/STM32F0xx_HAL_Driver/Src/stm32f0xx_hal_cortex.c.obj
 .debug_line    0x00001a3d      0x6d7 CMakeFiles/Firmware.elf.dir/Drivers/STM32F0xx_HAL_Driver/Src/stm32f0xx_hal_gpio.c.obj
 .debug_line    0x00002114      0xbce CMakeFiles/Firmware.elf.dir/Drivers/STM32F0xx_HAL_Driver/Src/stm32f0xx_hal_rcc.c.obj
 .debug_line    0x00002ce2      0x503 CMakeFiles/Firmware.elf.dir/Drivers/STM32F0xx_HAL_Driver/Src/stm32f0xx_hal_rcc_ex.c.obj
 .debug_line    0x000031e5     0x4a6d CMakeFiles/Firmware.elf.dir/Drivers/STM32F0xx_HAL_Driver/Src/stm32f0xx_hal_tim.c.obj
 .debug_line    0x00007c52     0x1be0 CMakeFiles/Firmware.elf.dir/Drivers/STM32F0xx_HAL_Driver/Src/stm32f0xx_hal_tim_ex.c.obj
 .debug_line    0x00009832     0x3c33 CMakeFiles/Firmware.elf.dir/Drivers/STM32F0xx_HAL_Driver/Src/stm32f0xx_hal_uart.c.obj
 .debug_line    0x0000d465      0x285 CMakeFiles/Firmware.elf.dir/Src/gpio.c.obj
 .debug_line    0x0000d6ea      0x4d5 CMakeFiles/Firmware.elf.dir/Src/main.c.obj
 .debug_line    0x0000dbbf      0x1b0 CMakeFiles/Firmware.elf.dir/Src/stm32f0xx_hal_msp.c.obj
 .debug_line    0x0000dd6f      0x3b1 CMakeFiles/Firmware.elf.dir/Src/stm32f0xx_it.c.obj
 .debug_line    0x0000e120      0x1de CMakeFiles/Firmware.elf.dir/Src/sysmem.c.obj
 .debug_line    0x0000e2fe      0x26c CMakeFiles/Firmware.elf.dir/Src/system_stm32f0xx.c.obj
 .debug_line    0x0000e56a      0x6ed CMakeFiles/Firmware.elf.dir/Src/tim.c.obj
 .debug_line    0x0000ec57      0x399 CMakeFiles/Firmware.elf.dir/Src/usart.c.obj
 .debug_line    0x0000eff0       0xb3 CMakeFiles/Firmware.elf.dir/Startup/startup_stm32f030f4px.s.obj

.debug_str      0x00000000     0x4051
 .debug_str     0x00000000      0x75a CMakeFiles/Firmware.elf.dir/APP/PID.c.obj
                                0x820 (size before relaxing)
 .debug_str     0x0000075a      0x133 CMakeFiles/Firmware.elf.dir/BSP/Encoder.c.obj
                                0x830 (size before relaxing)
 .debug_str     0x0000088d      0x124 CMakeFiles/Firmware.elf.dir/BSP/Motor.c.obj
                                0x7c8 (size before relaxing)
 .debug_str     0x000009b1      0x798 CMakeFiles/Firmware.elf.dir/BSP/Retarget.c.obj
                                0xbd3 (size before relaxing)
 .debug_str     0x00001149      0x4d5 CMakeFiles/Firmware.elf.dir/Drivers/STM32F0xx_HAL_Driver/Src/stm32f0xx_hal.c.obj
                                0x6d1 (size before relaxing)
 .debug_str     0x0000161e      0x2a6 CMakeFiles/Firmware.elf.dir/Drivers/STM32F0xx_HAL_Driver/Src/stm32f0xx_hal_cortex.c.obj
                                0x61c (size before relaxing)
 .debug_str     0x000018c4      0x185 CMakeFiles/Firmware.elf.dir/Drivers/STM32F0xx_HAL_Driver/Src/stm32f0xx_hal_gpio.c.obj
                                0x45d (size before relaxing)
 .debug_str     0x00001a49      0x361 CMakeFiles/Firmware.elf.dir/Drivers/STM32F0xx_HAL_Driver/Src/stm32f0xx_hal_rcc.c.obj
                                0x6be (size before relaxing)
 .debug_str     0x00001daa      0x156 CMakeFiles/Firmware.elf.dir/Drivers/STM32F0xx_HAL_Driver/Src/stm32f0xx_hal_rcc_ex.c.obj
                                0x415 (size before relaxing)
 .debug_str     0x00001f00      0xf42 CMakeFiles/Firmware.elf.dir/Drivers/STM32F0xx_HAL_Driver/Src/stm32f0xx_hal_tim.c.obj
                               0x16ac (size before relaxing)
 .debug_str     0x00002e42      0x5c3 CMakeFiles/Firmware.elf.dir/Drivers/STM32F0xx_HAL_Driver/Src/stm32f0xx_hal_tim_ex.c.obj
                                0xe9d (size before relaxing)
 .debug_str     0x00003405      0x7a1 CMakeFiles/Firmware.elf.dir/Drivers/STM32F0xx_HAL_Driver/Src/stm32f0xx_hal_uart.c.obj
                                0xefb (size before relaxing)
 .debug_str     0x00003ba6       0x6b CMakeFiles/Firmware.elf.dir/Src/gpio.c.obj
                                0x326 (size before relaxing)
 .debug_str     0x00003c11       0xbe CMakeFiles/Firmware.elf.dir/Src/main.c.obj
                                0x91d (size before relaxing)
 .debug_str     0x00003ccf       0x4a CMakeFiles/Firmware.elf.dir/Src/stm32f0xx_hal_msp.c.obj
                                0x25d (size before relaxing)
 .debug_str     0x00003d19       0xd8 CMakeFiles/Firmware.elf.dir/Src/stm32f0xx_it.c.obj
                                0x79a (size before relaxing)
 .debug_str     0x00003df1       0x9f CMakeFiles/Firmware.elf.dir/Src/sysmem.c.obj
                                0x270 (size before relaxing)
 .debug_str     0x00003e90       0x89 CMakeFiles/Firmware.elf.dir/Src/system_stm32f0xx.c.obj
                                0x2d5 (size before relaxing)
 .debug_str     0x00003f19       0x8f CMakeFiles/Firmware.elf.dir/Src/tim.c.obj
                                0xdab (size before relaxing)
 .debug_str     0x00003fa8       0x49 CMakeFiles/Firmware.elf.dir/Src/usart.c.obj
                                0x7a9 (size before relaxing)
 .debug_str     0x00003ff1       0x60 CMakeFiles/Firmware.elf.dir/Startup/startup_stm32f030f4px.s.obj
                                 0xa4 (size before relaxing)

.comment        0x00000000       0x49
 .comment       0x00000000       0x49 CMakeFiles/Firmware.elf.dir/APP/PID.c.obj
                                 0x4a (size before relaxing)
 .comment       0x00000049       0x4a CMakeFiles/Firmware.elf.dir/BSP/Encoder.c.obj
 .comment       0x00000049       0x4a CMakeFiles/Firmware.elf.dir/BSP/Motor.c.obj
 .comment       0x00000049       0x4a CMakeFiles/Firmware.elf.dir/BSP/Retarget.c.obj
 .comment       0x00000049       0x4a CMakeFiles/Firmware.elf.dir/Drivers/STM32F0xx_HAL_Driver/Src/stm32f0xx_hal.c.obj
 .comment       0x00000049       0x4a CMakeFiles/Firmware.elf.dir/Drivers/STM32F0xx_HAL_Driver/Src/stm32f0xx_hal_cortex.c.obj
 .comment       0x00000049       0x4a CMakeFiles/Firmware.elf.dir/Drivers/STM32F0xx_HAL_Driver/Src/stm32f0xx_hal_gpio.c.obj
 .comment       0x00000049       0x4a CMakeFiles/Firmware.elf.dir/Drivers/STM32F0xx_HAL_Driver/Src/stm32f0xx_hal_rcc.c.obj
 .comment       0x00000049       0x4a CMakeFiles/Firmware.elf.dir/Drivers/STM32F0xx_HAL_Driver/Src/stm32f0xx_hal_rcc_ex.c.obj
 .comment       0x00000049       0x4a CMakeFiles/Firmware.elf.dir/Drivers/STM32F0xx_HAL_Driver/Src/stm32f0xx_hal_tim.c.obj
 .comment       0x00000049       0x4a CMakeFiles/Firmware.elf.dir/Drivers/STM32F0xx_HAL_Driver/Src/stm32f0xx_hal_tim_ex.c.obj
 .comment       0x00000049       0x4a CMakeFiles/Firmware.elf.dir/Drivers/STM32F0xx_HAL_Driver/Src/stm32f0xx_hal_uart.c.obj
 .comment       0x00000049       0x4a CMakeFiles/Firmware.elf.dir/Src/gpio.c.obj
 .comment       0x00000049       0x4a CMakeFiles/Firmware.elf.dir/Src/main.c.obj
 .comment       0x00000049       0x4a CMakeFiles/Firmware.elf.dir/Src/stm32f0xx_hal_msp.c.obj
 .comment       0x00000049       0x4a CMakeFiles/Firmware.elf.dir/Src/stm32f0xx_it.c.obj
 .comment       0x00000049       0x4a CMakeFiles/Firmware.elf.dir/Src/sysmem.c.obj
 .comment       0x00000049       0x4a CMakeFiles/Firmware.elf.dir/Src/system_stm32f0xx.c.obj
 .comment       0x00000049       0x4a CMakeFiles/Firmware.elf.dir/Src/tim.c.obj
 .comment       0x00000049       0x4a CMakeFiles/Firmware.elf.dir/Src/usart.c.obj

.debug_frame    0x00000000     0x27d0
 .debug_frame   0x00000000       0x94 CMakeFiles/Firmware.elf.dir/APP/PID.c.obj
 .debug_frame   0x00000094       0x48 CMakeFiles/Firmware.elf.dir/BSP/Encoder.c.obj
 .debug_frame   0x000000dc       0x5c CMakeFiles/Firmware.elf.dir/BSP/Motor.c.obj
 .debug_frame   0x00000138       0xb8 CMakeFiles/Firmware.elf.dir/BSP/Retarget.c.obj
 .debug_frame   0x000001f0      0x1ac CMakeFiles/Firmware.elf.dir/Drivers/STM32F0xx_HAL_Driver/Src/stm32f0xx_hal.c.obj
 .debug_frame   0x0000039c       0xe4 CMakeFiles/Firmware.elf.dir/Drivers/STM32F0xx_HAL_Driver/Src/stm32f0xx_hal_cortex.c.obj
 .debug_frame   0x00000480       0xc0 CMakeFiles/Firmware.elf.dir/Drivers/STM32F0xx_HAL_Driver/Src/stm32f0xx_hal_gpio.c.obj
 .debug_frame   0x00000540      0x138 CMakeFiles/Firmware.elf.dir/Drivers/STM32F0xx_HAL_Driver/Src/stm32f0xx_hal_rcc.c.obj
 .debug_frame   0x00000678       0x58 CMakeFiles/Firmware.elf.dir/Drivers/STM32F0xx_HAL_Driver/Src/stm32f0xx_hal_rcc_ex.c.obj
 .debug_frame   0x000006d0      0xae4 CMakeFiles/Firmware.elf.dir/Drivers/STM32F0xx_HAL_Driver/Src/stm32f0xx_hal_tim.c.obj
 .debug_frame   0x000011b4      0x420 CMakeFiles/Firmware.elf.dir/Drivers/STM32F0xx_HAL_Driver/Src/stm32f0xx_hal_tim_ex.c.obj
 .debug_frame   0x000015d4      0x5f8 CMakeFiles/Firmware.elf.dir/Drivers/STM32F0xx_HAL_Driver/Src/stm32f0xx_hal_uart.c.obj
 .debug_frame   0x00001bcc       0x30 CMakeFiles/Firmware.elf.dir/Src/gpio.c.obj
 .debug_frame   0x00001bfc       0x50 CMakeFiles/Firmware.elf.dir/Src/main.c.obj
 .debug_frame   0x00001c4c       0x24 CMakeFiles/Firmware.elf.dir/Src/stm32f0xx_hal_msp.c.obj
 .debug_frame   0x00001c70       0xc8 CMakeFiles/Firmware.elf.dir/Src/stm32f0xx_it.c.obj
 .debug_frame   0x00001d38       0x28 CMakeFiles/Firmware.elf.dir/Src/sysmem.c.obj
 .debug_frame   0x00001d60       0x38 CMakeFiles/Firmware.elf.dir/Src/system_stm32f0xx.c.obj
 .debug_frame   0x00001d98       0xdc CMakeFiles/Firmware.elf.dir/Src/tim.c.obj
 .debug_frame   0x00001e74       0x5c CMakeFiles/Firmware.elf.dir/Src/usart.c.obj
 .debug_frame   0x00001ed0       0x20 e:/toolchains/gcc-arm-none-eabi-10.3-2021.10/bin/../lib/gcc/arm-none-eabi/10.3.1/thumb/v6-m/nofp\libgcc.a(_udivsi3.o)
 .debug_frame   0x00001ef0       0x38 e:/toolchains/gcc-arm-none-eabi-10.3-2021.10/bin/../lib/gcc/arm-none-eabi/10.3.1/thumb/v6-m/nofp\libgcc.a(divsf3.o)
 .debug_frame   0x00001f28       0x30 e:/toolchains/gcc-arm-none-eabi-10.3-2021.10/bin/../lib/gcc/arm-none-eabi/10.3.1/thumb/v6-m/nofp\libgcc.a(floatsisf.o)
 .debug_frame   0x00001f58       0x2c e:/toolchains/gcc-arm-none-eabi-10.3-2021.10/bin/../lib/gcc/arm-none-eabi/10.3.1/thumb/v6-m/nofp\libgcc.a(floatunsisf.o)
 .debug_frame   0x00001f84       0x20 e:/toolchains/gcc-arm-none-eabi-10.3-2021.10/bin/../lib/gcc/arm-none-eabi/10.3.1/../../../../arm-none-eabi/lib/thumb/v6-m/nofp\libg.a(lib_a-errno.o)
 .debug_frame   0x00001fa4       0x2c e:/toolchains/gcc-arm-none-eabi-10.3-2021.10/bin/../lib/gcc/arm-none-eabi/10.3.1/../../../../arm-none-eabi/lib/thumb/v6-m/nofp\libg.a(lib_a-init.o)
 .debug_frame   0x00001fd0       0x34 e:/toolchains/gcc-arm-none-eabi-10.3-2021.10/bin/../lib/gcc/arm-none-eabi/10.3.1/../../../../arm-none-eabi/lib/thumb/v6-m/nofp\libg.a(lib_a-memcpy-stub.o)
 .debug_frame   0x00002004       0x30 e:/toolchains/gcc-arm-none-eabi-10.3-2021.10/bin/../lib/gcc/arm-none-eabi/10.3.1/../../../../arm-none-eabi/lib/thumb/v6-m/nofp\libg.a(lib_a-memset.o)
 .debug_frame   0x00002034       0x38 e:/toolchains/gcc-arm-none-eabi-10.3-2021.10/bin/../lib/gcc/arm-none-eabi/10.3.1/../../../../arm-none-eabi/lib/thumb/v6-m/nofp\libg.a(lib_a-setvbuf.o)
 .debug_frame   0x0000206c       0x54 e:/toolchains/gcc-arm-none-eabi-10.3-2021.10/bin/../lib/gcc/arm-none-eabi/10.3.1/../../../../arm-none-eabi/lib/thumb/v6-m/nofp\libg.a(lib_a-__call_atexit.o)
 .debug_frame   0x000020c0       0x28 e:/toolchains/gcc-arm-none-eabi-10.3-2021.10/bin/../lib/gcc/arm-none-eabi/10.3.1/../../../../arm-none-eabi/lib/thumb/v6-m/nofp\libg.a(lib_a-atexit.o)
 .debug_frame   0x000020e8       0x6c e:/toolchains/gcc-arm-none-eabi-10.3-2021.10/bin/../lib/gcc/arm-none-eabi/10.3.1/../../../../arm-none-eabi/lib/thumb/v6-m/nofp\libg.a(lib_a-fflush.o)
 .debug_frame   0x00002154      0x170 e:/toolchains/gcc-arm-none-eabi-10.3-2021.10/bin/../lib/gcc/arm-none-eabi/10.3.1/../../../../arm-none-eabi/lib/thumb/v6-m/nofp\libg.a(lib_a-findfp.o)
 .debug_frame   0x000022c4       0x2c e:/toolchains/gcc-arm-none-eabi-10.3-2021.10/bin/../lib/gcc/arm-none-eabi/10.3.1/../../../../arm-none-eabi/lib/thumb/v6-m/nofp\libg.a(lib_a-fini.o)
 .debug_frame   0x000022f0       0x54 e:/toolchains/gcc-arm-none-eabi-10.3-2021.10/bin/../lib/gcc/arm-none-eabi/10.3.1/../../../../arm-none-eabi/lib/thumb/v6-m/nofp\libg.a(lib_a-freer.o)
 .debug_frame   0x00002344       0x5c e:/toolchains/gcc-arm-none-eabi-10.3-2021.10/bin/../lib/gcc/arm-none-eabi/10.3.1/../../../../arm-none-eabi/lib/thumb/v6-m/nofp\libg.a(lib_a-fwalk.o)
 .debug_frame   0x000023a0       0xb0 e:/toolchains/gcc-arm-none-eabi-10.3-2021.10/bin/../lib/gcc/arm-none-eabi/10.3.1/../../../../arm-none-eabi/lib/thumb/v6-m/nofp\libg.a(lib_a-lock.o)
 .debug_frame   0x00002450       0x58 e:/toolchains/gcc-arm-none-eabi-10.3-2021.10/bin/../lib/gcc/arm-none-eabi/10.3.1/../../../../arm-none-eabi/lib/thumb/v6-m/nofp\libg.a(lib_a-makebuf.o)
 .debug_frame   0x000024a8       0x40 e:/toolchains/gcc-arm-none-eabi-10.3-2021.10/bin/../lib/gcc/arm-none-eabi/10.3.1/../../../../arm-none-eabi/lib/thumb/v6-m/nofp\libg.a(lib_a-malloc.o)
 .debug_frame   0x000024e8       0x3c e:/toolchains/gcc-arm-none-eabi-10.3-2021.10/bin/../lib/gcc/arm-none-eabi/10.3.1/../../../../arm-none-eabi/lib/thumb/v6-m/nofp\libg.a(lib_a-mallocr.o)
 .debug_frame   0x00002524       0x40 e:/toolchains/gcc-arm-none-eabi-10.3-2021.10/bin/../lib/gcc/arm-none-eabi/10.3.1/../../../../arm-none-eabi/lib/thumb/v6-m/nofp\libg.a(lib_a-mlock.o)
 .debug_frame   0x00002564       0x2c e:/toolchains/gcc-arm-none-eabi-10.3-2021.10/bin/../lib/gcc/arm-none-eabi/10.3.1/../../../../arm-none-eabi/lib/thumb/v6-m/nofp\libg.a(lib_a-sbrkr.o)
 .debug_frame   0x00002590       0x90 e:/toolchains/gcc-arm-none-eabi-10.3-2021.10/bin/../lib/gcc/arm-none-eabi/10.3.1/../../../../arm-none-eabi/lib/thumb/v6-m/nofp\libg.a(lib_a-stdio.o)
 .debug_frame   0x00002620       0x2c e:/toolchains/gcc-arm-none-eabi-10.3-2021.10/bin/../lib/gcc/arm-none-eabi/10.3.1/../../../../arm-none-eabi/lib/thumb/v6-m/nofp\libg.a(lib_a-writer.o)
 .debug_frame   0x0000264c       0x3c e:/toolchains/gcc-arm-none-eabi-10.3-2021.10/bin/../lib/gcc/arm-none-eabi/10.3.1/../../../../arm-none-eabi/lib/thumb/v6-m/nofp\libg.a(lib_a-__atexit.o)
 .debug_frame   0x00002688       0x2c e:/toolchains/gcc-arm-none-eabi-10.3-2021.10/bin/../lib/gcc/arm-none-eabi/10.3.1/../../../../arm-none-eabi/lib/thumb/v6-m/nofp\libg.a(lib_a-closer.o)
 .debug_frame   0x000026b4       0x48 e:/toolchains/gcc-arm-none-eabi-10.3-2021.10/bin/../lib/gcc/arm-none-eabi/10.3.1/../../../../arm-none-eabi/lib/thumb/v6-m/nofp\libg.a(lib_a-fclose.o)
 .debug_frame   0x000026fc       0x2c e:/toolchains/gcc-arm-none-eabi-10.3-2021.10/bin/../lib/gcc/arm-none-eabi/10.3.1/../../../../arm-none-eabi/lib/thumb/v6-m/nofp\libg.a(lib_a-fstatr.o)
 .debug_frame   0x00002728       0x2c e:/toolchains/gcc-arm-none-eabi-10.3-2021.10/bin/../lib/gcc/arm-none-eabi/10.3.1/../../../../arm-none-eabi/lib/thumb/v6-m/nofp\libg.a(lib_a-lseekr.o)
 .debug_frame   0x00002754       0x2c e:/toolchains/gcc-arm-none-eabi-10.3-2021.10/bin/../lib/gcc/arm-none-eabi/10.3.1/../../../../arm-none-eabi/lib/thumb/v6-m/nofp\libg.a(lib_a-readr.o)
 .debug_frame   0x00002780       0x50 e:/toolchains/gcc-arm-none-eabi-10.3-2021.10/bin/../lib/gcc/arm-none-eabi/10.3.1/../../../../arm-none-eabi/lib/thumb/v6-m/nofp\libg.a(lib_a-reent.o)
