Archive member included to satisfy reference by file (symbol)

e:/toolchains/gcc-arm-none-eabi-10.3-2021.10/bin/../lib/gcc/arm-none-eabi/10.3.1/thumb/v6-m/nofp\libgcc.a(_udivsi3.o)
                              CMakeFiles/Firmware.elf.dir/Drivers/STM32F0xx_HAL_Driver/Src/stm32f0xx_hal.c.obj (__aeabi_uidiv)
e:/toolchains/gcc-arm-none-eabi-10.3-2021.10/bin/../lib/gcc/arm-none-eabi/10.3.1/thumb/v6-m/nofp\libgcc.a(_divsi3.o)
                              CMakeFiles/Firmware.elf.dir/Drivers/STM32F0xx_HAL_Driver/Src/stm32f0xx_hal.c.obj (__aeabi_idiv)
e:/toolchains/gcc-arm-none-eabi-10.3-2021.10/bin/../lib/gcc/arm-none-eabi/10.3.1/thumb/v6-m/nofp\libgcc.a(_dvmd_tls.o)
                              e:/toolchains/gcc-arm-none-eabi-10.3-2021.10/bin/../lib/gcc/arm-none-eabi/10.3.1/thumb/v6-m/nofp\libgcc.a(_udivsi3.o) (__aeabi_idiv0)
e:/toolchains/gcc-arm-none-eabi-10.3-2021.10/bin/../lib/gcc/arm-none-eabi/10.3.1/thumb/v6-m/nofp\libgcc.a(_arm_cmpsf2.o)
                              CMakeFiles/Firmware.elf.dir/APP/PID.c.obj (__aeabi_fcmplt)
e:/toolchains/gcc-arm-none-eabi-10.3-2021.10/bin/../lib/gcc/arm-none-eabi/10.3.1/thumb/v6-m/nofp\libgcc.a(_fixunssfsi.o)
                              CMakeFiles/Firmware.elf.dir/APP/Position_Ctrl.c.obj (__aeabi_f2uiz)
e:/toolchains/gcc-arm-none-eabi-10.3-2021.10/bin/../lib/gcc/arm-none-eabi/10.3.1/thumb/v6-m/nofp\libgcc.a(addsf3.o)
                              CMakeFiles/Firmware.elf.dir/APP/PID.c.obj (__aeabi_fadd)
e:/toolchains/gcc-arm-none-eabi-10.3-2021.10/bin/../lib/gcc/arm-none-eabi/10.3.1/thumb/v6-m/nofp\libgcc.a(divsf3.o)
                              CMakeFiles/Firmware.elf.dir/BSP/Encoder.c.obj (__aeabi_fdiv)
e:/toolchains/gcc-arm-none-eabi-10.3-2021.10/bin/../lib/gcc/arm-none-eabi/10.3.1/thumb/v6-m/nofp\libgcc.a(eqsf2.o)
                              e:/toolchains/gcc-arm-none-eabi-10.3-2021.10/bin/../lib/gcc/arm-none-eabi/10.3.1/thumb/v6-m/nofp\libgcc.a(_arm_cmpsf2.o) (__eqsf2)
e:/toolchains/gcc-arm-none-eabi-10.3-2021.10/bin/../lib/gcc/arm-none-eabi/10.3.1/thumb/v6-m/nofp\libgcc.a(gesf2.o)
                              e:/toolchains/gcc-arm-none-eabi-10.3-2021.10/bin/../lib/gcc/arm-none-eabi/10.3.1/thumb/v6-m/nofp\libgcc.a(_arm_cmpsf2.o) (__gesf2)
e:/toolchains/gcc-arm-none-eabi-10.3-2021.10/bin/../lib/gcc/arm-none-eabi/10.3.1/thumb/v6-m/nofp\libgcc.a(lesf2.o)
                              e:/toolchains/gcc-arm-none-eabi-10.3-2021.10/bin/../lib/gcc/arm-none-eabi/10.3.1/thumb/v6-m/nofp\libgcc.a(_arm_cmpsf2.o) (__lesf2)
e:/toolchains/gcc-arm-none-eabi-10.3-2021.10/bin/../lib/gcc/arm-none-eabi/10.3.1/thumb/v6-m/nofp\libgcc.a(mulsf3.o)
                              CMakeFiles/Firmware.elf.dir/APP/PID.c.obj (__aeabi_fmul)
e:/toolchains/gcc-arm-none-eabi-10.3-2021.10/bin/../lib/gcc/arm-none-eabi/10.3.1/thumb/v6-m/nofp\libgcc.a(subsf3.o)
                              CMakeFiles/Firmware.elf.dir/APP/PID.c.obj (__aeabi_fsub)
e:/toolchains/gcc-arm-none-eabi-10.3-2021.10/bin/../lib/gcc/arm-none-eabi/10.3.1/thumb/v6-m/nofp\libgcc.a(fixsfsi.o)
                              CMakeFiles/Firmware.elf.dir/APP/Position_Ctrl.c.obj (__aeabi_f2iz)
e:/toolchains/gcc-arm-none-eabi-10.3-2021.10/bin/../lib/gcc/arm-none-eabi/10.3.1/thumb/v6-m/nofp\libgcc.a(floatsisf.o)
                              CMakeFiles/Firmware.elf.dir/APP/PID.c.obj (__aeabi_i2f)
e:/toolchains/gcc-arm-none-eabi-10.3-2021.10/bin/../lib/gcc/arm-none-eabi/10.3.1/thumb/v6-m/nofp\libgcc.a(floatunsisf.o)
                              CMakeFiles/Firmware.elf.dir/BSP/Encoder.c.obj (__aeabi_ui2f)
e:/toolchains/gcc-arm-none-eabi-10.3-2021.10/bin/../lib/gcc/arm-none-eabi/10.3.1/thumb/v6-m/nofp\libgcc.a(_clzsi2.o)
                              e:/toolchains/gcc-arm-none-eabi-10.3-2021.10/bin/../lib/gcc/arm-none-eabi/10.3.1/thumb/v6-m/nofp\libgcc.a(addsf3.o) (__clzsi2)
e:/toolchains/gcc-arm-none-eabi-10.3-2021.10/bin/../lib/gcc/arm-none-eabi/10.3.1/../../../../arm-none-eabi/lib/thumb/v6-m/nofp\libc.a(lib_a-errno.o)
                              CMakeFiles/Firmware.elf.dir/BSP/Retarget.c.obj (__errno)
e:/toolchains/gcc-arm-none-eabi-10.3-2021.10/bin/../lib/gcc/arm-none-eabi/10.3.1/../../../../arm-none-eabi/lib/thumb/v6-m/nofp\libc.a(lib_a-exit.o)
                              e:/toolchains/gcc-arm-none-eabi-10.3-2021.10/bin/../lib/gcc/arm-none-eabi/10.3.1/../../../../arm-none-eabi/lib/thumb/v6-m/nofp/crt0.o (exit)
e:/toolchains/gcc-arm-none-eabi-10.3-2021.10/bin/../lib/gcc/arm-none-eabi/10.3.1/../../../../arm-none-eabi/lib/thumb/v6-m/nofp\libc.a(lib_a-impure.o)
                              e:/toolchains/gcc-arm-none-eabi-10.3-2021.10/bin/../lib/gcc/arm-none-eabi/10.3.1/../../../../arm-none-eabi/lib/thumb/v6-m/nofp\libc.a(lib_a-exit.o) (_global_impure_ptr)
e:/toolchains/gcc-arm-none-eabi-10.3-2021.10/bin/../lib/gcc/arm-none-eabi/10.3.1/../../../../arm-none-eabi/lib/thumb/v6-m/nofp\libc.a(lib_a-init.o)
[...]
Memory Configuration

Name             Origin             Length             Attributes
RAM              0x20000000         0x00001000         xrw
FLASH            0x08000000         0x00004000         xr
*default*        0x00000000         0xffffffff

Linker script and memory map

LOAD e:/toolchains/gcc-arm-none-eabi-10.3-2021.10/bin/../lib/gcc/arm-none-eabi/10.3.1/thumb/v6-m/nofp/crti.o
LOAD e:/toolchains/gcc-arm-none-eabi-10.3-2021.10/bin/../lib/gcc/arm-none-eabi/10.3.1/thumb/v6-m/nofp/crtbegin.o
LOAD e:/toolchains/gcc-arm-none-eabi-10.3-2021.10/bin/../lib/gcc/arm-none-eabi/10.3.1/../../../../arm-none-eabi/lib/thumb/v6-m/nofp/crt0.o
LOAD CMakeFiles/Firmware.elf.dir/APP/PID.c.obj
LOAD CMakeFiles/Firmware.elf.dir/APP/Position_Ctrl.c.obj
LOAD CMakeFiles/Firmware.elf.dir/BSP/Capture.c.obj
LOAD CMakeFiles/Firmware.elf.dir/BSP/Encoder.c.obj
LOAD CMakeFiles/Firmware.elf.dir/BSP/Klicky.c.obj
LOAD CMakeFiles/Firmware.elf.dir/BSP/LED.c.obj
LOAD CMakeFiles/Firmware.elf.dir/BSP/Motor.c.obj
LOAD CMakeFiles/Firmware.elf.dir/BSP/Retarget.c.obj
LOAD CMakeFiles/Firmware.elf.dir/Drivers/STM32F0xx_HAL_Driver/Src/stm32f0xx_hal.c.obj
LOAD CMakeFiles/Firmware.elf.dir/Drivers/STM32F0xx_HAL_Driver/Src/stm32f0xx_hal_cortex.c.obj
LOAD CMakeFiles/Firmware.elf.dir/Drivers/STM32F0xx_HAL_Driver/Src/stm32f0xx_hal_dma.c.obj
LOAD CMakeFiles/Firmware.elf.dir/Drivers/STM32F0xx_HAL_Driver/Src/stm32f0xx_hal_exti.c.obj
LOAD CMakeFiles/Firmware.elf.dir/Drivers/STM32F0xx_HAL_Driver/Src/stm32f0xx_hal_flash.c.obj
LOAD CMakeFiles/Firmware.elf.dir/Drivers/STM32F0xx_HAL_Driver/Src/stm32f0xx_hal_flash_ex.c.obj
LOAD CMakeFiles/Firmware.elf.dir/Drivers/STM32F0xx_HAL_Driver/Src/stm32f0xx_hal_gpio.c.obj
LOAD CMakeFiles/Firmware.elf.dir/Drivers/STM32F0xx_HAL_Driver/Src/stm32f0xx_hal_i2c.c.obj
LOAD CMakeFiles/Firmware.elf.dir/Drivers/STM32F0xx_HAL_Driver/Src/stm32f0xx_hal_i2c_ex.c.obj
LOAD CMakeFiles/Firmware.elf.dir/Drivers/STM32F0xx_HAL_Driver/Src/stm32f0xx_hal_pwr.c.obj
LOAD CMakeFiles/Firmware.elf.dir/Drivers/STM32F0xx_HAL_Driver/Src/stm32f0xx_hal_pwr_ex.c.obj
LOAD CMakeFiles/Firmware.elf.dir/Drivers/STM32F0xx_HAL_Driver/Src/stm32f0xx_hal_rcc.c.obj
LOAD CMakeFiles/Firmware.elf.dir/Drivers/STM32F0xx_HAL_Driver/Src/stm32f0xx_hal_rcc_ex.c.obj
LOAD CMakeFiles/Firmware.elf.dir/Drivers/STM32F0xx_HAL_Driver/Src/stm32f0xx_hal_tim.c.obj
LOAD CMakeFiles/Firmware.elf.dir/Drivers/STM32F0xx_HAL_Driver/Src/stm32f0xx_hal_tim_ex.c.obj
LOAD CMakeFiles/Firmware.elf.dir/Drivers/STM32F0xx_HAL_Driver/Src/stm32f0xx_hal_uart.c.obj
LOAD CMakeFiles/Firmware.elf.dir/Drivers/STM32F0xx_HAL_Driver/Src/stm32f0xx_hal_uart_ex.c.obj
LOAD CMakeFiles/Firmware.elf.dir/Src/gpio.c.obj
LOAD CMakeFiles/Firmware.elf.dir/Src/main.c.obj
LOAD CMakeFiles/Firmware.elf.dir/Src/stm32f0xx_hal_msp.c.obj
LOAD CMakeFiles/Firmware.elf.dir/Src/stm32f0xx_it.c.obj
LOAD CMakeFiles/Firmware.elf.dir/Src/syscalls.c.obj
LOAD CMakeFiles/Firmware.elf.dir/Src/sysmem.c.obj
LOAD CMakeFiles/Firmware.elf.dir/Src/system_stm32f0xx.c.obj
LOAD CMakeFiles/Firmware.elf.dir/Src/tim.c.obj
LOAD CMakeFiles/Firmware.elf.dir/Src/usart.c.obj
LOAD CMakeFiles/Firmware.elf.dir/Startup/startup_stm32f030f4px.s.obj
START GROUP
LOAD e:/toolchains/gcc-arm-none-eabi-10.3-2021.10/bin/../lib/gcc/arm-none-eabi/10.3.1/thumb/v6-m/nofp\libgcc.a
LOAD e:/toolchains/gcc-arm-none-eabi-10.3-2021.10/bin/../lib/gcc/arm-none-eabi/10.3.1/../../../../arm-none-eabi/lib/thumb/v6-m/nofp\libc.a
END GROUP
LOAD e:/toolchains/gcc-arm-none-eabi-10.3-2021.10/bin/../lib/gcc/arm-none-eabi/10.3.1/thumb/v6-m/nofp/crtend.o
LOAD e:/toolchains/gcc-arm-none-eabi-10.3-2021.10/bin/../lib/gcc/arm-none-eabi/10.3.1/thumb/v6-m/nofp/crtn.o
                0x20001000                _estack = (ORIGIN (RAM) + LENGTH (RAM))
                0x00000200                _Min_Heap_Size = 0x200
                0x00000400                _Min_Stack_Size = 0x400

.isr_vector     0x08000000       0xc0
                0x08000000                . = ALIGN (0x4)
 *(.isr_vector)
 .isr_vector    0x08000000       0xc0 CMakeFiles/Firmware.elf.dir/Startup/startup_stm32f030f4px.s.obj
                0x08000000                g_pfnVectors
                0x080000c0                . = ALIGN (0x4)

.text           0x080000c0     0x2d1c
                0x080000c0                . = ALIGN (0x4)
 *(.text)
 .text          0x080000c0       0x48 e:/toolchains/gcc-arm-none-eabi-10.3-2021.10/bin/../lib/gcc/arm-none-eabi/10.3.1/thumb/v6-m/nofp/crtbegin.o
 .text          0x08000108      0x114 e:/toolchains/gcc-arm-none-eabi-10.3-2021.10/bin/../lib/gcc/arm-none-eabi/10.3.1/thumb/v6-m/nofp\libgcc.a(_udivsi3.o)
                0x08000108                __aeabi_uidiv
                0x08000108                __udivsi3
                0x08000214                __aeabi_uidivmod
 .text          0x0800021c        0x4 e:/toolchains/gcc-arm-none-eabi-10.3-2021.10/bin/../lib/gcc/arm-none-eabi/10.3.1/thumb/v6-m/nofp\libgcc.a(_dvmd_tls.o)
                0x0800021c                __aeabi_idiv0
                0x0800021c                __aeabi_ldiv0
 .text          0x08000220      0x230 e:/toolchains/gcc-arm-none-eabi-10.3-2021.10/bin/../lib/gcc/arm-none-eabi/10.3.1/thumb/v6-m/nofp\libgcc.a(divsf3.o)
                0x08000220                __aeabi_fdiv
 .text          0x08000450       0x9c e:/toolchains/gcc-arm-none-eabi-10.3-2021.10/bin/../lib/gcc/arm-none-eabi/10.3.1/thumb/v6-m/nofp\libgcc.a(floatsisf.o)
                0x08000450                __aeabi_i2f
 .text          0x080004ec       0x84 e:/toolchains/gcc-arm-none-eabi-10.3-2021.10/bin/../lib/gcc/arm-none-eabi/10.3.1/thumb/v6-m/nofp\libgcc.a(floatunsisf.o)
                0x080004ec                __aeabi_ui2f
 .text          0x08000570       0x3c e:/toolchains/gcc-arm-none-eabi-10.3-2021.10/bin/../lib/gcc/arm-none-eabi/10.3.1/thumb/v6-m/nofp\libgcc.a(_clzsi2.o)
                0x08000570                __clzsi2
 *(.text*)
 .text.pidParamInit
                0x080005ac       0x54 CMakeFiles/Firmware.elf.dir/APP/PID.c.obj
                0x080005ac                pidParamInit
 .text.encoderInit
                0x08000600       0x4c CMakeFiles/Firmware.elf.dir/BSP/Encoder.c.obj
                0x08000600                encoderInit
 .text.calcuateSpeed
                0x0800064c       0x60 CMakeFiles/Firmware.elf.dir/BSP/Encoder.c.obj
                0x0800064c                calcuateSpeed
 .text.motorInit
                0x080006ac       0x54 CMakeFiles/Firmware.elf.dir/BSP/Motor.c.obj
                0x080006ac                motorInit
 .text.setMotorDirection
                0x08000700       0x40 CMakeFiles/Firmware.elf.dir/BSP/Motor.c.obj
                0x08000700                setMotorDirection
 .text.setMotorSpeed
                0x08000740       0x38 CMakeFiles/Firmware.elf.dir/BSP/Motor.c.obj
                0x08000740                setMotorSpeed
 .text.HAL_InitTick
                0x08000778       0x4c CMakeFiles/Firmware.elf.dir/Drivers/STM32F0xx_HAL_Driver/Src/stm32f0xx_hal.c.obj
                0x08000778                HAL_InitTick
 .text.HAL_Init
                0x080007c4       0x20 CMakeFiles/Firmware.elf.dir/Drivers/STM32F0xx_HAL_Driver/Src/stm32f0xx_hal.c.obj
                0x080007c4                HAL_Init
 .text.HAL_IncTick
                0x080007e4       0x18 CMakeFiles/Firmware.elf.dir/Drivers/STM32F0xx_HAL_Driver/Src/stm32f0xx_hal.c.obj
                0x080007e4                HAL_IncTick
 .text.HAL_GetTick
                0x080007fc        0xc CMakeFiles/Firmware.elf.dir/Drivers/STM32F0xx_HAL_Driver/Src/stm32f0xx_hal.c.obj
                0x080007fc                HAL_GetTick
 .text.HAL_NVIC_SetPriority
                0x08000808       0x64 CMakeFiles/Firmware.elf.dir/Drivers/STM32F0xx_HAL_Driver/Src/stm32f0xx_hal_cortex.c.obj
                0x08000808                HAL_NVIC_SetPriority
 .text.HAL_NVIC_EnableIRQ
                0x0800086c       0x18 CMakeFiles/Firmware.elf.dir/Drivers/STM32F0xx_HAL_Driver/Src/stm32f0xx_hal_cortex.c.obj
                0x0800086c                HAL_NVIC_EnableIRQ
 .text.HAL_SYSTICK_Config
                0x08000884       0x34 CMakeFiles/Firmware.elf.dir/Drivers/STM32F0xx_HAL_Driver/Src/stm32f0xx_hal_cortex.c.obj
                0x08000884                HAL_SYSTICK_Config
 .text.HAL_GPIO_Init
                0x080008b8      0x238 CMakeFiles/Firmware.elf.dir/Drivers/STM32F0xx_HAL_Driver/Src/stm32f0xx_hal_gpio.c.obj
                0x080008b8                HAL_GPIO_Init
 .text.HAL_GPIO_WritePin
                0x08000af0        0xc CMakeFiles/Firmware.elf.dir/Drivers/STM32F0xx_HAL_Driver/Src/stm32f0xx_hal_gpio.c.obj
                0x08000af0                HAL_GPIO_WritePin
 .text.HAL_RCC_OscConfig
                0x08000afc      0x4b4 CMakeFiles/Firmware.elf.dir/Drivers/STM32F0xx_HAL_Driver/Src/stm32f0xx_hal_rcc.c.obj
                0x08000afc                HAL_RCC_OscConfig
 .text.HAL_RCC_ClockConfig
                0x08000fb0      0x160 CMakeFiles/Firmware.elf.dir/Drivers/STM32F0xx_HAL_Driver/Src/stm32f0xx_hal_rcc.c.obj
                0x08000fb0                HAL_RCC_ClockConfig
 .text.HAL_RCC_GetSysClockFreq
                0x08001110       0x54 CMakeFiles/Firmware.elf.dir/Drivers/STM32F0xx_HAL_Driver/Src/stm32f0xx_hal_rcc.c.obj
                0x08001110                HAL_RCC_GetSysClockFreq
 .text.HAL_RCC_GetPCLK1Freq
                0x08001164       0x20 CMakeFiles/Firmware.elf.dir/Drivers/STM32F0xx_HAL_Driver/Src/stm32f0xx_hal_rcc.c.obj
                0x08001164                HAL_RCC_GetPCLK1Freq
 .text.HAL_RCCEx_PeriphCLKConfig
                0x08001184      0x13c CMakeFiles/Firmware.elf.dir/Drivers/STM32F0xx_HAL_Driver/Src/stm32f0xx_hal_rcc_ex.c.obj
                0x08001184                HAL_RCCEx_PeriphCLKConfig
 .text.HAL_TIM_Base_Init
                0x080012c0       0xe8 CMakeFiles/Firmware.elf.dir/Drivers/STM32F0xx_HAL_Driver/Src/stm32f0xx_hal_tim.c.obj
                0x080012c0                HAL_TIM_Base_Init
 .text.HAL_TIM_Base_Start_IT
                0x080013a8       0x50 CMakeFiles/Firmware.elf.dir/Drivers/STM32F0xx_HAL_Driver/Src/stm32f0xx_hal_tim.c.obj
                0x080013a8                HAL_TIM_Base_Start_IT
 .text.HAL_TIM_PWM_MspInit
                0x080013f8        0x4 CMakeFiles/Firmware.elf.dir/Drivers/STM32F0xx_HAL_Driver/Src/stm32f0xx_hal_tim.c.obj
                0x080013f8                HAL_TIM_PWM_MspInit
 .text.HAL_TIM_PWM_Init
                0x080013fc       0xe8 CMakeFiles/Firmware.elf.dir/Drivers/STM32F0xx_HAL_Driver/Src/stm32f0xx_hal_tim.c.obj
                0x080013fc                HAL_TIM_PWM_Init
 .text.HAL_TIM_PWM_Start
                0x080014e4       0xbc CMakeFiles/Firmware.elf.dir/Drivers/STM32F0xx_HAL_Driver/Src/stm32f0xx_hal_tim.c.obj
                0x080014e4                HAL_TIM_PWM_Start
 .text.HAL_TIM_IC_MspInit
                0x080015a0        0x4 CMakeFiles/Firmware.elf.dir/Drivers/STM32F0xx_HAL_Driver/Src/stm32f0xx_hal_tim.c.obj
                0x080015a0                HAL_TIM_IC_MspInit
 .text.HAL_TIM_IC_Init
                0x080015a4       0xe8 CMakeFiles/Firmware.elf.dir/Drivers/STM32F0xx_HAL_Driver/Src/stm32f0xx_hal_tim.c.obj
                0x080015a4                HAL_TIM_IC_Init
 .text.HAL_TIM_Encoder_Init
                0x0800168c      0x13c CMakeFiles/Firmware.elf.dir/Drivers/STM32F0xx_HAL_Driver/Src/stm32f0xx_hal_tim.c.obj
                0x0800168c                HAL_TIM_Encoder_Init
 .text.HAL_TIM_Encoder_Start
                0x080017c8       0xb4 CMakeFiles/Firmware.elf.dir/Drivers/STM32F0xx_HAL_Driver/Src/stm32f0xx_hal_tim.c.obj
                0x080017c8                HAL_TIM_Encoder_Start
 .text.HAL_TIM_IC_ConfigChannel
                0x0800187c      0x1b0 CMakeFiles/Firmware.elf.dir/Drivers/STM32F0xx_HAL_Driver/Src/stm32f0xx_hal_tim.c.obj
                0x0800187c                HAL_TIM_IC_ConfigChannel
 .text.HAL_TIM_PWM_ConfigChannel
                0x08001a2c      0x244 CMakeFiles/Firmware.elf.dir/Drivers/STM32F0xx_HAL_Driver/Src/stm32f0xx_hal_tim.c.obj
                0x08001a2c                HAL_TIM_PWM_ConfigChannel
 .text.HAL_TIM_ConfigClockSource
                0x08001c70      0x178 CMakeFiles/Firmware.elf.dir/Drivers/STM32F0xx_HAL_Driver/Src/stm32f0xx_hal_tim.c.obj
                0x08001c70                HAL_TIM_ConfigClockSource
 .text.HAL_TIM_OC_DelayElapsedCallback
                0x08001de8        0x4 CMakeFiles/Firmware.elf.dir/Drivers/STM32F0xx_HAL_Driver/Src/stm32f0xx_hal_tim.c.obj
                0x08001de8                HAL_TIM_OC_DelayElapsedCallback
 .text.HAL_TIM_IC_CaptureCallback
                0x08001dec        0x4 CMakeFiles/Firmware.elf.dir/Drivers/STM32F0xx_HAL_Driver/Src/stm32f0xx_hal_tim.c.obj
                0x08001dec                HAL_TIM_IC_CaptureCallback
 .text.HAL_TIM_PWM_PulseFinishedCallback
                0x08001df0        0x4 CMakeFiles/Firmware.elf.dir/Drivers/STM32F0xx_HAL_Driver/Src/stm32f0xx_hal_tim.c.obj
                0x08001df0                HAL_TIM_PWM_PulseFinishedCallback
 .text.HAL_TIM_TriggerCallback
                0x08001df4        0x4 CMakeFiles/Firmware.elf.dir/Drivers/STM32F0xx_HAL_Driver/Src/stm32f0xx_hal_tim.c.obj
                0x08001df4                HAL_TIM_TriggerCallback
 .text.HAL_TIM_IRQHandler
                0x08001df8      0x148 CMakeFiles/Firmware.elf.dir/Drivers/STM32F0xx_HAL_Driver/Src/stm32f0xx_hal_tim.c.obj
                0x08001df8                HAL_TIM_IRQHandler
 .text.HAL_TIMEx_MasterConfigSynchronization
                0x08001f40       0x54 CMakeFiles/Firmware.elf.dir/Drivers/STM32F0xx_HAL_Driver/Src/stm32f0xx_hal_tim_ex.c.obj
                0x08001f40                HAL_TIMEx_MasterConfigSynchronization
 .text.HAL_TIMEx_ConfigBreakDeadTime
                0x08001f94       0x64 CMakeFiles/Firmware.elf.dir/Drivers/STM32F0xx_HAL_Driver/Src/stm32f0xx_hal_tim_ex.c.obj
                0x08001f94                HAL_TIMEx_ConfigBreakDeadTime
 .text.HAL_TIMEx_CommutCallback
                0x08001ff8        0x4 CMakeFiles/Firmware.elf.dir/Drivers/STM32F0xx_HAL_Driver/Src/stm32f0xx_hal_tim_ex.c.obj
                0x08001ff8                HAL_TIMEx_CommutCallback
 .text.HAL_TIMEx_BreakCallback
                0x08001ffc        0x4 CMakeFiles/Firmware.elf.dir/Drivers/STM32F0xx_HAL_Driver/Src/stm32f0xx_hal_tim_ex.c.obj
                0x08001ffc                HAL_TIMEx_BreakCallback
 .text.UART_AdvFeatureConfig
                0x08002000       0xd0 CMakeFiles/Firmware.elf.dir/Drivers/STM32F0xx_HAL_Driver/Src/stm32f0xx_hal_uart.c.obj
                0x08002000                UART_AdvFeatureConfig
 .text.UART_CheckIdleState
                0x080020d0      0x2a4 CMakeFiles/Firmware.elf.dir/Drivers/STM32F0xx_HAL_Driver/Src/stm32f0xx_hal_uart.c.obj
                0x080020d0                UART_CheckIdleState
 .text.HAL_UART_Init
                0x08002374      0x18c CMakeFiles/Firmware.elf.dir/Drivers/STM32F0xx_HAL_Driver/Src/stm32f0xx_hal_uart.c.obj
                0x08002374                HAL_UART_Init
 .text.MX_GPIO_Init
                0x08002500       0xac CMakeFiles/Firmware.elf.dir/Src/gpio.c.obj
                0x08002500                MX_GPIO_Init
 .text.SystemClock_Config
                0x080025ac       0x80 CMakeFiles/Firmware.elf.dir/Src/main.c.obj
                0x080025ac                SystemClock_Config
 .text.startup.main
                0x0800262c       0x3c CMakeFiles/Firmware.elf.dir/Src/main.c.obj
                0x0800262c                main
 .text.Error_Handler
                0x08002668        0x4 CMakeFiles/Firmware.elf.dir/Src/main.c.obj
                0x08002668                Error_Handler
 .text.HAL_MspInit
                0x0800266c       0x30 CMakeFiles/Firmware.elf.dir/Src/stm32f0xx_hal_msp.c.obj
                0x0800266c                HAL_MspInit
 .text.NMI_Handler
                0x0800269c        0x4 CMakeFiles/Firmware.elf.dir/Src/stm32f0xx_it.c.obj
                0x0800269c                NMI_Handler
 .text.HardFault_Handler
                0x080026a0        0x4 CMakeFiles/Firmware.elf.dir/Src/stm32f0xx_it.c.obj
                0x080026a0                HardFault_Handler
 .text.SVC_Handler
                0x080026a4        0x4 CMakeFiles/Firmware.elf.dir/Src/stm32f0xx_it.c.obj
                0x080026a4                SVC_Handler
 .text.PendSV_Handler
                0x080026a8        0x4 CMakeFiles/Firmware.elf.dir/Src/stm32f0xx_it.c.obj
                0x080026a8                PendSV_Handler
 .text.SysTick_Handler
                0x080026ac        0x8 CMakeFiles/Firmware.elf.dir/Src/stm32f0xx_it.c.obj
                0x080026ac                SysTick_Handler
 .text.TIM1_BRK_UP_TRG_COM_IRQHandler
                0x080026b4       0x10 CMakeFiles/Firmware.elf.dir/Src/stm32f0xx_it.c.obj
                0x080026b4                TIM1_BRK_UP_TRG_COM_IRQHandler
 .text.TIM1_CC_IRQHandler
                0x080026c4       0x10 CMakeFiles/Firmware.elf.dir/Src/stm32f0xx_it.c.obj
                0x080026c4                TIM1_CC_IRQHandler
 .text.TIM17_IRQHandler
                0x080026d4       0x10 CMakeFiles/Firmware.elf.dir/Src/stm32f0xx_it.c.obj
                0x080026d4                TIM17_IRQHandler
 .text.HAL_TIM_PeriodElapsedCallback
                0x080026e4       0x14 CMakeFiles/Firmware.elf.dir/Src/stm32f0xx_it.c.obj
                0x080026e4                HAL_TIM_PeriodElapsedCallback
 .text.SystemInit
                0x080026f8        0x4 CMakeFiles/Firmware.elf.dir/Src/system_stm32f0xx.c.obj
                0x080026f8                SystemInit
 .text.MX_TIM1_Init
                0x080026fc      0x180 CMakeFiles/Firmware.elf.dir/Src/tim.c.obj
                0x080026fc                MX_TIM1_Init
 .text.MX_TIM3_Init
                0x0800287c       0x70 CMakeFiles/Firmware.elf.dir/Src/tim.c.obj
                0x0800287c                MX_TIM3_Init
 .text.MX_TIM17_Init
                0x080028ec       0x38 CMakeFiles/Firmware.elf.dir/Src/tim.c.obj
                0x080028ec                MX_TIM17_Init
 .text.HAL_TIM_Base_MspInit
                0x08002924       0xb4 CMakeFiles/Firmware.elf.dir/Src/tim.c.obj
                0x08002924                HAL_TIM_Base_MspInit
 .text.HAL_TIM_Encoder_MspInit
                0x080029d8       0x60 CMakeFiles/Firmware.elf.dir/Src/tim.c.obj
                0x080029d8                HAL_TIM_Encoder_MspInit
 .text.MX_USART1_UART_Init
                0x08002a38       0x3c CMakeFiles/Firmware.elf.dir/Src/usart.c.obj
                0x08002a38                MX_USART1_UART_Init
 .text.HAL_UART_MspInit
                0x08002a74       0x68 CMakeFiles/Firmware.elf.dir/Src/usart.c.obj
                0x08002a74                HAL_UART_MspInit
 .text.Reset_Handler
                0x08002adc       0x50 CMakeFiles/Firmware.elf.dir/Startup/startup_stm32f030f4px.s.obj
                0x08002adc                Reset_Handler
 .text.Default_Handler
                0x08002b2c        0x2 CMakeFiles/Firmware.elf.dir/Startup/startup_stm32f030f4px.s.obj
                0x08002b2c                I2C1_IRQHandler
                0x08002b2c                SPI1_IRQHandler
                0x08002b2c                EXTI2_3_IRQHandler
                0x08002b2c                ADC1_IRQHandler
                0x08002b2c                RTC_IRQHandler
                0x08002b2c                TIM16_IRQHandler
                0x08002b2c                TIM3_IRQHandler
                0x08002b2c                EXTI4_15_IRQHandler
                0x08002b2c                RCC_IRQHandler
                0x08002b2c                DMA1_Channel1_IRQHandler
                0x08002b2c                Default_Handler
                0x08002b2c                TIM14_IRQHandler
                0x08002b2c                DMA1_Channel4_5_IRQHandler
                0x08002b2c                EXTI0_1_IRQHandler
                0x08002b2c                WWDG_IRQHandler
                0x08002b2c                DMA1_Channel2_3_IRQHandler
                0x08002b2c                FLASH_IRQHandler
                0x08002b2c                USART1_IRQHandler
 *fill*         0x08002b2e        0x2 
 .text.__libc_init_array
                0x08002b30       0x44 e:/toolchains/gcc-arm-none-eabi-10.3-2021.10/bin/../lib/gcc/arm-none-eabi/10.3.1/../../../../arm-none-eabi/lib/thumb/v6-m/nofp\libc.a(lib_a-init.o)
                0x08002b30                __libc_init_array
 .text.memcpy   0x08002b74       0xa4 e:/toolchains/gcc-arm-none-eabi-10.3-2021.10/bin/../lib/gcc/arm-none-eabi/10.3.1/../../../../arm-none-eabi/lib/thumb/v6-m/nofp\libc.a(lib_a-memcpy-stub.o)
                0x08002b74                memcpy
 .text.memset   0x08002c18       0xa8 e:/toolchains/gcc-arm-none-eabi-10.3-2021.10/bin/../lib/gcc/arm-none-eabi/10.3.1/../../../../arm-none-eabi/lib/thumb/v6-m/nofp\libc.a(lib_a-memset.o)
                0x08002c18                memset
 .text.startup.register_fini
                0x08002cc0       0x18 e:/toolchains/gcc-arm-none-eabi-10.3-2021.10/bin/../lib/gcc/arm-none-eabi/10.3.1/../../../../arm-none-eabi/lib/thumb/v6-m/nofp\libc.a(lib_a-__call_atexit.o)
 .text.atexit   0x08002cd8       0x10 e:/toolchains/gcc-arm-none-eabi-10.3-2021.10/bin/../lib/gcc/arm-none-eabi/10.3.1/../../../../arm-none-eabi/lib/thumb/v6-m/nofp\libc.a(lib_a-atexit.o)
                0x08002cd8                atexit
 .text.__libc_fini_array
                0x08002ce8       0x28 e:/toolchains/gcc-arm-none-eabi-10.3-2021.10/bin/../lib/gcc/arm-none-eabi/10.3.1/../../../../arm-none-eabi/lib/thumb/v6-m/nofp\libc.a(lib_a-fini.o)
                0x08002ce8                __libc_fini_array
 .text.__retarget_lock_acquire_recursive
                0x08002d10        0x4 e:/toolchains/gcc-arm-none-eabi-10.3-2021.10/bin/../lib/gcc/arm-none-eabi/10.3.1/../../../../arm-none-eabi/lib/thumb/v6-m/nofp\libc.a(lib_a-lock.o)
                0x08002d10                __retarget_lock_acquire_recursive
 .text.__retarget_lock_release_recursive
                0x08002d14        0x4 e:/toolchains/gcc-arm-none-eabi-10.3-2021.10/bin/../lib/gcc/arm-none-eabi/10.3.1/../../../../arm-none-eabi/lib/thumb/v6-m/nofp\libc.a(lib_a-lock.o)
                0x08002d14                __retarget_lock_release_recursive
 .text.__register_exitproc
                0x08002d18       0xac e:/toolchains/gcc-arm-none-eabi-10.3-2021.10/bin/../lib/gcc/arm-none-eabi/10.3.1/../../../../arm-none-eabi/lib/thumb/v6-m/nofp\libc.a(lib_a-__atexit.o)
                0x08002d18                __register_exitproc
 *(.glue_7)
 .glue_7        0x08002dc4        0x0 linker stubs
 *(.glue_7t)
 .glue_7t       0x08002dc4        0x0 linker stubs
 *(.eh_frame)
 .eh_frame      0x08002dc4        0x0 e:/toolchains/gcc-arm-none-eabi-10.3-2021.10/bin/../lib/gcc/arm-none-eabi/10.3.1/thumb/v6-m/nofp/crtbegin.o
 *(.init)
 .init          0x08002dc4        0x4 e:/toolchains/gcc-arm-none-eabi-10.3-2021.10/bin/../lib/gcc/arm-none-eabi/10.3.1/thumb/v6-m/nofp/crti.o
                0x08002dc4                _init
 .init          0x08002dc8        0x8 e:/toolchains/gcc-arm-none-eabi-10.3-2021.10/bin/../lib/gcc/arm-none-eabi/10.3.1/thumb/v6-m/nofp/crtn.o
 *(.fini)
 .fini          0x08002dd0        0x4 e:/toolchains/gcc-arm-none-eabi-10.3-2021.10/bin/../lib/gcc/arm-none-eabi/10.3.1/thumb/v6-m/nofp/crti.o
                0x08002dd0                _fini
 .fini          0x08002dd4        0x8 e:/toolchains/gcc-arm-none-eabi-10.3-2021.10/bin/../lib/gcc/arm-none-eabi/10.3.1/thumb/v6-m/nofp/crtn.o
                0x08002ddc                . = ALIGN (0x4)
                0x08002ddc                _etext = .

.vfp11_veneer   0x08002ddc        0x0
 .vfp11_veneer  0x08002ddc        0x0 linker stubs

.v4_bx          0x08002ddc        0x0
 .v4_bx         0x08002ddc        0x0 linker stubs

.iplt           0x08002ddc        0x0
 .iplt          0x08002ddc        0x0 e:/toolchains/gcc-arm-none-eabi-10.3-2021.10/bin/../lib/gcc/arm-none-eabi/10.3.1/thumb/v6-m/nofp/crtbegin.o

.rodata         0x08002ddc       0xc0
                0x08002ddc                . = ALIGN (0x4)
 *(.rodata)
 .rodata        0x08002ddc       0x80 e:/toolchains/gcc-arm-none-eabi-10.3-2021.10/bin/../lib/gcc/arm-none-eabi/10.3.1/thumb/v6-m/nofp\libgcc.a(divsf3.o)
 *(.rodata*)
 .rodata.aPLLMULFactorTable.1
                0x08002e5c       0x10 CMakeFiles/Firmware.elf.dir/Drivers/STM32F0xx_HAL_Driver/Src/stm32f0xx_hal_rcc.c.obj
 .rodata.aPredivFactorTable.0
                0x08002e6c       0x10 CMakeFiles/Firmware.elf.dir/Drivers/STM32F0xx_HAL_Driver/Src/stm32f0xx_hal_rcc.c.obj
 .rodata.CSWTCH.58
                0x08002e7c        0x3 CMakeFiles/Firmware.elf.dir/Drivers/STM32F0xx_HAL_Driver/Src/stm32f0xx_hal_uart.c.obj
 *fill*         0x08002e7f        0x1 
 .rodata.AHBPrescTable
                0x08002e80       0x10 CMakeFiles/Firmware.elf.dir/Src/system_stm32f0xx.c.obj
                0x08002e80                AHBPrescTable
 .rodata.APBPrescTable
                0x08002e90        0x8 CMakeFiles/Firmware.elf.dir/Src/system_stm32f0xx.c.obj
                0x08002e90                APBPrescTable
 .rodata._global_impure_ptr
                0x08002e98        0x4 e:/toolchains/gcc-arm-none-eabi-10.3-2021.10/bin/../lib/gcc/arm-none-eabi/10.3.1/../../../../arm-none-eabi/lib/thumb/v6-m/nofp\libc.a(lib_a-impure.o)
                0x08002e98                _global_impure_ptr
                0x08002e9c                . = ALIGN (0x4)

.rel.dyn        0x08002e9c        0x0
 .rel.iplt      0x08002e9c        0x0 e:/toolchains/gcc-arm-none-eabi-10.3-2021.10/bin/../lib/gcc/arm-none-eabi/10.3.1/thumb/v6-m/nofp/crtbegin.o

.ARM.extab      0x08002e9c        0x0
                0x08002e9c                . = ALIGN (0x4)
 *(.ARM.extab* .gnu.linkonce.armextab.*)
                0x08002e9c                . = ALIGN (0x4)

.ARM            0x08002e9c        0x0
                0x08002e9c                . = ALIGN (0x4)
                0x08002e9c                __exidx_start = .
 *(.ARM.exidx*)
                0x08002e9c                __exidx_end = .
                0x08002e9c                . = ALIGN (0x4)

.preinit_array  0x08002e9c        0x0
                0x08002e9c                . = ALIGN (0x4)
                0x08002e9c                PROVIDE (__preinit_array_start = .)
 *(.preinit_array*)
                0x08002e9c                PROVIDE (__preinit_array_end = .)
                0x08002e9c                . = ALIGN (0x4)

.init_array     0x08002e9c        0x8
                0x08002e9c                . = ALIGN (0x4)
                0x08002e9c                PROVIDE (__init_array_start = .)
 *(SORT_BY_NAME(.init_array.*))
 .init_array.00000
                0x08002e9c        0x4 e:/toolchains/gcc-arm-none-eabi-10.3-2021.10/bin/../lib/gcc/arm-none-eabi/10.3.1/../../../../arm-none-eabi/lib/thumb/v6-m/nofp\libc.a(lib_a-__call_atexit.o)
 *(.init_array*)
 .init_array    0x08002ea0        0x4 e:/toolchains/gcc-arm-none-eabi-10.3-2021.10/bin/../lib/gcc/arm-none-eabi/10.3.1/thumb/v6-m/nofp/crtbegin.o
                0x08002ea4                PROVIDE (__init_array_end = .)
                0x08002ea4                . = ALIGN (0x4)

.fini_array     0x08002ea4        0x4
                0x08002ea4                . = ALIGN (0x4)
                0x08002ea4                PROVIDE (__fini_array_start = .)
 *(SORT_BY_NAME(.fini_array.*))
 *(.fini_array*)
 .fini_array    0x08002ea4        0x4 e:/toolchains/gcc-arm-none-eabi-10.3-2021.10/bin/../lib/gcc/arm-none-eabi/10.3.1/thumb/v6-m/nofp/crtbegin.o
                0x08002ea8                PROVIDE (__fini_array_end = .)
                0x08002ea8                . = ALIGN (0x4)
                0x08002ea8                _sidata = LOADADDR (.data)

.data           0x20000000      0x43c load address 0x08002ea8
                0x20000000                . = ALIGN (0x4)
                0x20000000                _sdata = .
 *(.data)
 *(.data*)
 .data.uwTickFreq
                0x20000000        0x1 CMakeFiles/Firmware.elf.dir/Drivers/STM32F0xx_HAL_Driver/Src/stm32f0xx_hal.c.obj
                0x20000000                uwTickFreq
 *fill*         0x20000001        0x3 
 .data.uwTickPrio
                0x20000004        0x4 CMakeFiles/Firmware.elf.dir/Drivers/STM32F0xx_HAL_Driver/Src/stm32f0xx_hal.c.obj
                0x20000004                uwTickPrio
 .data.SystemCoreClock
                0x20000008        0x4 CMakeFiles/Firmware.elf.dir/Src/system_stm32f0xx.c.obj
                0x20000008                SystemCoreClock
 *fill*         0x2000000c        0x4 
 .data.impure_data
                0x20000010      0x428 e:/toolchains/gcc-arm-none-eabi-10.3-2021.10/bin/../lib/gcc/arm-none-eabi/10.3.1/../../../../arm-none-eabi/lib/thumb/v6-m/nofp\libc.a(lib_a-impure.o)
 .data.__atexit_recursive_mutex
                0x20000438        0x4 e:/toolchains/gcc-arm-none-eabi-10.3-2021.10/bin/../lib/gcc/arm-none-eabi/10.3.1/../../../../arm-none-eabi/lib/thumb/v6-m/nofp\libc.a(lib_a-__call_atexit.o)
                0x20000438                __atexit_recursive_mutex
 *(.RamFunc)
 *(.RamFunc*)
                0x2000043c                . = ALIGN (0x4)
                0x2000043c                _edata = .

.igot.plt       0x2000043c        0x0 load address 0x080032e4
 .igot.plt      0x2000043c        0x0 e:/toolchains/gcc-arm-none-eabi-10.3-2021.10/bin/../lib/gcc/arm-none-eabi/10.3.1/thumb/v6-m/nofp/crtbegin.o
                0x2000043c                . = ALIGN (0x4)

.bss            0x2000043c      0x280 load address 0x080032e4
                0x2000043c                _sbss = .
                0x2000043c                __bss_start__ = _sbss
 *(.bss)
 .bss           0x2000043c       0x1c e:/toolchains/gcc-arm-none-eabi-10.3-2021.10/bin/../lib/gcc/arm-none-eabi/10.3.1/thumb/v6-m/nofp/crtbegin.o
 *(.bss*)
 .bss.position_pid
                0x20000458       0x24 CMakeFiles/Firmware.elf.dir/APP/PID.c.obj
                0x20000458                position_pid
 .bss.speed_pid
                0x2000047c       0x24 CMakeFiles/Firmware.elf.dir/APP/PID.c.obj
                0x2000047c                speed_pid
 .bss.n20_counter
                0x200004a0       0x14 CMakeFiles/Firmware.elf.dir/BSP/Encoder.c.obj
                0x200004a0                n20_counter
 .bss.n20_encoder
                0x200004b4       0x4c CMakeFiles/Firmware.elf.dir/BSP/Encoder.c.obj
                0x200004b4                n20_encoder
 .bss.n20_motor
                0x20000500       0x54 CMakeFiles/Firmware.elf.dir/BSP/Motor.c.obj
                0x20000500                n20_motor
 .bss.uwTick    0x20000554        0x4 CMakeFiles/Firmware.elf.dir/Drivers/STM32F0xx_HAL_Driver/Src/stm32f0xx_hal.c.obj
                0x20000554                uwTick
 .bss.htim1     0x20000558       0x48 CMakeFiles/Firmware.elf.dir/Src/tim.c.obj
                0x20000558                htim1
 .bss.htim17    0x200005a0       0x48 CMakeFiles/Firmware.elf.dir/Src/tim.c.obj
                0x200005a0                htim17
 .bss.htim3     0x200005e8       0x48 CMakeFiles/Firmware.elf.dir/Src/tim.c.obj
                0x200005e8                htim3
 .bss.huart1    0x20000630       0x88 CMakeFiles/Firmware.elf.dir/Src/usart.c.obj
                0x20000630                huart1
 .bss.__lock___atexit_recursive_mutex
                0x200006b8        0x1 e:/toolchains/gcc-arm-none-eabi-10.3-2021.10/bin/../lib/gcc/arm-none-eabi/10.3.1/../../../../arm-none-eabi/lib/thumb/v6-m/nofp\libc.a(lib_a-lock.o)
                0x200006b8                __lock___atexit_recursive_mutex
 *(COMMON)
                0x200006bc                . = ALIGN (0x4)
 *fill*         0x200006b9        0x3 
                0x200006bc                _ebss = .
                0x200006bc                __bss_end__ = _ebss

._user_heap_stack
                0x200006bc      0x604 load address 0x080032e4
                0x200006c0                . = ALIGN (0x8)
 *fill*         0x200006bc        0x4 
                [!provide]                PROVIDE (end = .)
                0x200006c0                PROVIDE (_end = .)
                0x200008c0                . = (. + _Min_Heap_Size)
 *fill*         0x200006c0      0x200 
                0x20000cc0                . = (. + _Min_Stack_Size)
 *fill*         0x200008c0      0x400 
                0x20000cc0                . = ALIGN (0x8)

/DISCARD/
 libc.a(*)
 libm.a(*)
 libgcc.a(*)

.ARM.attributes
                0x00000000       0x28
 *(.ARM.attributes)
 .ARM.attributes
                0x00000000       0x1e e:/toolchains/gcc-arm-none-eabi-10.3-2021.10/bin/../lib/gcc/arm-none-eabi/10.3.1/thumb/v6-m/nofp/crti.o
 .ARM.attributes
                0x0000001e       0x2c e:/toolchains/gcc-arm-none-eabi-10.3-2021.10/bin/../lib/gcc/arm-none-eabi/10.3.1/thumb/v6-m/nofp/crtbegin.o
 .ARM.attributes
                0x0000004a       0x28 CMakeFiles/Firmware.elf.dir/APP/PID.c.obj
 .ARM.attributes
                0x00000072       0x28 CMakeFiles/Firmware.elf.dir/BSP/Encoder.c.obj
 .ARM.attributes
                0x0000009a       0x28 CMakeFiles/Firmware.elf.dir/BSP/Motor.c.obj
 .ARM.attributes
                0x000000c2       0x28 CMakeFiles/Firmware.elf.dir/Drivers/STM32F0xx_HAL_Driver/Src/stm32f0xx_hal.c.obj
 .ARM.attributes
                0x000000ea       0x28 CMakeFiles/Firmware.elf.dir/Drivers/STM32F0xx_HAL_Driver/Src/stm32f0xx_hal_cortex.c.obj
 .ARM.attributes
                0x00000112       0x28 CMakeFiles/Firmware.elf.dir/Drivers/STM32F0xx_HAL_Driver/Src/stm32f0xx_hal_gpio.c.obj
 .ARM.attributes
                0x0000013a       0x28 CMakeFiles/Firmware.elf.dir/Drivers/STM32F0xx_HAL_Driver/Src/stm32f0xx_hal_rcc.c.obj
 .ARM.attributes
                0x00000162       0x28 CMakeFiles/Firmware.elf.dir/Drivers/STM32F0xx_HAL_Driver/Src/stm32f0xx_hal_rcc_ex.c.obj
 .ARM.attributes
                0x0000018a       0x28 CMakeFiles/Firmware.elf.dir/Drivers/STM32F0xx_HAL_Driver/Src/stm32f0xx_hal_tim.c.obj
 .ARM.attributes
                0x000001b2       0x28 CMakeFiles/Firmware.elf.dir/Drivers/STM32F0xx_HAL_Driver/Src/stm32f0xx_hal_tim_ex.c.obj
 .ARM.attributes
                0x000001da       0x28 CMakeFiles/Firmware.elf.dir/Drivers/STM32F0xx_HAL_Driver/Src/stm32f0xx_hal_uart.c.obj
 .ARM.attributes
                0x00000202       0x28 CMakeFiles/Firmware.elf.dir/Src/gpio.c.obj
 .ARM.attributes
                0x0000022a       0x28 CMakeFiles/Firmware.elf.dir/Src/main.c.obj
 .ARM.attributes
                0x00000252       0x28 CMakeFiles/Firmware.elf.dir/Src/stm32f0xx_hal_msp.c.obj
 .ARM.attributes
                0x0000027a       0x28 CMakeFiles/Firmware.elf.dir/Src/stm32f0xx_it.c.obj
 .ARM.attributes
                0x000002a2       0x28 CMakeFiles/Firmware.elf.dir/Src/system_stm32f0xx.c.obj
 .ARM.attributes
                0x000002ca       0x28 CMakeFiles/Firmware.elf.dir/Src/tim.c.obj
 .ARM.attributes
                0x000002f2       0x28 CMakeFiles/Firmware.elf.dir/Src/usart.c.obj
 .ARM.attributes
                0x0000031a       0x21 CMakeFiles/Firmware.elf.dir/Startup/startup_stm32f030f4px.s.obj
 .ARM.attributes
                0x0000033b       0x1e e:/toolchains/gcc-arm-none-eabi-10.3-2021.10/bin/../lib/gcc/arm-none-eabi/10.3.1/thumb/v6-m/nofp\libgcc.a(_udivsi3.o)
 .ARM.attributes
                0x00000359       0x1e e:/toolchains/gcc-arm-none-eabi-10.3-2021.10/bin/../lib/gcc/arm-none-eabi/10.3.1/thumb/v6-m/nofp\libgcc.a(_dvmd_tls.o)
 .ARM.attributes
                0x00000377       0x2c e:/toolchains/gcc-arm-none-eabi-10.3-2021.10/bin/../lib/gcc/arm-none-eabi/10.3.1/thumb/v6-m/nofp\libgcc.a(divsf3.o)
 .ARM.attributes
                0x000003a3       0x2c e:/toolchains/gcc-arm-none-eabi-10.3-2021.10/bin/../lib/gcc/arm-none-eabi/10.3.1/thumb/v6-m/nofp\libgcc.a(floatsisf.o)
 .ARM.attributes
                0x000003cf       0x2c e:/toolchains/gcc-arm-none-eabi-10.3-2021.10/bin/../lib/gcc/arm-none-eabi/10.3.1/thumb/v6-m/nofp\libgcc.a(floatunsisf.o)
 .ARM.attributes
                0x000003fb       0x1e e:/toolchains/gcc-arm-none-eabi-10.3-2021.10/bin/../lib/gcc/arm-none-eabi/10.3.1/thumb/v6-m/nofp\libgcc.a(_clzsi2.o)
 .ARM.attributes
                0x00000419       0x2c e:/toolchains/gcc-arm-none-eabi-10.3-2021.10/bin/../lib/gcc/arm-none-eabi/10.3.1/../../../../arm-none-eabi/lib/thumb/v6-m/nofp\libc.a(lib_a-impure.o)
 .ARM.attributes
                0x00000445       0x2c e:/toolchains/gcc-arm-none-eabi-10.3-2021.10/bin/../lib/gcc/arm-none-eabi/10.3.1/../../../../arm-none-eabi/lib/thumb/v6-m/nofp\libc.a(lib_a-init.o)
 .ARM.attributes
                0x00000471       0x2c e:/toolchains/gcc-arm-none-eabi-10.3-2021.10/bin/../lib/gcc/arm-none-eabi/10.3.1/../../../../arm-none-eabi/lib/thumb/v6-m/nofp\libc.a(lib_a-memcpy-stub.o)
 .ARM.attributes
                0x0000049d       0x2c e:/toolchains/gcc-arm-none-eabi-10.3-2021.10/bin/../lib/gcc/arm-none-eabi/10.3.1/../../../../arm-none-eabi/lib/thumb/v6-m/nofp\libc.a(lib_a-memset.o)
 .ARM.attributes
                0x000004c9       0x2c e:/toolchains/gcc-arm-none-eabi-10.3-2021.10/bin/../lib/gcc/arm-none-eabi/10.3.1/../../../../arm-none-eabi/lib/thumb/v6-m/nofp\libc.a(lib_a-__call_atexit.o)
 .ARM.attributes
                0x000004f5       0x2c e:/toolchains/gcc-arm-none-eabi-10.3-2021.10/bin/../lib/gcc/arm-none-eabi/10.3.1/../../../../arm-none-eabi/lib/thumb/v6-m/nofp\libc.a(lib_a-atexit.o)
 .ARM.attributes
                0x00000521       0x2c e:/toolchains/gcc-arm-none-eabi-10.3-2021.10/bin/../lib/gcc/arm-none-eabi/10.3.1/../../../../arm-none-eabi/lib/thumb/v6-m/nofp\libc.a(lib_a-fini.o)
 .ARM.attributes
                0x0000054d       0x2c e:/toolchains/gcc-arm-none-eabi-10.3-2021.10/bin/../lib/gcc/arm-none-eabi/10.3.1/../../../../arm-none-eabi/lib/thumb/v6-m/nofp\libc.a(lib_a-lock.o)
 .ARM.attributes
                0x00000579       0x2c e:/toolchains/gcc-arm-none-eabi-10.3-2021.10/bin/../lib/gcc/arm-none-eabi/10.3.1/../../../../arm-none-eabi/lib/thumb/v6-m/nofp\libc.a(lib_a-__atexit.o)
 .ARM.attributes
                0x000005a5       0x1e e:/toolchains/gcc-arm-none-eabi-10.3-2021.10/bin/../lib/gcc/arm-none-eabi/10.3.1/thumb/v6-m/nofp/crtn.o
OUTPUT(Firmware.elf elf32-littlearm)
LOAD linker stubs
LOAD e:/toolchains/gcc-arm-none-eabi-10.3-2021.10/bin/../lib/gcc/arm-none-eabi/10.3.1/../../../../arm-none-eabi/lib/thumb/v6-m/nofp\libc.a
LOAD e:/toolchains/gcc-arm-none-eabi-10.3-2021.10/bin/../lib/gcc/arm-none-eabi/10.3.1/../../../../arm-none-eabi/lib/thumb/v6-m/nofp\libm.a
LOAD e:/toolchains/gcc-arm-none-eabi-10.3-2021.10/bin/../lib/gcc/arm-none-eabi/10.3.1/thumb/v6-m/nofp\libgcc.a

.comment        0x00000000       0x49
 .comment       0x00000000       0x49 CMakeFiles/Firmware.elf.dir/APP/PID.c.obj
                                 0x4a (size before relaxing)
 .comment       0x00000049       0x4a CMakeFiles/Firmware.elf.dir/BSP/Encoder.c.obj
 .comment       0x00000049       0x4a CMakeFiles/Firmware.elf.dir/BSP/Motor.c.obj
 .comment       0x00000049       0x4a CMakeFiles/Firmware.elf.dir/Drivers/STM32F0xx_HAL_Driver/Src/stm32f0xx_hal.c.obj
 .comment       0x00000049       0x4a CMakeFiles/Firmware.elf.dir/Drivers/STM32F0xx_HAL_Driver/Src/stm32f0xx_hal_cortex.c.obj
 .comment       0x00000049       0x4a CMakeFiles/Firmware.elf.dir/Drivers/STM32F0xx_HAL_Driver/Src/stm32f0xx_hal_gpio.c.obj
 .comment       0x00000049       0x4a CMakeFiles/Firmware.elf.dir/Drivers/STM32F0xx_HAL_Driver/Src/stm32f0xx_hal_rcc.c.obj
 .comment       0x00000049       0x4a CMakeFiles/Firmware.elf.dir/Drivers/STM32F0xx_HAL_Driver/Src/stm32f0xx_hal_rcc_ex.c.obj
 .comment       0x00000049       0x4a CMakeFiles/Firmware.elf.dir/Drivers/STM32F0xx_HAL_Driver/Src/stm32f0xx_hal_tim.c.obj
 .comment       0x00000049       0x4a CMakeFiles/Firmware.elf.dir/Drivers/STM32F0xx_HAL_Driver/Src/stm32f0xx_hal_tim_ex.c.obj
 .comment       0x00000049       0x4a CMakeFiles/Firmware.elf.dir/Drivers/STM32F0xx_HAL_Driver/Src/stm32f0xx_hal_uart.c.obj
 .comment       0x00000049       0x4a CMakeFiles/Firmware.elf.dir/Src/gpio.c.obj
 .comment       0x00000049       0x4a CMakeFiles/Firmware.elf.dir/Src/main.c.obj
 .comment       0x00000049       0x4a CMakeFiles/Firmware.elf.dir/Src/stm32f0xx_hal_msp.c.obj
 .comment       0x00000049       0x4a CMakeFiles/Firmware.elf.dir/Src/stm32f0xx_it.c.obj
 .comment       0x00000049       0x4a CMakeFiles/Firmware.elf.dir/Src/system_stm32f0xx.c.obj
 .comment       0x00000049       0x4a CMakeFiles/Firmware.elf.dir/Src/tim.c.obj
 .comment       0x00000049       0x4a CMakeFiles/Firmware.elf.dir/Src/usart.c.obj

.debug_frame    0x00000000      0x2d8
 .debug_frame   0x00000000       0x20 e:/toolchains/gcc-arm-none-eabi-10.3-2021.10/bin/../lib/gcc/arm-none-eabi/10.3.1/thumb/v6-m/nofp\libgcc.a(_udivsi3.o)
 .debug_frame   0x00000020       0x38 e:/toolchains/gcc-arm-none-eabi-10.3-2021.10/bin/../lib/gcc/arm-none-eabi/10.3.1/thumb/v6-m/nofp\libgcc.a(divsf3.o)
 .debug_frame   0x00000058       0x30 e:/toolchains/gcc-arm-none-eabi-10.3-2021.10/bin/../lib/gcc/arm-none-eabi/10.3.1/thumb/v6-m/nofp\libgcc.a(floatsisf.o)
 .debug_frame   0x00000088       0x2c e:/toolchains/gcc-arm-none-eabi-10.3-2021.10/bin/../lib/gcc/arm-none-eabi/10.3.1/thumb/v6-m/nofp\libgcc.a(floatunsisf.o)
 .debug_frame   0x000000b4       0x2c e:/toolchains/gcc-arm-none-eabi-10.3-2021.10/bin/../lib/gcc/arm-none-eabi/10.3.1/../../../../arm-none-eabi/lib/thumb/v6-m/nofp\libc.a(lib_a-init.o)
 .debug_frame   0x000000e0       0x34 e:/toolchains/gcc-arm-none-eabi-10.3-2021.10/bin/../lib/gcc/arm-none-eabi/10.3.1/../../../../arm-none-eabi/lib/thumb/v6-m/nofp\libc.a(lib_a-memcpy-stub.o)
 .debug_frame   0x00000114       0x30 e:/toolchains/gcc-arm-none-eabi-10.3-2021.10/bin/../lib/gcc/arm-none-eabi/10.3.1/../../../../arm-none-eabi/lib/thumb/v6-m/nofp\libc.a(lib_a-memset.o)
 .debug_frame   0x00000144       0x54 e:/toolchains/gcc-arm-none-eabi-10.3-2021.10/bin/../lib/gcc/arm-none-eabi/10.3.1/../../../../arm-none-eabi/lib/thumb/v6-m/nofp\libc.a(lib_a-__call_atexit.o)
 .debug_frame   0x00000198       0x28 e:/toolchains/gcc-arm-none-eabi-10.3-2021.10/bin/../lib/gcc/arm-none-eabi/10.3.1/../../../../arm-none-eabi/lib/thumb/v6-m/nofp\libc.a(lib_a-atexit.o)
 .debug_frame   0x000001c0       0x2c e:/toolchains/gcc-arm-none-eabi-10.3-2021.10/bin/../lib/gcc/arm-none-eabi/10.3.1/../../../../arm-none-eabi/lib/thumb/v6-m/nofp\libc.a(lib_a-fini.o)
 .debug_frame   0x000001ec       0xb0 e:/toolchains/gcc-arm-none-eabi-10.3-2021.10/bin/../lib/gcc/arm-none-eabi/10.3.1/../../../../arm-none-eabi/lib/thumb/v6-m/nofp\libc.a(lib_a-lock.o)
 .debug_frame   0x0000029c       0x3c e:/toolchains/gcc-arm-none-eabi-10.3-2021.10/bin/../lib/gcc/arm-none-eabi/10.3.1/../../../../arm-none-eabi/lib/thumb/v6-m/nofp\libc.a(lib_a-__atexit.o)
